func main()
s1_stack = s1
s2_stack = s2
t0 = 12
s1 = t0
t0 = s1
print(t0)
t0 = 0
s2 = t0
v1_1 = s2
      return v1_1


