func main()
s3_stack = s3
s4_stack = s4
s1_stack = s1
s2_stack = s2
t0 = 12
s1 = t0
t0 = 21
s2 = t0
t0 = s1
t1 = s2
t0 = t0 + t1
s3 = t0
t0 = s3
print(t0)
t0 = 0
s4 = t0
v3_1 = s4
      return v3_1


