func main()
s3_stack = s3
s4_stack = s4
s5_stack = s5
s1_stack = s1
s2_stack = s2
t0 = 4
s1 = t0
t0 = 4
s2 = t0
t0 = s1
t0 = alloc(t0)
t2 = t0
t0 = s2
t0 = alloc(t0)
s3 = t0
t0 = @A_run
s4 = t0
t1 = s3
t0 = s4
[t1 + 0] = t0
t1 = t2
t0 = s3
[t1 + 0] = t0
t0 = t2
if0 t0 goto lbl_NullPtr_5
goto lbl_GoodPtr_6
lbl_NullPtr_5:
error("null pointer")
lbl_GoodPtr_6:
t0 = t2
if0 t0 goto lbl_NullPtr_9
t0 = t2
t0 = [t0 + 0]
t3 = t0
t0 = t3
t0 = [t0 + 0]
t3 = t0
a2_stack = a2
t0 = t2
a2 = t0
t0 = t3
t0 = call t0()
a2 = a2_stack
t4 = t0
goto lbl_GoodPtr_10
lbl_NullPtr_9:
error("null pointer")
lbl_GoodPtr_10:
t0 = t4
print(t0)
t0 = 0
s5 = t0
v11_1 = s5
      return v11_1

func A_run()
s3_stack = s3
s4_stack = s4
s11_stack = s11
s5_stack = s5
s10_stack = s10
s6_stack = s6
s7_stack = s7
s8_stack = s8
s9_stack = s9
s1_stack = s1
s2_stack = s2
t0 = 20
s6 = t0
t0 = 1
s7 = t0
t0 = 4
s8 = t0
t0 = s6
t1 = s7
t0 = t0 + t1
s9 = t0
t0 = s9
t1 = s8
t0 = t0 * t1
s9 = t0
t0 = s9
t0 = alloc(t0)
s10 = t0
t0 = s10
if0 t0 goto lbl_NullPtr_17
goto lbl_GoodPtr_18
lbl_NullPtr_17:
error("null pointer")
lbl_GoodPtr_18:
t1 = s10
t0 = s6
[t1 + 0] = t0
t0 = s10
s11 = t0
t0 = 10
s1 = t0
t0 = 4
s2 = t0
t0 = 5
s4 = t0
t0 = s2
t1 = s4
t0 = t0 - t1
s3 = t0
t0 = s11
t0 = [t0 + 0]
s5 = t0
t0 = s3
t1 = s1
t0 = t0 < t1
s7 = t0
t0 = s1
t1 = s5
t0 = t0 < t1
s8 = t0
t0 = s7
t1 = s8
t0 = t0 * t1
s9 = t0
t0 = s9
if0 t0 goto lbl_OutOfBounds_27
goto lbl_Inbound_28
lbl_OutOfBounds_27:
error("array index out of bounds")
lbl_Inbound_28:
t0 = s2
t1 = s1
t0 = t0 * t1
s6 = t0
t0 = s6
t1 = s2
t0 = t0 + t1
s6 = t0
t0 = s11
t1 = s6
t0 = t0 + t1
s6 = t0
t0 = s6
t0 = [t0 + 0]
s10 = t0
t0 = s10
print(t0)
t0 = 40
s4 = t0
t0 = 4
s3 = t0
t0 = 5
s5 = t0
t0 = s3
t1 = s5
t0 = t0 - t1
s7 = t0
t0 = s11
t0 = [t0 + 0]
s8 = t0
t0 = s7
t1 = s4
t0 = t0 < t1
s9 = t0
t0 = s4
t1 = s8
t0 = t0 < t1
s1 = t0
t0 = s9
t1 = s1
t0 = t0 * t1
s2 = t0
t0 = s2
if0 t0 goto lbl_OutOfBounds_39
goto lbl_Inbound_40
lbl_OutOfBounds_39:
error("array index out of bounds")
lbl_Inbound_40:
t0 = s3
t1 = s4
t0 = t0 * t1
s6 = t0
t0 = s6
t1 = s3
t0 = t0 + t1
s6 = t0
t0 = s11
t1 = s6
t0 = t0 + t1
s6 = t0
t0 = s6
t0 = [t0 + 0]
s10 = t0
v42_2 = s10
s3 = s3_stack
s4 = s4_stack
s11 = s11_stack
s5 = s5_stack
s10 = s10_stack
s6 = s6_stack
s7 = s7_stack
s8 = s8_stack
s9 = s9_stack
s1 = s1_stack
s2 = s2_stack
      return v42_2


