16
100000000
8
16
4
8
12
14
16
20
24
28
1
1
1
0
1
--- Error (Explicit) ---
null pointer
