func main()
t0 = 12
s1 = t0
t0 = 16
s2 = t0
t0 = s1
t0 = alloc(t0)
s3 = t0
t0 = s2
t0 = alloc(t0)
s4 = t0
t0 = @BBS_Print
s5 = t0
t1 = s4
t0 = s5
[t1 + 0] = t0
t0 = @BBS_Init
s6 = t0
t1 = s4
t0 = s6
[t1 + 4] = t0
t0 = @BBS_Start
s7 = t0
t1 = s4
t0 = s7
[t1 + 8] = t0
t0 = @BBS_Sort
s8 = t0
t1 = s4
t0 = s8
[t1 + 12] = t0
t1 = s3
t0 = s4
[t1 + 0] = t0
t0 = s3
if0 t0 goto lbl_NullPtr_8
goto lbl_GoodPtr_9
lbl_NullPtr_8:
error("null pointer")
lbl_GoodPtr_9:
t0 = s3
if0 t0 goto lbl_NullPtr_12
t0 = s3
t0 = [t0 + 0]
s9 = t0
t0 = s9
t0 = [t0 + 8]
s9 = t0
t0 = 10
s10 = t0
a2 = s3
a3 = s10
t0 = s9
t0 = call t0()
s11 = t0
goto lbl_GoodPtr_13
lbl_NullPtr_12:
error("null pointer")
lbl_GoodPtr_13:
t0 = s11
print(t0)
t0 = 0
s1 = t0
v15_1 = s1
      return v15_1

func BBS_Start()
s3_stack = s3
s4_stack = s4
s11_stack = s11
s5_stack = s5
s10_stack = s10
s6_stack = s6
s7_stack = s7
s8_stack = s8
s9_stack = s9
s1_stack = s1
s2_stack = s2
t0 = a2
if0 t0 goto lbl_NullPtr_18
t0 = a2
t0 = [t0 + 0]
s2 = t0
t0 = s2
t0 = [t0 + 4]
s2 = t0
a2_stack = a2
t0 = a2
a2 = t0
t0 = a3
a3 = t0
t0 = s2
t0 = call t0()
a2 = a2_stack
s5 = t0
goto lbl_GoodPtr_19
lbl_NullPtr_18:
error("null pointer")
lbl_GoodPtr_19:
t0 = s5
s6 = t0
t0 = a2
if0 t0 goto lbl_NullPtr_22
t0 = a2
t0 = [t0 + 0]
s7 = t0
t0 = s7
t0 = [t0 + 0]
s7 = t0
a2_stack = a2
t0 = a2
a2 = t0
t0 = s7
t0 = call t0()
a2 = a2_stack
s8 = t0
goto lbl_GoodPtr_23
lbl_NullPtr_22:
error("null pointer")
lbl_GoodPtr_23:
t0 = s8
s6 = t0
t0 = 99999
s4 = t0
t0 = s4
print(t0)
t0 = a2
if0 t0 goto lbl_NullPtr_27
t0 = a2
t0 = [t0 + 0]
s3 = t0
t0 = s3
t0 = [t0 + 12]
s3 = t0
a2_stack = a2
t0 = a2
a2 = t0
t0 = s3
t0 = call t0()
a2 = a2_stack
s9 = t0
goto lbl_GoodPtr_28
lbl_NullPtr_27:
error("null pointer")
lbl_GoodPtr_28:
t0 = s9
s6 = t0
t0 = a2
if0 t0 goto lbl_NullPtr_31
t0 = a2
t0 = [t0 + 0]
s10 = t0
t0 = s10
t0 = [t0 + 0]
s10 = t0
a2_stack = a2
t0 = a2
a2 = t0
t0 = s10
t0 = call t0()
a2 = a2_stack
s11 = t0
goto lbl_GoodPtr_32
lbl_NullPtr_31:
error("null pointer")
lbl_GoodPtr_32:
t0 = s11
s6 = t0
t0 = 0
s1 = t0
v33_2 = s1
s3 = s3_stack
s4 = s4_stack
s11 = s11_stack
s5 = s5_stack
s10 = s10_stack
s6 = s6_stack
s7 = s7_stack
s8 = s8_stack
s9 = s9_stack
s1 = s1_stack
s2 = s2_stack
      return v33_2

func BBS_Sort()
s3_stack = s3
s4_stack = s4
s5_stack = s5
s11_stack = s11
s10_stack = s10
s6_stack = s6
s7_stack = s7
s8_stack = s8
s9_stack = s9
s1_stack = s1
s2_stack = s2
t0 = a2
t0 = [t0 + 8]
s2 = t0
t0 = 1
s5 = t0
t0 = s2
t1 = s5
t0 = t0 - t1
s6 = t0
t0 = s6
s7 = t0
t0 = 0
s8 = t0
t0 = 1
s4 = t0
t0 = s8
t1 = s4
t0 = t0 - t1
s3 = t0
t0 = s3
s9 = t0
lbl_While_40:
t0 = s9
t1 = s7
t0 = t0 < t1
s10 = t0
t0 = s10
if0 t0 goto lbl_WhileExit_41
t0 = 1
s11 = t0
t0 = s11
s1 = t0
lbl_While_44:
t0 = 1
s2 = t0
t0 = s7
t1 = s2
t0 = t0 + t1
s5 = t0
t0 = s1
t1 = s5
t0 = t0 < t1
s6 = t0
t0 = s6
if0 t0 goto lbl_WhileExit_45
t0 = 1
s8 = t0
t0 = s1
t1 = s8
t0 = t0 - t1
s4 = t0
t0 = s4
s3 = t0
t0 = a2
t0 = [t0 + 4]
t2 = t0
t0 = 4
t3 = t0
t0 = 5
t4 = t0
t0 = t3
t1 = t4
t0 = t0 - t1
t5 = t0
t0 = t2
t0 = [t0 + 0]
v55_3 = t0
t0 = t5
t1 = s3
t0 = t0 < t1
v56_3 = t0
t0 = s3
t1 = v55_3
t0 = t0 < t1
v57_3 = t0
t0 = v56_3
t1 = v57_3
t0 = t0 * t1
v58_3 = t0
t0 = v58_3
if0 t0 goto lbl_OutOfBounds_59
goto lbl_Inbound_60
lbl_OutOfBounds_59:
error("array index out of bounds")
lbl_Inbound_60:
t0 = t3
t1 = s3
t0 = t0 * t1
v61_3 = t0
t0 = v61_3
t1 = t3
t0 = t0 + t1
v61_3 = t0
t0 = t2
t1 = v61_3
t0 = t0 + t1
v61_3 = t0
t0 = v61_3
t0 = [t0 + 0]
v62_3 = t0
t0 = v62_3
aux04_3 = t0
t0 = a2
t0 = [t0 + 4]
v63_3 = t0
t0 = 4
v64_3 = t0
t0 = 5
v65_3 = t0
t0 = v64_3
t1 = v65_3
t0 = t0 - t1
v66_3 = t0
t0 = v63_3
t0 = [t0 + 0]
v67_3 = t0
t0 = v66_3
t1 = s1
t0 = t0 < t1
v68_3 = t0
t0 = s1
t1 = v67_3
t0 = t0 < t1
v69_3 = t0
t0 = v68_3
t1 = v69_3
t0 = t0 * t1
v70_3 = t0
t0 = v70_3
if0 t0 goto lbl_OutOfBounds_71
goto lbl_Inbound_72
lbl_OutOfBounds_71:
error("array index out of bounds")
lbl_Inbound_72:
t0 = v64_3
t1 = s1
t0 = t0 * t1
v73_3 = t0
t0 = v73_3
t1 = v64_3
t0 = t0 + t1
v73_3 = t0
t0 = v63_3
t1 = v73_3
t0 = t0 + t1
v73_3 = t0
t0 = v73_3
t0 = [t0 + 0]
v74_3 = t0
t0 = v74_3
aux05_3 = t0
t0 = aux05_3
t1 = aux04_3
t0 = t0 < t1
v77_3 = t0
t0 = v77_3
if0 t0 goto lbl_Else_75
t0 = 1
v79_3 = t0
t0 = s1
t1 = v79_3
t0 = t0 - t1
v78_3 = t0
t0 = v78_3
aux06_3 = t0
t0 = a2
t0 = [t0 + 4]
v80_3 = t0
t0 = 4
v81_3 = t0
t0 = 5
v82_3 = t0
t0 = v81_3
t1 = v82_3
t0 = t0 - t1
v83_3 = t0
t0 = v80_3
t0 = [t0 + 0]
v84_3 = t0
t0 = v83_3
t1 = aux06_3
t0 = t0 < t1
v85_3 = t0
t0 = aux06_3
t1 = v84_3
t0 = t0 < t1
v86_3 = t0
t0 = v85_3
t1 = v86_3
t0 = t0 * t1
v87_3 = t0
t0 = v87_3
if0 t0 goto lbl_OutOfBounds_88
goto lbl_Inbound_89
lbl_OutOfBounds_88:
error("array index out of bounds")
lbl_Inbound_89:
t0 = v81_3
t1 = aux06_3
t0 = t0 * t1
v90_3 = t0
t0 = v90_3
t1 = v81_3
t0 = t0 + t1
v90_3 = t0
t0 = v80_3
t1 = v90_3
t0 = t0 + t1
v90_3 = t0
t0 = v90_3
t0 = [t0 + 0]
v91_3 = t0
t0 = v91_3
t_3 = t0
t0 = a2
t0 = [t0 + 4]
v92_3 = t0
t0 = a2
t0 = [t0 + 4]
v93_3 = t0
t0 = 4
v94_3 = t0
t0 = 5
v95_3 = t0
t0 = v94_3
t1 = v95_3
t0 = t0 - t1
v96_3 = t0
t0 = v93_3
t0 = [t0 + 0]
v97_3 = t0
t0 = v96_3
t1 = s1
t0 = t0 < t1
v98_3 = t0
t0 = s1
t1 = v97_3
t0 = t0 < t1
v99_3 = t0
t0 = v98_3
t1 = v99_3
t0 = t0 * t1
v100_3 = t0
t0 = v100_3
if0 t0 goto lbl_OutOfBounds_101
goto lbl_Inbound_102
lbl_OutOfBounds_101:
error("array index out of bounds")
lbl_Inbound_102:
t0 = v94_3
t1 = s1
t0 = t0 * t1
v103_3 = t0
t0 = v103_3
t1 = v94_3
t0 = t0 + t1
v103_3 = t0
t0 = v93_3
t1 = v103_3
t0 = t0 + t1
v103_3 = t0
t0 = v103_3
t0 = [t0 + 0]
v104_3 = t0
t0 = 4
v105_3 = t0
t0 = 5
v106_3 = t0
t0 = v105_3
t1 = v106_3
t0 = t0 - t1
v107_3 = t0
t0 = v92_3
t0 = [t0 + 0]
v108_3 = t0
t0 = v107_3
t1 = aux06_3
t0 = t0 < t1
v109_3 = t0
t0 = aux06_3
t1 = v108_3
t0 = t0 < t1
v110_3 = t0
t0 = v109_3
t1 = v110_3
t0 = t0 * t1
v111_3 = t0
t0 = v111_3
if0 t0 goto lbl_OutOfBounds_112
goto lbl_Inbound_113
lbl_OutOfBounds_112:
error("array index out of bounds")
lbl_Inbound_113:
t0 = v105_3
t1 = aux06_3
t0 = t0 * t1
v114_3 = t0
t0 = v114_3
t1 = v105_3
t0 = t0 + t1
v114_3 = t0
t0 = v92_3
t1 = v114_3
t0 = t0 + t1
v114_3 = t0
t1 = v114_3
t0 = v104_3
[t1 + 0] = t0
t0 = a2
t0 = [t0 + 4]
v115_3 = t0
t0 = 4
v116_3 = t0
t0 = 5
v117_3 = t0
t0 = v116_3
t1 = v117_3
t0 = t0 - t1
v118_3 = t0
t0 = v115_3
t0 = [t0 + 0]
v119_3 = t0
t0 = v118_3
t1 = s1
t0 = t0 < t1
v120_3 = t0
t0 = s1
t1 = v119_3
t0 = t0 < t1
v121_3 = t0
t0 = v120_3
t1 = v121_3
t0 = t0 * t1
v122_3 = t0
t0 = v122_3
if0 t0 goto lbl_OutOfBounds_123
goto lbl_Inbound_124
lbl_OutOfBounds_123:
error("array index out of bounds")
lbl_Inbound_124:
t0 = v116_3
t1 = s1
t0 = t0 * t1
v125_3 = t0
t0 = v125_3
t1 = v116_3
t0 = t0 + t1
v125_3 = t0
t0 = v115_3
t1 = v125_3
t0 = t0 + t1
v125_3 = t0
t1 = v125_3
t0 = t_3
[t1 + 0] = t0
goto lbl_IfEnd_76
lbl_Else_75:
t0 = 0
v126_3 = t0
t0 = v126_3
nt_3 = t0
lbl_IfEnd_76:
t0 = 1
v128_3 = t0
t0 = s1
t1 = v128_3
t0 = t0 + t1
v127_3 = t0
t0 = v127_3
s1 = t0
goto lbl_While_44
lbl_WhileExit_45:
t0 = 1
v130_3 = t0
t0 = s7
t1 = v130_3
t0 = t0 - t1
v129_3 = t0
t0 = v129_3
s7 = t0
goto lbl_While_40
lbl_WhileExit_41:
t0 = 0
s7 = t0
v131_3 = s7
s3 = s3_stack
s4 = s4_stack
s5 = s5_stack
s11 = s11_stack
s10 = s10_stack
s6 = s6_stack
s7 = s7_stack
s8 = s8_stack
s9 = s9_stack
s1 = s1_stack
s2 = s2_stack
      return v131_3

func BBS_Print()
s3_stack = s3
s4_stack = s4
s11_stack = s11
s5_stack = s5
s10_stack = s10
s6_stack = s6
s7_stack = s7
s8_stack = s8
s9_stack = s9
s1_stack = s1
s2_stack = s2
t0 = 0
s9 = t0
t0 = s9
s10 = t0
lbl_While_133:
t0 = a2
t0 = [t0 + 8]
s11 = t0
t0 = s10
t1 = s11
t0 = t0 < t1
s1 = t0
t0 = s1
if0 t0 goto lbl_WhileExit_134
t0 = a2
t0 = [t0 + 4]
s2 = t0
t0 = 4
s5 = t0
t0 = 5
s6 = t0
t0 = s5
t1 = s6
t0 = t0 - t1
s8 = t0
t0 = s2
t0 = [t0 + 0]
s4 = t0
t0 = s8
t1 = s10
t0 = t0 < t1
s3 = t0
t0 = s10
t1 = s4
t0 = t0 < t1
s7 = t0
t0 = s3
t1 = s7
t0 = t0 * t1
s9 = t0
t0 = s9
if0 t0 goto lbl_OutOfBounds_145
goto lbl_Inbound_146
lbl_OutOfBounds_145:
error("array index out of bounds")
lbl_Inbound_146:
t0 = s5
t1 = s10
t0 = t0 * t1
t2 = t0
t0 = t2
t1 = s5
t0 = t0 + t1
t2 = t0
t0 = s2
t1 = t2
t0 = t0 + t1
t2 = t0
t0 = t2
t0 = [t0 + 0]
t3 = t0
t0 = t3
print(t0)
t0 = 1
t4 = t0
t0 = s10
t1 = t4
t0 = t0 + t1
t5 = t0
t0 = t5
s10 = t0
goto lbl_While_133
lbl_WhileExit_134:
t0 = 0
s10 = t0
v151_4 = s10
s3 = s3_stack
s4 = s4_stack
s11 = s11_stack
s5 = s5_stack
s10 = s10_stack
s6 = s6_stack
s7 = s7_stack
s8 = s8_stack
s9 = s9_stack
s1 = s1_stack
s2 = s2_stack
      return v151_4

func BBS_Init()
s3_stack = s3
s4_stack = s4
s11_stack = s11
s5_stack = s5
s6_stack = s6
s10_stack = s10
s7_stack = s7
s8_stack = s8
s9_stack = s9
s1_stack = s1
s2_stack = s2
t1 = a2
t0 = a3
[t1 + 8] = t0
t0 = 1
s11 = t0
t0 = 4
s1 = t0
t0 = a3
t1 = s11
t0 = t0 + t1
s2 = t0
t0 = s2
t1 = s1
t0 = t0 * t1
s2 = t0
t0 = s2
t0 = alloc(t0)
s5 = t0
t0 = s5
if0 t0 goto lbl_NullPtr_156
goto lbl_GoodPtr_157
lbl_NullPtr_156:
error("null pointer")
lbl_GoodPtr_157:
t1 = s5
t0 = a3
[t1 + 0] = t0
t1 = a2
t0 = s5
[t1 + 4] = t0
t0 = 0
s6 = t0
t0 = a2
t0 = [t0 + 4]
s8 = t0
t0 = 20
s4 = t0
t0 = 4
s3 = t0
t0 = 5
s7 = t0
t0 = s3
t1 = s7
t0 = t0 - t1
s9 = t0
t0 = s8
t0 = [t0 + 0]
s10 = t0
t0 = s9
t1 = s6
t0 = t0 < t1
s11 = t0
t0 = s6
t1 = s10
t0 = t0 < t1
s1 = t0
t0 = s11
t1 = s1
t0 = t0 * t1
s2 = t0
t0 = s2
if0 t0 goto lbl_OutOfBounds_168
goto lbl_Inbound_169
lbl_OutOfBounds_168:
error("array index out of bounds")
lbl_Inbound_169:
t0 = s3
t1 = s6
t0 = t0 * t1
s5 = t0
t0 = s5
t1 = s3
t0 = t0 + t1
s5 = t0
t0 = s8
t1 = s5
t0 = t0 + t1
s5 = t0
t1 = s5
t0 = s4
[t1 + 0] = t0
t0 = 1
s7 = t0
t0 = a2
t0 = [t0 + 4]
s9 = t0
t0 = 7
s10 = t0
t0 = 4
s11 = t0
t0 = 5
s1 = t0
t0 = s11
t1 = s1
t0 = t0 - t1
s2 = t0
t0 = s9
t0 = [t0 + 0]
s6 = t0
t0 = s2
t1 = s7
t0 = t0 < t1
s3 = t0
t0 = s7
t1 = s6
t0 = t0 < t1
s8 = t0
t0 = s3
t1 = s8
t0 = t0 * t1
s4 = t0
t0 = s4
if0 t0 goto lbl_OutOfBounds_181
goto lbl_Inbound_182
lbl_OutOfBounds_181:
error("array index out of bounds")
lbl_Inbound_182:
t0 = s11
t1 = s7
t0 = t0 * t1
s5 = t0
t0 = s5
t1 = s11
t0 = t0 + t1
s5 = t0
t0 = s9
t1 = s5
t0 = t0 + t1
s5 = t0
t1 = s5
t0 = s10
[t1 + 0] = t0
t0 = 2
s1 = t0
t0 = a2
t0 = [t0 + 4]
s2 = t0
t0 = 12
s6 = t0
t0 = 4
s3 = t0
t0 = 5
s8 = t0
t0 = s3
t1 = s8
t0 = t0 - t1
s4 = t0
t0 = s2
t0 = [t0 + 0]
s7 = t0
t0 = s4
t1 = s1
t0 = t0 < t1
s11 = t0
t0 = s1
t1 = s7
t0 = t0 < t1
s9 = t0
t0 = s11
t1 = s9
t0 = t0 * t1
s10 = t0
t0 = s10
if0 t0 goto lbl_OutOfBounds_194
goto lbl_Inbound_195
lbl_OutOfBounds_194:
error("array index out of bounds")
lbl_Inbound_195:
t0 = s3
t1 = s1
t0 = t0 * t1
s5 = t0
t0 = s5
t1 = s3
t0 = t0 + t1
s5 = t0
t0 = s2
t1 = s5
t0 = t0 + t1
s5 = t0
t1 = s5
t0 = s6
[t1 + 0] = t0
t0 = 3
s8 = t0
t0 = a2
t0 = [t0 + 4]
s4 = t0
t0 = 18
s7 = t0
t0 = 4
s11 = t0
t0 = 5
s9 = t0
t0 = s11
t1 = s9
t0 = t0 - t1
s10 = t0
t0 = s4
t0 = [t0 + 0]
s1 = t0
t0 = s10
t1 = s8
t0 = t0 < t1
s3 = t0
t0 = s8
t1 = s1
t0 = t0 < t1
s2 = t0
t0 = s3
t1 = s2
t0 = t0 * t1
s6 = t0
t0 = s6
if0 t0 goto lbl_OutOfBounds_207
goto lbl_Inbound_208
lbl_OutOfBounds_207:
error("array index out of bounds")
lbl_Inbound_208:
t0 = s11
t1 = s8
t0 = t0 * t1
s5 = t0
t0 = s5
t1 = s11
t0 = t0 + t1
s5 = t0
t0 = s4
t1 = s5
t0 = t0 + t1
s5 = t0
t1 = s5
t0 = s7
[t1 + 0] = t0
t0 = 4
s9 = t0
t0 = a2
t0 = [t0 + 4]
s10 = t0
t0 = 2
s1 = t0
t0 = 4
s3 = t0
t0 = 5
s2 = t0
t0 = s3
t1 = s2
t0 = t0 - t1
s6 = t0
t0 = s10
t0 = [t0 + 0]
s8 = t0
t0 = s6
t1 = s9
t0 = t0 < t1
s11 = t0
t0 = s9
t1 = s8
t0 = t0 < t1
s4 = t0
t0 = s11
t1 = s4
t0 = t0 * t1
s7 = t0
t0 = s7
if0 t0 goto lbl_OutOfBounds_220
goto lbl_Inbound_221
lbl_OutOfBounds_220:
error("array index out of bounds")
lbl_Inbound_221:
t0 = s3
t1 = s9
t0 = t0 * t1
s5 = t0
t0 = s5
t1 = s3
t0 = t0 + t1
s5 = t0
t0 = s10
t1 = s5
t0 = t0 + t1
s5 = t0
t1 = s5
t0 = s1
[t1 + 0] = t0
t0 = 5
s2 = t0
t0 = a2
t0 = [t0 + 4]
s6 = t0
t0 = 11
s8 = t0
t0 = 4
s11 = t0
t0 = 5
s4 = t0
t0 = s11
t1 = s4
t0 = t0 - t1
s7 = t0
t0 = s6
t0 = [t0 + 0]
s9 = t0
t0 = s7
t1 = s2
t0 = t0 < t1
s3 = t0
t0 = s2
t1 = s9
t0 = t0 < t1
s10 = t0
t0 = s3
t1 = s10
t0 = t0 * t1
s1 = t0
t0 = s1
if0 t0 goto lbl_OutOfBounds_233
goto lbl_Inbound_234
lbl_OutOfBounds_233:
error("array index out of bounds")
lbl_Inbound_234:
t0 = s11
t1 = s2
t0 = t0 * t1
s5 = t0
t0 = s5
t1 = s11
t0 = t0 + t1
s5 = t0
t0 = s6
t1 = s5
t0 = t0 + t1
s5 = t0
t1 = s5
t0 = s8
[t1 + 0] = t0
t0 = 6
s4 = t0
t0 = a2
t0 = [t0 + 4]
s7 = t0
t0 = 6
s9 = t0
t0 = 4
s3 = t0
t0 = 5
s10 = t0
t0 = s3
t1 = s10
t0 = t0 - t1
s1 = t0
t0 = s7
t0 = [t0 + 0]
s2 = t0
t0 = s1
t1 = s4
t0 = t0 < t1
s11 = t0
t0 = s4
t1 = s2
t0 = t0 < t1
s6 = t0
t0 = s11
t1 = s6
t0 = t0 * t1
s8 = t0
t0 = s8
if0 t0 goto lbl_OutOfBounds_246
goto lbl_Inbound_247
lbl_OutOfBounds_246:
error("array index out of bounds")
lbl_Inbound_247:
t0 = s3
t1 = s4
t0 = t0 * t1
s5 = t0
t0 = s5
t1 = s3
t0 = t0 + t1
s5 = t0
t0 = s7
t1 = s5
t0 = t0 + t1
s5 = t0
t1 = s5
t0 = s9
[t1 + 0] = t0
t0 = 7
s10 = t0
t0 = a2
t0 = [t0 + 4]
s1 = t0
t0 = 9
s2 = t0
t0 = 4
s11 = t0
t0 = 5
s6 = t0
t0 = s11
t1 = s6
t0 = t0 - t1
s8 = t0
t0 = s1
t0 = [t0 + 0]
s4 = t0
t0 = s8
t1 = s10
t0 = t0 < t1
s3 = t0
t0 = s10
t1 = s4
t0 = t0 < t1
s7 = t0
t0 = s3
t1 = s7
t0 = t0 * t1
s9 = t0
t0 = s9
if0 t0 goto lbl_OutOfBounds_259
goto lbl_Inbound_260
lbl_OutOfBounds_259:
error("array index out of bounds")
lbl_Inbound_260:
t0 = s11
t1 = s10
t0 = t0 * t1
s5 = t0
t0 = s5
t1 = s11
t0 = t0 + t1
s5 = t0
t0 = s1
t1 = s5
t0 = t0 + t1
s5 = t0
t1 = s5
t0 = s2
[t1 + 0] = t0
t0 = 8
s6 = t0
t0 = a2
t0 = [t0 + 4]
s8 = t0
t0 = 19
s4 = t0
t0 = 4
s3 = t0
t0 = 5
s7 = t0
t0 = s3
t1 = s7
t0 = t0 - t1
s9 = t0
t0 = s8
t0 = [t0 + 0]
s10 = t0
t0 = s9
t1 = s6
t0 = t0 < t1
s11 = t0
t0 = s6
t1 = s10
t0 = t0 < t1
s1 = t0
t0 = s11
t1 = s1
t0 = t0 * t1
s2 = t0
t0 = s2
if0 t0 goto lbl_OutOfBounds_272
goto lbl_Inbound_273
lbl_OutOfBounds_272:
error("array index out of bounds")
lbl_Inbound_273:
t0 = s3
t1 = s6
t0 = t0 * t1
s5 = t0
t0 = s5
t1 = s3
t0 = t0 + t1
s5 = t0
t0 = s8
t1 = s5
t0 = t0 + t1
s5 = t0
t1 = s5
t0 = s4
[t1 + 0] = t0
t0 = 9
s7 = t0
t0 = a2
t0 = [t0 + 4]
s9 = t0
t0 = 5
s10 = t0
t0 = 4
s11 = t0
t0 = 5
s1 = t0
t0 = s11
t1 = s1
t0 = t0 - t1
s2 = t0
t0 = s9
t0 = [t0 + 0]
s6 = t0
t0 = s2
t1 = s7
t0 = t0 < t1
s3 = t0
t0 = s7
t1 = s6
t0 = t0 < t1
s8 = t0
t0 = s3
t1 = s8
t0 = t0 * t1
s4 = t0
t0 = s4
if0 t0 goto lbl_OutOfBounds_285
goto lbl_Inbound_286
lbl_OutOfBounds_285:
error("array index out of bounds")
lbl_Inbound_286:
t0 = s11
t1 = s7
t0 = t0 * t1
s5 = t0
t0 = s5
t1 = s11
t0 = t0 + t1
s5 = t0
t0 = s9
t1 = s5
t0 = t0 + t1
s5 = t0
t1 = s5
t0 = s10
[t1 + 0] = t0
t0 = 0
s1 = t0
v288_5 = s1
s3 = s3_stack
s4 = s4_stack
s11 = s11_stack
s5 = s5_stack
s6 = s6_stack
s10 = s10_stack
s7 = s7_stack
s8 = s8_stack
s9 = s9_stack
s1 = s1_stack
s2 = s2_stack
      return v288_5


