func main()
s3_stack = s3
s4_stack = s4
s5_stack = s5
s10_stack = s10
s6_stack = s6
s7_stack = s7
s8_stack = s8
s9_stack = s9
s1_stack = s1
s2_stack = s2
t0 = 8
s1 = t0
t0 = 4
s2 = t0
t0 = s1
t0 = alloc(t0)
s3 = t0
t0 = s2
t0 = alloc(t0)
s4 = t0
t0 = @Keeper_storeAndSpeak
s5 = t0
t1 = s4
t0 = s5
[t1 + 0] = t0
t1 = s3
t0 = s4
[t1 + 0] = t0
t0 = s3
if0 t0 goto lbl_NullPtr_5
goto lbl_GoodPtr_6
lbl_NullPtr_5:
error("null pointer")
lbl_GoodPtr_6:
t0 = s3
t2 = t0
t0 = t2
if0 t0 goto lbl_NullPtr_9
t0 = t2
t0 = [t0 + 0]
t3 = t0
t0 = t3
t0 = [t0 + 0]
t3 = t0
t0 = 4
s6 = t0
t0 = 4
s7 = t0
t0 = s6
t0 = alloc(t0)
t4 = t0
t0 = s7
t0 = alloc(t0)
s8 = t0
t0 = @Cow_sound
s9 = t0
t1 = s8
t0 = s9
[t1 + 0] = t0
t1 = t4
t0 = s8
[t1 + 0] = t0
t0 = t4
if0 t0 goto lbl_NullPtr_16
goto lbl_GoodPtr_17
lbl_NullPtr_16:
error("null pointer")
lbl_GoodPtr_17:
a2_stack = a2
a3_stack = a3
t0 = t2
a2 = t0
t0 = t4
a3 = t0
t0 = t3
t0 = call t0()
a2 = a2_stack
a3 = a3_stack
t5 = t0
goto lbl_GoodPtr_10
lbl_NullPtr_9:
error("null pointer")
lbl_GoodPtr_10:
t0 = t5
print(t0)
t0 = 0
s10 = t0
v18_1 = s10
      return v18_1

func Animal_sound()
s11_stack = s11
t0 = 0
s11 = t0
v19_2 = s11
s11 = s11_stack
      return v19_2

func Cow_sound()
s1_stack = s1
t0 = 3
s1 = t0
v20_3 = s1
s1 = s1_stack
      return v20_3

func Keeper_storeAndSpeak()
t1 = a2
t0 = a3
[t1 + 4] = t0
t0 = a2
t0 = [t0 + 4]
t2 = t0
t0 = t2
if0 t0 goto lbl_NullPtr_24
t0 = t2
t0 = [t0 + 0]
t3 = t0
t0 = t3
t0 = [t0 + 0]
t3 = t0
a2_stack = a2
t0 = t2
a2 = t0
t0 = t3
t0 = call t0()
a2 = a2_stack
t4 = t0
goto lbl_GoodPtr_25
lbl_NullPtr_24:
error("null pointer")
lbl_GoodPtr_25:
v23_4 = t4
      return v23_4


