func main()
s3_stack = s3
s4_stack = s4
s5_stack = s5
s6_stack = s6
s1_stack = s1
s2_stack = s2
t0 = 4
s1 = t0
t0 = 4
s2 = t0
t0 = s1
t0 = alloc(t0)
s3 = t0
t0 = s2
t0 = alloc(t0)
s4 = t0
t0 = @Leaf_value
s5 = t0
t1 = s4
t0 = s5
[t1 + 0] = t0
t1 = s3
t0 = s4
[t1 + 0] = t0
t0 = s3
if0 t0 goto lbl_NullPtr_5
goto lbl_GoodPtr_6
lbl_NullPtr_5:
error("null pointer")
lbl_GoodPtr_6:
t0 = s3
t2 = t0
t0 = t2
if0 t0 goto lbl_NullPtr_9
t0 = t2
t0 = [t0 + 0]
t3 = t0
t0 = t3
t0 = [t0 + 0]
t3 = t0
a2_stack = a2
t0 = t2
a2 = t0
t0 = t3
t0 = call t0()
a2 = a2_stack
t4 = t0
goto lbl_GoodPtr_10
lbl_NullPtr_9:
error("null pointer")
lbl_GoodPtr_10:
t0 = t4
print(t0)
t0 = 0
s6 = t0
v11_1 = s6
      return v11_1

func Base_value()
s7_stack = s7
t0 = 10
s7 = t0
v12_2 = s7
s7 = s7_stack
      return v12_2

func Mid_value()
s8_stack = s8
t0 = 20
s8 = t0
v13_3 = s8
s8 = s8_stack
      return v13_3

func Leaf_value()
s9_stack = s9
t0 = 30
s9 = t0
v14_4 = s9
s9 = s9_stack
      return v14_4


