func main()
s3_stack = s3
s4_stack = s4
s5_stack = s5
s6_stack = s6
s7_stack = s7
s8_stack = s8
s1_stack = s1
s2_stack = s2
t0 = 12
s1 = t0
t0 = 16
s2 = t0
t0 = s1
t0 = alloc(t0)
t2 = t0
t0 = s2
t0 = alloc(t0)
s3 = t0
t0 = @LS_Print
s4 = t0
t1 = s3
t0 = s4
[t1 + 0] = t0
t0 = @LS_Init
s5 = t0
t1 = s3
t0 = s5
[t1 + 4] = t0
t0 = @LS_Start
s6 = t0
t1 = s3
t0 = s6
[t1 + 8] = t0
t0 = @LS_Search
s7 = t0
t1 = s3
t0 = s7
[t1 + 12] = t0
t1 = t2
t0 = s3
[t1 + 0] = t0
t0 = t2
if0 t0 goto lbl_NullPtr_8
goto lbl_GoodPtr_9
lbl_NullPtr_8:
error("null pointer")
lbl_GoodPtr_9:
t0 = t2
if0 t0 goto lbl_NullPtr_12
t0 = t2
t0 = [t0 + 0]
t3 = t0
t0 = t3
t0 = [t0 + 8]
t3 = t0
t0 = 10
t4 = t0
a2_stack = a2
a3_stack = a3
t0 = t2
a2 = t0
t0 = t4
a3 = t0
t0 = t3
t0 = call t0()
a2 = a2_stack
a3 = a3_stack
t5 = t0
goto lbl_GoodPtr_13
lbl_NullPtr_12:
error("null pointer")
lbl_GoodPtr_13:
t0 = t5
print(t0)
t0 = 0
s8 = t0
v15_1 = s8
      return v15_1

func LS_Start()
s11_stack = s11
s10_stack = s10
s9_stack = s9
s1_stack = s1
t0 = a2
if0 t0 goto lbl_NullPtr_18
t0 = a2
t0 = [t0 + 0]
t2 = t0
t0 = t2
t0 = [t0 + 4]
t2 = t0
a2_stack = a2
a3_stack = a3
t0 = a2_stack
a2 = t0
t0 = a3
a3 = t0
t0 = t2
t0 = call t0()
a2 = a2_stack
a3 = a3_stack
t3 = t0
goto lbl_GoodPtr_19
lbl_NullPtr_18:
error("null pointer")
lbl_GoodPtr_19:
t0 = t3
s9 = t0
t0 = a2
if0 t0 goto lbl_NullPtr_22
t0 = a2
t0 = [t0 + 0]
t4 = t0
t0 = t4
t0 = [t0 + 0]
t4 = t0
a2_stack = a2
t0 = a2
a2 = t0
t0 = t4
t0 = call t0()
a2 = a2_stack
t5 = t0
goto lbl_GoodPtr_23
lbl_NullPtr_22:
error("null pointer")
lbl_GoodPtr_23:
t0 = t5
s10 = t0
t0 = 9999
s11 = t0
t0 = s11
print(t0)
t0 = a2
if0 t0 goto lbl_NullPtr_27
t0 = a2
t0 = [t0 + 0]
t2 = t0
t0 = t2
t0 = [t0 + 12]
t2 = t0
t0 = 8
t3 = t0
a2_stack = a2
a3_stack = a3
t0 = a2_stack
a2 = t0
t0 = t3
a3 = t0
t0 = t2
t0 = call t0()
a2 = a2_stack
a3 = a3_stack
t4 = t0
goto lbl_GoodPtr_28
lbl_NullPtr_27:
error("null pointer")
lbl_GoodPtr_28:
t0 = t4
print(t0)
t0 = a2
if0 t0 goto lbl_NullPtr_32
t0 = a2
t0 = [t0 + 0]
t5 = t0
t0 = t5
t0 = [t0 + 12]
t5 = t0
t0 = 12
t2 = t0
a2_stack = a2
a3_stack = a3
t0 = a2_stack
a2 = t0
t0 = t2
a3 = t0
t0 = t5
t0 = call t0()
a2 = a2_stack
a3 = a3_stack
t3 = t0
goto lbl_GoodPtr_33
lbl_NullPtr_32:
error("null pointer")
lbl_GoodPtr_33:
t0 = t3
print(t0)
t0 = a2
if0 t0 goto lbl_NullPtr_37
t0 = a2
t0 = [t0 + 0]
t4 = t0
t0 = t4
t0 = [t0 + 12]
t4 = t0
t0 = 17
t5 = t0
a2_stack = a2
a3_stack = a3
t0 = a2_stack
a2 = t0
t0 = t5
a3 = t0
t0 = t4
t0 = call t0()
a2 = a2_stack
a3 = a3_stack
t2 = t0
goto lbl_GoodPtr_38
lbl_NullPtr_37:
error("null pointer")
lbl_GoodPtr_38:
t0 = t2
print(t0)
t0 = a2
if0 t0 goto lbl_NullPtr_42
t0 = a2
t0 = [t0 + 0]
t3 = t0
t0 = t3
t0 = [t0 + 12]
t3 = t0
t0 = 50
t4 = t0
a2_stack = a2
a3_stack = a3
t0 = a2_stack
a2 = t0
t0 = t4
a3 = t0
t0 = t3
t0 = call t0()
a2 = a2_stack
a3 = a3_stack
t5 = t0
goto lbl_GoodPtr_43
lbl_NullPtr_42:
error("null pointer")
lbl_GoodPtr_43:
t0 = t5
print(t0)
t0 = 55
s1 = t0
v45_2 = s1
s11 = s11_stack
s10 = s10_stack
s9 = s9_stack
s1 = s1_stack
      return v45_2

func LS_Print()
s3_stack = s3
s4_stack = s4
s11_stack = s11
s5_stack = s5
s10_stack = s10
s6_stack = s6
s7_stack = s7
s8_stack = s8
s9_stack = s9
s1_stack = s1
s2_stack = s2
t0 = 1
s2 = t0
t0 = s2
s4 = t0
lbl_While_47:
t0 = a2
t0 = [t0 + 8]
s5 = t0
t0 = s4
t1 = s5
t0 = t0 < t1
s6 = t0
t0 = s6
if0 t0 goto lbl_WhileExit_48
t0 = a2
t0 = [t0 + 4]
s7 = t0
t0 = 4
s3 = t0
t0 = 5
s8 = t0
t0 = s3
t1 = s8
t0 = t0 - t1
s9 = t0
t0 = s7
t0 = [t0 + 0]
s10 = t0
t0 = s9
t1 = s4
t0 = t0 < t1
s11 = t0
t0 = s4
t1 = s10
t0 = t0 < t1
s1 = t0
t0 = s11
t1 = s1
t0 = t0 * t1
s2 = t0
t0 = s2
if0 t0 goto lbl_OutOfBounds_59
goto lbl_Inbound_60
lbl_OutOfBounds_59:
error("array index out of bounds")
lbl_Inbound_60:
t0 = s3
t1 = s4
t0 = t0 * t1
t2 = t0
t0 = t2
t1 = s3
t0 = t0 + t1
t2 = t0
t0 = s7
t1 = t2
t0 = t0 + t1
t2 = t0
t0 = t2
t0 = [t0 + 0]
t3 = t0
t0 = t3
print(t0)
t0 = 1
t4 = t0
t0 = s4
t1 = t4
t0 = t0 + t1
t5 = t0
t0 = t5
s4 = t0
goto lbl_While_47
lbl_WhileExit_48:
t0 = 0
s4 = t0
v65_3 = s4
s3 = s3_stack
s4 = s4_stack
s11 = s11_stack
s5 = s5_stack
s10 = s10_stack
s6 = s6_stack
s7 = s7_stack
s8 = s8_stack
s9 = s9_stack
s1 = s1_stack
s2 = s2_stack
      return v65_3

func LS_Search()
s3_stack = s3
s4_stack = s4
s11_stack = s11
s5_stack = s5
s6_stack = s6
s10_stack = s10
s7_stack = s7
s8_stack = s8
s9_stack = s9
s1_stack = s1
s2_stack = s2
t0 = 1
s5 = t0
t0 = s5
s6 = t0
t0 = 0
s7 = t0
t0 = s7
s3 = t0
t0 = 0
s8 = t0
t0 = s8
ifound_4 = t0
lbl_While_69:
t0 = a2
t0 = [t0 + 8]
s10 = t0
t0 = s6
t1 = s10
t0 = t0 < t1
s11 = t0
t0 = s11
if0 t0 goto lbl_WhileExit_70
t0 = a2
t0 = [t0 + 4]
s1 = t0
t0 = 4
s2 = t0
t0 = 5
s4 = t0
t0 = s2
t1 = s4
t0 = t0 - t1
s5 = t0
t0 = s1
t0 = [t0 + 0]
s7 = t0
t0 = s5
t1 = s6
t0 = t0 < t1
s8 = t0
t0 = s6
t1 = s7
t0 = t0 < t1
t2 = t0
t0 = s8
t1 = t2
t0 = t0 * t1
t3 = t0
t0 = t3
if0 t0 goto lbl_OutOfBounds_81
goto lbl_Inbound_82
lbl_OutOfBounds_81:
error("array index out of bounds")
lbl_Inbound_82:
t0 = s2
t1 = s6
t0 = t0 * t1
t4 = t0
t0 = t4
t1 = s2
t0 = t0 + t1
t4 = t0
t0 = s1
t1 = t4
t0 = t0 + t1
t4 = t0
t0 = t4
t0 = [t0 + 0]
t5 = t0
t0 = t5
s9 = t0
t0 = 1
v86_4 = t0
t0 = a3
t1 = v86_4
t0 = t0 + t1
v85_4 = t0
t0 = v85_4
aux02_4 = t0
t0 = s9
t1 = a3
t0 = t0 < t1
v89_4 = t0
t0 = v89_4
if0 t0 goto lbl_Else_87
t0 = 0
v90_4 = t0
t0 = v90_4
nt_4 = t0
goto lbl_IfEnd_88
lbl_Else_87:
t0 = s9
t1 = aux02_4
t0 = t0 < t1
v93_4 = t0
t0 = 1
v94_4 = t0
t0 = v93_4
t1 = v94_4
t0 = t0 < t1
v95_4 = t0
t0 = v95_4
if0 t0 goto lbl_Else_91
t0 = 0
v96_4 = t0
t0 = v96_4
nt_4 = t0
goto lbl_IfEnd_92
lbl_Else_91:
t0 = 1
v97_4 = t0
t0 = v97_4
s3 = t0
t0 = 1
v98_4 = t0
t0 = v98_4
ifound_4 = t0
t0 = a2
t0 = [t0 + 8]
v99_4 = t0
t0 = v99_4
s6 = t0
lbl_IfEnd_92:
lbl_IfEnd_88:
t0 = 1
v101_4 = t0
t0 = s6
t1 = v101_4
t0 = t0 + t1
v100_4 = t0
t0 = v100_4
s6 = t0
goto lbl_While_69
lbl_WhileExit_70:
s3 = s3_stack
s4 = s4_stack
s11 = s11_stack
s5 = s5_stack
s6 = s6_stack
s10 = s10_stack
s7 = s7_stack
s8 = s8_stack
s9 = s9_stack
s1 = s1_stack
s2 = s2_stack
      return ifound_4

func LS_Init()
s3_stack = s3
s4_stack = s4
s11_stack = s11
s5_stack = s5
s6_stack = s6
s10_stack = s10
s7_stack = s7
s8_stack = s8
s9_stack = s9
s1_stack = s1
s2_stack = s2
t1 = a2
t0 = a3
[t1 + 8] = t0
t0 = 1
s6 = t0
t0 = 4
s3 = t0
t0 = a3
t1 = s6
t0 = t0 + t1
s10 = t0
t0 = s10
t1 = s3
t0 = t0 * t1
s10 = t0
t0 = s10
t0 = alloc(t0)
s11 = t0
t0 = s11
if0 t0 goto lbl_NullPtr_106
goto lbl_GoodPtr_107
lbl_NullPtr_106:
error("null pointer")
lbl_GoodPtr_107:
t1 = s11
t0 = a3
[t1 + 0] = t0
t1 = a2
t0 = s11
[t1 + 4] = t0
t0 = 1
s1 = t0
t0 = s1
s2 = t0
t0 = a2
t0 = [t0 + 8]
s4 = t0
t0 = 1
s5 = t0
t0 = s4
t1 = s5
t0 = t0 + t1
s7 = t0
t0 = s7
s8 = t0
lbl_While_112:
t0 = a2
t0 = [t0 + 8]
s9 = t0
t0 = s2
t1 = s9
t0 = t0 < t1
s6 = t0
t0 = s6
if0 t0 goto lbl_WhileExit_113
t0 = 2
s3 = t0
t0 = s3
t1 = s2
t0 = t0 * t1
s10 = t0
t0 = s10
s11 = t0
t0 = 3
s1 = t0
t0 = s8
t1 = s1
t0 = t0 - t1
s4 = t0
t0 = s4
s5 = t0
t0 = a2
t0 = [t0 + 4]
s7 = t0
t0 = s11
t1 = s5
t0 = t0 + t1
t2 = t0
t0 = 4
t3 = t0
t0 = 5
t4 = t0
t0 = t3
t1 = t4
t0 = t0 - t1
t5 = t0
t0 = s7
t0 = [t0 + 0]
v125_5 = t0
t0 = t5
t1 = s2
t0 = t0 < t1
v126_5 = t0
t0 = s2
t1 = v125_5
t0 = t0 < t1
v127_5 = t0
t0 = v126_5
t1 = v127_5
t0 = t0 * t1
v128_5 = t0
t0 = v128_5
if0 t0 goto lbl_OutOfBounds_129
goto lbl_Inbound_130
lbl_OutOfBounds_129:
error("array index out of bounds")
lbl_Inbound_130:
t0 = t3
t1 = s2
t0 = t0 * t1
v131_5 = t0
t0 = v131_5
t1 = t3
t0 = t0 + t1
v131_5 = t0
t0 = s7
t1 = v131_5
t0 = t0 + t1
v131_5 = t0
t1 = v131_5
t0 = t2
[t1 + 0] = t0
t0 = 1
v133_5 = t0
t0 = s2
t1 = v133_5
t0 = t0 + t1
v132_5 = t0
t0 = v132_5
s2 = t0
t0 = 1
v135_5 = t0
t0 = s8
t1 = v135_5
t0 = t0 - t1
v134_5 = t0
t0 = v134_5
s8 = t0
goto lbl_While_112
lbl_WhileExit_113:
t0 = 0
s2 = t0
v136_5 = s2
s3 = s3_stack
s4 = s4_stack
s11 = s11_stack
s5 = s5_stack
s6 = s6_stack
s10 = s10_stack
s7 = s7_stack
s8 = s8_stack
s9 = s9_stack
s1 = s1_stack
s2 = s2_stack
      return v136_5


