func main()
t0 = 20
s1 = t0
t0 = 16
s2 = t0
t0 = s1
t0 = alloc(t0)
s3 = t0
t0 = s2
t0 = alloc(t0)
s4 = t0
t0 = @Generator_set_seed
s5 = t0
t1 = s4
t0 = s5
[t1 + 0] = t0
t0 = @Generator_mod
s6 = t0
t1 = s4
t0 = s6
[t1 + 4] = t0
t0 = @Generator_initialize
s7 = t0
t1 = s4
t0 = s7
[t1 + 8] = t0
t0 = @Generator_advance
s8 = t0
t1 = s4
t0 = s8
[t1 + 12] = t0
t1 = s3
t0 = s4
[t1 + 0] = t0
t0 = s3
if0 t0 goto lbl_NullPtr_8
goto lbl_GoodPtr_9
lbl_NullPtr_8:
error("null pointer")
lbl_GoodPtr_9:
t0 = s3
t2 = t0
t0 = 28
s9 = t0
t0 = 28
s10 = t0
t0 = s9
t0 = alloc(t0)
s11 = t0
t0 = s10
t0 = alloc(t0)
s1 = t0
t0 = @Matrix_5xn_equal
s2 = t0
t1 = s1
t0 = s2
[t1 + 0] = t0
t0 = @Matrix_5xn_set
s5 = t0
t1 = s1
t0 = s5
[t1 + 4] = t0
t0 = @Matrix_5xn_col_size
s6 = t0
t1 = s1
t0 = s6
[t1 + 8] = t0
t0 = @Matrix_5xn_equalP
s7 = t0
t1 = s1
t0 = s7
[t1 + 12] = t0
t0 = @Matrix_5xn_get
s8 = t0
t1 = s1
t0 = s8
[t1 + 16] = t0
t0 = @Matrix_5xn_initialize
s4 = t0
t1 = s1
t0 = s4
[t1 + 20] = t0
t0 = @Matrix_5xn_row_size
s3 = t0
t1 = s1
t0 = s3
[t1 + 24] = t0
t1 = s11
t0 = s1
[t1 + 0] = t0
t0 = s11
if0 t0 goto lbl_NullPtr_21
goto lbl_GoodPtr_22
lbl_NullPtr_21:
error("null pointer")
lbl_GoodPtr_22:
t0 = s11
mtx_1 = t0
t0 = t2
if0 t0 goto lbl_NullPtr_25
t0 = t2
t0 = [t0 + 0]
t4 = t0
t0 = t4
t0 = [t0 + 8]
t4 = t0
t0 = 10
t5 = t0
t0 = 15625
s9 = t0
t0 = 15586
s10 = t0
t0 = 7981
s2 = t0
a2_stack = a2
a3_stack = a3
a4_stack = a4
a5_stack = a5
a6_stack = a6
t0 = t2
a2 = t0
t0 = t5
a3 = t0
t0 = s9
a4 = t0
t0 = s10
a5 = t0
t0 = s2
a6 = t0
t0 = t4
t2_stack = t2
t0 = call t0()
a2 = a2_stack
a3 = a3_stack
a4 = a4_stack
a5 = a5_stack
a6 = a6_stack
t2 = t2_stack
s5 = t0
goto lbl_GoodPtr_26
lbl_NullPtr_25:
error("null pointer")
lbl_GoodPtr_26:
t0 = s5
s6 = t0
t0 = 20
s7 = t0
t0 = s7
t4 = t0
t0 = mtx_1
if0 t0 goto lbl_NullPtr_34
t0 = mtx_1
t0 = [t0 + 0]
t5 = t0
t0 = t5
t0 = [t0 + 20]
t5 = t0
a2_stack = a2
a3_stack = a3
t0 = mtx_1
a2 = t0
t0 = t4
a3 = t0
t0 = t5
t2_stack = t2
t4_stack = t4
t0 = call t0()
a2 = a2_stack
a3 = a3_stack
t2 = t2_stack
t4 = t4_stack
s8 = t0
goto lbl_GoodPtr_35
lbl_NullPtr_34:
error("null pointer")
lbl_GoodPtr_35:
t0 = s8
s6 = t0
t0 = mtx_1
if0 t0 goto lbl_NullPtr_38
t0 = mtx_1
t0 = [t0 + 0]
t5 = t0
t0 = t5
t0 = [t0 + 24]
t5 = t0
a2_stack = a2
t0 = mtx_1
a2 = t0
t0 = t5
t2_stack = t2
t4_stack = t4
t0 = call t0()
a2 = a2_stack
t2 = t2_stack
t4 = t4_stack
s4 = t0
goto lbl_GoodPtr_39
lbl_NullPtr_38:
error("null pointer")
lbl_GoodPtr_39:
t0 = s4
t5 = t0
t0 = 0
s3 = t0
t0 = s3
s1 = t0
lbl_While_41:
t0 = s1
t1 = t5
t0 = t0 < t1
s11 = t0
t0 = s11
if0 t0 goto lbl_WhileExit_42
t0 = 0
s9 = t0
t0 = s9
s10 = t0
lbl_While_45:
t0 = s10
t1 = t4
t0 = t0 < t1
s2 = t0
t0 = s2
if0 t0 goto lbl_WhileExit_46
t0 = mtx_1
if0 t0 goto lbl_NullPtr_50
t0 = mtx_1
t0 = [t0 + 0]
s5 = t0
t0 = s5
t0 = [t0 + 4]
s5 = t0
t0 = t2
if0 t0 goto lbl_NullPtr_54
t0 = t2
t0 = [t0 + 0]
s6 = t0
t0 = s6
t0 = [t0 + 12]
s6 = t0
a2_stack = a2
t0 = t2
a2 = t0
t0 = s6
t2_stack = t2
t4_stack = t4
t5_stack = t5
t0 = call t0()
a2 = a2_stack
t2 = t2_stack
t4 = t4_stack
t5 = t5_stack
s7 = t0
goto lbl_GoodPtr_55
lbl_NullPtr_54:
error("null pointer")
lbl_GoodPtr_55:
a2_stack = a2
a3_stack = a3
a4_stack = a4
a5_stack = a5
t0 = mtx_1
a2 = t0
t0 = s1
a3 = t0
t0 = s10
a4 = t0
t0 = s7
a5 = t0
t0 = s5
t2_stack = t2
t4_stack = t4
t5_stack = t5
t0 = call t0()
a2 = a2_stack
a3 = a3_stack
a4 = a4_stack
a5 = a5_stack
t2 = t2_stack
t4 = t4_stack
t5 = t5_stack
s8 = t0
goto lbl_GoodPtr_51
lbl_NullPtr_50:
error("null pointer")
lbl_GoodPtr_51:
t0 = s8
print(t0)
t0 = 1
s4 = t0
t0 = s10
t1 = s4
t0 = t0 + t1
s3 = t0
t0 = s3
s10 = t0
goto lbl_While_45
lbl_WhileExit_46:
t0 = 1
t3 = t0
t0 = s1
t1 = t3
t0 = t0 + t1
v58_1 = t0
t0 = v58_1
s1 = t0
goto lbl_While_41
lbl_WhileExit_42:
t0 = 6
s1 = t0
t0 = s1
t2 = t0
t0 = 8
s11 = t0
t0 = 16
s9 = t0
t0 = s11
t0 = alloc(t0)
s10 = t0
t0 = s9
t0 = alloc(t0)
s2 = t0
t0 = @BinHistogram_div
s5 = t0
t1 = s2
t0 = s5
[t1 + 0] = t0
t0 = @BinHistogram_find_range
s6 = t0
t1 = s2
t0 = s6
[t1 + 4] = t0
t0 = @BinHistogram_initialize
s7 = t0
t1 = s2
t0 = s7
[t1 + 8] = t0
t0 = @BinHistogram_get_bins
s8 = t0
t1 = s2
t0 = s8
[t1 + 12] = t0
t1 = s10
t0 = s2
[t1 + 0] = t0
t0 = s10
if0 t0 goto lbl_NullPtr_69
goto lbl_GoodPtr_70
lbl_NullPtr_69:
error("null pointer")
lbl_GoodPtr_70:
t0 = s10
t4 = t0
t0 = t4
if0 t0 goto lbl_NullPtr_73
t0 = t4
t0 = [t0 + 0]
t5 = t0
t0 = t5
t0 = [t0 + 8]
t5 = t0
a2_stack = a2
a3_stack = a3
t0 = t4
a2 = t0
t0 = t2
a3 = t0
t0 = t5
t2_stack = t2
t4_stack = t4
t0 = call t0()
a2 = a2_stack
a3 = a3_stack
t2 = t2_stack
t4 = t4_stack
t3 = t0
goto lbl_GoodPtr_74
lbl_NullPtr_73:
error("null pointer")
lbl_GoodPtr_74:
t0 = t3
s6 = t0
t0 = t4
if0 t0 goto lbl_NullPtr_77
t0 = t4
t0 = [t0 + 0]
t5 = t0
t0 = t5
t0 = [t0 + 12]
t5 = t0
a2_stack = a2
a3_stack = a3
t0 = t4
a2 = t0
t0 = mtx_1
a3 = t0
t0 = t5
t2_stack = t2
t0 = call t0()
a2 = a2_stack
a3 = a3_stack
t2 = t2_stack
t3 = t0
goto lbl_GoodPtr_78
lbl_NullPtr_77:
error("null pointer")
lbl_GoodPtr_78:
t0 = t3
s4 = t0
t0 = 0
s3 = t0
t0 = s3
s1 = t0
lbl_While_80:
t0 = s1
t1 = t2
t0 = t0 < t1
s11 = t0
t0 = s11
if0 t0 goto lbl_WhileExit_81
t0 = 4
s9 = t0
t0 = 5
s5 = t0
t0 = s9
t1 = s5
t0 = t0 - t1
s6 = t0
t0 = s4
t0 = [t0 + 0]
s7 = t0
t0 = s6
t1 = s1
t0 = t0 < t1
s8 = t0
t0 = s1
t1 = s7
t0 = t0 < t1
s2 = t0
t0 = s8
t1 = s2
t0 = t0 * t1
s10 = t0
t0 = s10
if0 t0 goto lbl_OutOfBounds_90
goto lbl_Inbound_91
lbl_OutOfBounds_90:
error("array index out of bounds")
lbl_Inbound_91:
t0 = s9
t1 = s1
t0 = t0 * t1
s3 = t0
t0 = s3
t1 = s9
t0 = t0 + t1
s3 = t0
t0 = s4
t1 = s3
t0 = t0 + t1
s3 = t0
t0 = s3
t0 = [t0 + 0]
t4 = t0
t0 = t4
print(t0)
t0 = 1
t5 = t0
t0 = s1
t1 = t5
t0 = t0 + t1
t3 = t0
t0 = t3
s1 = t0
goto lbl_While_80
lbl_WhileExit_81:
t0 = 0
s4 = t0
v96_1 = s4
      return v96_1

func BinHistogram_initialize()
t1 = a2
t0 = a3
[t1 + 4] = t0
size_2 = a3
      return size_2

func BinHistogram_get_bins()
s3_stack = s3
s4_stack = s4
s5_stack = s5
s11_stack = s11
s10_stack = s10
s6_stack = s6
s7_stack = s7
s8_stack = s8
s9_stack = s9
s1_stack = s1
s2_stack = s2
t0 = a2
t0 = [t0 + 4]
s1 = t0
t0 = s1
t2 = t0
t0 = 1
s11 = t0
t0 = 4
s9 = t0
t0 = t2
t1 = s11
t0 = t0 + t1
s5 = t0
t0 = s5
t1 = s9
t0 = t0 * t1
s5 = t0
t0 = s5
t0 = alloc(t0)
s6 = t0
t0 = s6
if0 t0 goto lbl_NullPtr_102
goto lbl_GoodPtr_103
lbl_NullPtr_102:
error("null pointer")
lbl_GoodPtr_103:
t1 = s6
t0 = t2
[t1 + 0] = t0
t0 = s6
bins_3 = t0
t0 = 1
s7 = t0
t0 = 4
s8 = t0
t0 = t2
t1 = s7
t0 = t0 + t1
s2 = t0
t0 = s2
t1 = s8
t0 = t0 * t1
s2 = t0
t0 = s2
t0 = alloc(t0)
s10 = t0
t0 = s10
if0 t0 goto lbl_NullPtr_108
goto lbl_GoodPtr_109
lbl_NullPtr_108:
error("null pointer")
lbl_GoodPtr_109:
t1 = s10
t0 = t2
[t1 + 0] = t0
t0 = s10
histogram_3 = t0
t0 = a3
if0 t0 goto lbl_NullPtr_112
t0 = a3
t0 = [t0 + 0]
t3 = t0
t0 = t3
t0 = [t0 + 8]
t3 = t0
a2_stack = a2
t0 = a3
a2 = t0
t0 = t3
t2_stack = t2
t0 = call t0()
a2 = a2_stack
t2 = t2_stack
s3 = t0
goto lbl_GoodPtr_113
lbl_NullPtr_112:
error("null pointer")
lbl_GoodPtr_113:
t0 = s3
cols_3 = t0
t0 = a3
if0 t0 goto lbl_NullPtr_116
t0 = a3
t0 = [t0 + 0]
s4 = t0
t0 = s4
t0 = [t0 + 24]
s4 = t0
a2_stack = a2
t0 = a3
a2 = t0
t0 = s4
t2_stack = t2
t0 = call t0()
a2 = a2_stack
t2 = t2_stack
s1 = t0
goto lbl_GoodPtr_117
lbl_NullPtr_116:
error("null pointer")
lbl_GoodPtr_117:
t0 = s1
rows_3 = t0
t0 = a2
if0 t0 goto lbl_NullPtr_120
t0 = a2
t0 = [t0 + 0]
s9 = t0
t0 = s9
t0 = [t0 + 4]
s9 = t0
a2_stack = a2
a3_stack = a3
t0 = a2_stack
a2 = t0
t0 = a3
a3 = t0
t0 = s9
t2_stack = t2
t0 = call t0()
a2 = a2_stack
a3 = a3_stack
t2 = t2_stack
s5 = t0
goto lbl_GoodPtr_121
lbl_NullPtr_120:
error("null pointer")
lbl_GoodPtr_121:
t0 = s5
s6 = t0
t0 = 0
s7 = t0
t0 = 4
s8 = t0
t0 = 5
s2 = t0
t0 = s8
t1 = s2
t0 = t0 - t1
s10 = t0
t0 = s6
t0 = [t0 + 0]
s3 = t0
t0 = s10
t1 = s7
t0 = t0 < t1
s4 = t0
t0 = s7
t1 = s3
t0 = t0 < t1
s1 = t0
t0 = s4
t1 = s1
t0 = t0 * t1
s9 = t0
t0 = s9
if0 t0 goto lbl_OutOfBounds_130
goto lbl_Inbound_131
lbl_OutOfBounds_130:
error("array index out of bounds")
lbl_Inbound_131:
t0 = s8
t1 = s7
t0 = t0 * t1
s5 = t0
t0 = s5
t1 = s8
t0 = t0 + t1
s5 = t0
t0 = s6
t1 = s5
t0 = t0 + t1
s5 = t0
t0 = s5
t0 = [t0 + 0]
s2 = t0
t0 = s2
s10 = t0
t0 = 1
s3 = t0
t0 = 4
s4 = t0
t0 = 5
s1 = t0
t0 = s4
t1 = s1
t0 = t0 - t1
s9 = t0
t0 = s6
t0 = [t0 + 0]
s7 = t0
t0 = s9
t1 = s3
t0 = t0 < t1
s8 = t0
t0 = s3
t1 = s7
t0 = t0 < t1
s5 = t0
t0 = s8
t1 = s5
t0 = t0 * t1
s2 = t0
t0 = s2
if0 t0 goto lbl_OutOfBounds_142
goto lbl_Inbound_143
lbl_OutOfBounds_142:
error("array index out of bounds")
lbl_Inbound_143:
t0 = s4
t1 = s3
t0 = t0 * t1
s1 = t0
t0 = s1
t1 = s4
t0 = t0 + t1
s1 = t0
t0 = s6
t1 = s1
t0 = t0 + t1
s1 = t0
t0 = s1
t0 = [t0 + 0]
s9 = t0
t0 = s9
s7 = t0
t0 = a2
if0 t0 goto lbl_NullPtr_148
t0 = a2
t0 = [t0 + 0]
s8 = t0
t0 = s8
t0 = [t0 + 0]
s8 = t0
t0 = s7
t1 = s10
t0 = t0 - t1
s5 = t0
a2_stack = a2
a3_stack = a3
a4_stack = a4
t0 = a2_stack
a2 = t0
t0 = s5
a3 = t0
t0 = t2
a4 = t0
t0 = s8
t2_stack = t2
t0 = call t0()
a2 = a2_stack
a3 = a3_stack
a4 = a4_stack
t2 = t2_stack
s2 = t0
goto lbl_GoodPtr_149
lbl_NullPtr_148:
error("null pointer")
lbl_GoodPtr_149:
t0 = s2
s3 = t0
t0 = s10
print(t0)
t0 = s7
print(t0)
t0 = 0
s4 = t0
t0 = s4
i_3 = t0
t0 = s10
s1 = t0
lbl_While_152:
t0 = i_3
t1 = t2
t0 = t0 < t1
s9 = t0
t0 = s9
if0 t0 goto lbl_WhileExit_153
t0 = 4
s8 = t0
t0 = 5
s5 = t0
t0 = s8
t1 = s5
t0 = t0 - t1
s2 = t0
t0 = bins_3
t0 = [t0 + 0]
s7 = t0
t0 = s2
t1 = i_3
t0 = t0 < t1
s4 = t0
t0 = i_3
t1 = s7
t0 = t0 < t1
s10 = t0
t0 = s4
t1 = s10
t0 = t0 * t1
t5 = t0
t0 = t5
if0 t0 goto lbl_OutOfBounds_162
goto lbl_Inbound_163
lbl_OutOfBounds_162:
error("array index out of bounds")
lbl_Inbound_163:
t0 = s8
t1 = i_3
t0 = t0 * t1
s6 = t0
t0 = s6
t1 = s8
t0 = t0 + t1
s6 = t0
t0 = bins_3
t1 = s6
t0 = t0 + t1
s6 = t0
t1 = s6
t0 = s1
[t1 + 0] = t0
t0 = 1
s11 = t0
t0 = i_3
t1 = s11
t0 = t0 + t1
t3 = t0
t0 = t3
i_3 = t0
t0 = s1
t1 = s3
t0 = t0 + t1
t4 = t0
t0 = t4
s1 = t0
goto lbl_While_152
lbl_WhileExit_153:
t0 = 0
s3 = t0
t0 = s3
t5 = t0
lbl_While_169:
t0 = t5
t1 = rows_3
t0 = t0 < t1
t3 = t0
t0 = t3
if0 t0 goto lbl_WhileExit_170
t0 = 0
t4 = t0
t0 = t4
s1 = t0
lbl_While_173:
t0 = s1
t1 = cols_3
t0 = t0 < t1
s9 = t0
t0 = s9
if0 t0 goto lbl_WhileExit_174
t0 = 0
s8 = t0
t0 = s8
i_3 = t0
lbl_While_177:
t0 = i_3
t1 = t2
t0 = t0 < t1
s5 = t0
t0 = s5
if0 t0 goto lbl_WhileExit_178
t0 = a3
if0 t0 goto lbl_NullPtr_182
t0 = a3
t0 = [t0 + 0]
s2 = t0
t0 = s2
t0 = [t0 + 16]
s2 = t0
a2_stack = a2
a3_stack = a3
a4_stack = a4
t0 = a3_stack
a2 = t0
t0 = t5
a3 = t0
t0 = s1
a4 = t0
t0 = s2
t2_stack = t2
t5_stack = t5
t3_stack = t3
t4_stack = t4
t0 = call t0()
a2 = a2_stack
a3 = a3_stack
a4 = a4_stack
t2 = t2_stack
t5 = t5_stack
t3 = t3_stack
t4 = t4_stack
s7 = t0
goto lbl_GoodPtr_183
lbl_NullPtr_182:
error("null pointer")
lbl_GoodPtr_183:
t0 = s7
s4 = t0
t0 = 4
s10 = t0
t0 = 5
s6 = t0
t0 = s10
t1 = s6
t0 = t0 - t1
s11 = t0
t0 = bins_3
t0 = [t0 + 0]
s3 = t0
t0 = s11
t1 = i_3
t0 = t0 < t1
v191_3 = t0
t0 = i_3
t1 = s3
t0 = t0 < t1
v192_3 = t0
t0 = v191_3
t1 = v192_3
t0 = t0 * t1
v193_3 = t0
t0 = v193_3
if0 t0 goto lbl_OutOfBounds_194
goto lbl_Inbound_195
lbl_OutOfBounds_194:
error("array index out of bounds")
lbl_Inbound_195:
t0 = s10
t1 = i_3
t0 = t0 * t1
v196_3 = t0
t0 = v196_3
t1 = s10
t0 = t0 + t1
v196_3 = t0
t0 = bins_3
t1 = v196_3
t0 = t0 + t1
v196_3 = t0
t0 = v196_3
t0 = [t0 + 0]
v197_3 = t0
t0 = s4
t1 = v197_3
t0 = t0 < t1
v186_3 = t0
t0 = v186_3
if0 t0 goto lbl_Else_184
t0 = 4
v199_3 = t0
t0 = 5
v200_3 = t0
t0 = v199_3
t1 = v200_3
t0 = t0 - t1
v201_3 = t0
t0 = histogram_3
t0 = [t0 + 0]
v202_3 = t0
t0 = v201_3
t1 = i_3
t0 = t0 < t1
v203_3 = t0
t0 = i_3
t1 = v202_3
t0 = t0 < t1
v204_3 = t0
t0 = v203_3
t1 = v204_3
t0 = t0 * t1
v205_3 = t0
t0 = v205_3
if0 t0 goto lbl_OutOfBounds_206
goto lbl_Inbound_207
lbl_OutOfBounds_206:
error("array index out of bounds")
lbl_Inbound_207:
t0 = v199_3
t1 = i_3
t0 = t0 * t1
v208_3 = t0
t0 = v208_3
t1 = v199_3
t0 = t0 + t1
v208_3 = t0
t0 = histogram_3
t1 = v208_3
t0 = t0 + t1
v208_3 = t0
t0 = v208_3
t0 = [t0 + 0]
v209_3 = t0
t0 = 1
v210_3 = t0
t0 = v209_3
t1 = v210_3
t0 = t0 + t1
v198_3 = t0
t0 = 4
v211_3 = t0
t0 = 5
v212_3 = t0
t0 = v211_3
t1 = v212_3
t0 = t0 - t1
v213_3 = t0
t0 = histogram_3
t0 = [t0 + 0]
v214_3 = t0
t0 = v213_3
t1 = i_3
t0 = t0 < t1
v215_3 = t0
t0 = i_3
t1 = v214_3
t0 = t0 < t1
v216_3 = t0
t0 = v215_3
t1 = v216_3
t0 = t0 * t1
v217_3 = t0
t0 = v217_3
if0 t0 goto lbl_OutOfBounds_218
goto lbl_Inbound_219
lbl_OutOfBounds_218:
error("array index out of bounds")
lbl_Inbound_219:
t0 = v211_3
t1 = i_3
t0 = t0 * t1
v220_3 = t0
t0 = v220_3
t1 = v211_3
t0 = t0 + t1
v220_3 = t0
t0 = histogram_3
t1 = v220_3
t0 = t0 + t1
v220_3 = t0
t1 = v220_3
t0 = v198_3
[t1 + 0] = t0
goto lbl_IfEnd_185
lbl_Else_184:
lbl_IfEnd_185:
t0 = 1
v222_3 = t0
t0 = i_3
t1 = v222_3
t0 = t0 + t1
v221_3 = t0
t0 = v221_3
i_3 = t0
goto lbl_While_177
lbl_WhileExit_178:
t0 = 1
v224_3 = t0
t0 = s1
t1 = v224_3
t0 = t0 + t1
v223_3 = t0
t0 = v223_3
s1 = t0
goto lbl_While_173
lbl_WhileExit_174:
t0 = 1
v226_3 = t0
t0 = t5
t1 = v226_3
t0 = t0 + t1
v225_3 = t0
t0 = v225_3
t5 = t0
goto lbl_While_169
lbl_WhileExit_170:
s3 = s3_stack
s4 = s4_stack
s5 = s5_stack
s11 = s11_stack
s10 = s10_stack
s6 = s6_stack
s7 = s7_stack
s8 = s8_stack
s9 = s9_stack
s1 = s1_stack
s2 = s2_stack
      return histogram_3

func BinHistogram_find_range()
s3_stack = s3
s4_stack = s4
s5_stack = s5
s11_stack = s11
s6_stack = s6
s10_stack = s10
s7_stack = s7
s8_stack = s8
s9_stack = s9
s1_stack = s1
s2_stack = s2
t0 = 2
s1 = t0
t0 = 1
s9 = t0
t0 = 4
s8 = t0
t0 = s1
t1 = s9
t0 = t0 + t1
s5 = t0
t0 = s5
t1 = s8
t0 = t0 * t1
s5 = t0
t0 = s5
t0 = alloc(t0)
s2 = t0
t0 = s2
if0 t0 goto lbl_NullPtr_232
goto lbl_GoodPtr_233
lbl_NullPtr_232:
error("null pointer")
lbl_GoodPtr_233:
t1 = s2
t0 = s1
[t1 + 0] = t0
t0 = s2
min_max_4 = t0
t0 = a3
if0 t0 goto lbl_NullPtr_236
t0 = a3
t0 = [t0 + 0]
t5 = t0
t0 = t5
t0 = [t0 + 8]
t5 = t0
a2_stack = a2
t0 = a3
a2 = t0
t0 = t5
t0 = call t0()
a2 = a2_stack
t3 = t0
goto lbl_GoodPtr_237
lbl_NullPtr_236:
error("null pointer")
lbl_GoodPtr_237:
t0 = t3
t4 = t0
t0 = a3
if0 t0 goto lbl_NullPtr_240
t0 = a3
t0 = [t0 + 0]
t5 = t0
t0 = t5
t0 = [t0 + 24]
t5 = t0
a2_stack = a2
t0 = a3
a2 = t0
t0 = t5
t4_stack = t4
t0 = call t0()
a2 = a2_stack
t4 = t4_stack
t3 = t0
goto lbl_GoodPtr_241
lbl_NullPtr_240:
error("null pointer")
lbl_GoodPtr_241:
t0 = t3
t5 = t0
t0 = a3
if0 t0 goto lbl_NullPtr_244
t0 = a3
t0 = [t0 + 0]
t3 = t0
t0 = t3
t0 = [t0 + 16]
t3 = t0
t0 = 0
s7 = t0
t0 = 0
s4 = t0
a2_stack = a2
a3_stack = a3
a4_stack = a4
t0 = a3_stack
a2 = t0
t0 = s7
a3 = t0
t0 = s4
a4 = t0
t0 = t3
t4_stack = t4
t5_stack = t5
t0 = call t0()
a2 = a2_stack
a3 = a3_stack
a4 = a4_stack
t4 = t4_stack
t5 = t5_stack
s10 = t0
goto lbl_GoodPtr_245
lbl_NullPtr_244:
error("null pointer")
lbl_GoodPtr_245:
t0 = s10
min_4 = t0
t0 = min_4
max_4 = t0
t0 = 0
s11 = t0
t0 = s11
s3 = t0
lbl_While_249:
t0 = s3
t1 = t5
t0 = t0 < t1
s9 = t0
t0 = s9
if0 t0 goto lbl_WhileExit_250
t0 = 0
s8 = t0
t0 = s8
s5 = t0
lbl_While_253:
t0 = s5
t1 = t4
t0 = t0 < t1
s1 = t0
t0 = s1
if0 t0 goto lbl_WhileExit_254
t0 = a3
if0 t0 goto lbl_NullPtr_258
t0 = a3
t0 = [t0 + 0]
s2 = t0
t0 = s2
t0 = [t0 + 16]
s2 = t0
a2_stack = a2
a3_stack = a3
a4_stack = a4
t0 = a3_stack
a2 = t0
t0 = s3
a3 = t0
t0 = s5
a4 = t0
t0 = s2
t4_stack = t4
t5_stack = t5
t0 = call t0()
a2 = a2_stack
a3 = a3_stack
a4 = a4_stack
t4 = t4_stack
t5 = t5_stack
s7 = t0
goto lbl_GoodPtr_259
lbl_NullPtr_258:
error("null pointer")
lbl_GoodPtr_259:
t0 = s7
s4 = t0
t0 = s4
t1 = min_4
t0 = t0 < t1
s10 = t0
t0 = s10
if0 t0 goto lbl_Else_260
t0 = s4
min_4 = t0
goto lbl_IfEnd_261
lbl_Else_260:
lbl_IfEnd_261:
t0 = max_4
t1 = s4
t0 = t0 < t1
s11 = t0
t0 = s11
if0 t0 goto lbl_Else_263
t0 = s4
max_4 = t0
goto lbl_IfEnd_264
lbl_Else_263:
lbl_IfEnd_264:
t0 = 1
t2 = t0
t0 = s5
t1 = t2
t0 = t0 + t1
s6 = t0
t0 = s6
s5 = t0
goto lbl_While_253
lbl_WhileExit_254:
t0 = 1
t3 = t0
t0 = s3
t1 = t3
t0 = t0 + t1
v268_4 = t0
t0 = v268_4
s3 = t0
goto lbl_While_249
lbl_WhileExit_250:
t0 = 0
s3 = t0
t0 = 4
s9 = t0
t0 = 5
s8 = t0
t0 = s9
t1 = s8
t0 = t0 - t1
s5 = t0
t0 = min_max_4
t0 = [t0 + 0]
s1 = t0
t0 = s5
t1 = s3
t0 = t0 < t1
s2 = t0
t0 = s3
t1 = s1
t0 = t0 < t1
s7 = t0
t0 = s2
t1 = s7
t0 = t0 * t1
s4 = t0
t0 = s4
if0 t0 goto lbl_OutOfBounds_278
goto lbl_Inbound_279
lbl_OutOfBounds_278:
error("array index out of bounds")
lbl_Inbound_279:
t0 = s9
t1 = s3
t0 = t0 * t1
s10 = t0
t0 = s10
t1 = s9
t0 = t0 + t1
s10 = t0
t0 = min_max_4
t1 = s10
t0 = t0 + t1
s10 = t0
t1 = s10
t0 = min_4
[t1 + 0] = t0
t0 = 1
s11 = t0
t0 = 4
s6 = t0
t0 = 5
s8 = t0
t0 = s6
t1 = s8
t0 = t0 - t1
s5 = t0
t0 = min_max_4
t0 = [t0 + 0]
s1 = t0
t0 = s5
t1 = s11
t0 = t0 < t1
s2 = t0
t0 = s11
t1 = s1
t0 = t0 < t1
s7 = t0
t0 = s2
t1 = s7
t0 = t0 * t1
s4 = t0
t0 = s4
if0 t0 goto lbl_OutOfBounds_289
goto lbl_Inbound_290
lbl_OutOfBounds_289:
error("array index out of bounds")
lbl_Inbound_290:
t0 = s6
t1 = s11
t0 = t0 * t1
s3 = t0
t0 = s3
t1 = s6
t0 = t0 + t1
s3 = t0
t0 = min_max_4
t1 = s3
t0 = t0 + t1
s3 = t0
t1 = s3
t0 = max_4
[t1 + 0] = t0
s3 = s3_stack
s4 = s4_stack
s5 = s5_stack
s11 = s11_stack
s6 = s6_stack
s10 = s10_stack
s7 = s7_stack
s8 = s8_stack
s9 = s9_stack
s1 = s1_stack
s2 = s2_stack
      return min_max_4

func BinHistogram_div()
s4_stack = s4
s5_stack = s5
s11_stack = s11
s10_stack = s10
s7_stack = s7
s8_stack = s8
s9_stack = s9
s1_stack = s1
s2_stack = s2
t0 = 0
s9 = t0
t0 = s9
s10 = t0
lbl_While_293:
t0 = a3
t1 = a4
t0 = t0 < t1
s8 = t0
t0 = 1
s5 = t0
t0 = s8
t1 = s5
t0 = t0 < t1
s1 = t0
t0 = s1
if0 t0 goto lbl_WhileExit_294
t0 = a3
t1 = a4
t0 = t0 - t1
s2 = t0
t0 = s2
a3 = t0
t0 = 1
s4 = t0
t0 = s10
t1 = s4
t0 = t0 + t1
s11 = t0
t0 = s11
s10 = t0
goto lbl_While_293
lbl_WhileExit_294:
quotient_5 = s10
s4 = s4_stack
s5 = s5_stack
s11 = s11_stack
s10 = s10_stack
s7 = s7_stack
s8 = s8_stack
s9 = s9_stack
s1 = s1_stack
s2 = s2_stack
      return quotient_5

func Generator_initialize()
s6_stack = s6
t1 = a2
t0 = a3
[t1 + 12] = t0
t1 = a2
t0 = a4
[t1 + 16] = t0
t1 = a2
t0 = a5
[t1 + 4] = t0
t1 = a2
t0 = a6
[t1 + 8] = t0
t0 = a2
t0 = [t0 + 12]
s6 = t0
v301_6 = s6
s6 = s6_stack
      return v301_6

func Generator_set_seed()
s3_stack = s3
s9_stack = s9
t0 = a2
t0 = [t0 + 12]
s3 = t0
t0 = s3
s9 = t0
t1 = a2
t0 = a3
[t1 + 12] = t0
prev_7 = s9
s3 = s3_stack
s9 = s9_stack
      return prev_7

func Generator_advance()
s5_stack = s5
s7_stack = s7
s8_stack = s8
s1_stack = s1
s2_stack = s2
t0 = a2
if0 t0 goto lbl_NullPtr_305
t0 = a2
t0 = [t0 + 0]
t4 = t0
t0 = t4
t0 = [t0 + 4]
t4 = t0
t0 = a2
t0 = [t0 + 12]
s8 = t0
t0 = a2
t0 = [t0 + 4]
s5 = t0
t0 = s8
t1 = s5
t0 = t0 * t1
s1 = t0
t0 = a2
t0 = [t0 + 8]
s2 = t0
t0 = s1
t1 = s2
t0 = t0 + t1
t5 = t0
t0 = a2
t0 = [t0 + 16]
t2 = t0
a2_stack = a2
a3_stack = a3
a4_stack = a4
t0 = a2_stack
a2 = t0
t0 = t5
a3 = t0
t0 = t2
a4 = t0
t0 = t4
t0 = call t0()
a2 = a2_stack
a3 = a3_stack
a4 = a4_stack
t3 = t0
goto lbl_GoodPtr_306
lbl_NullPtr_305:
error("null pointer")
lbl_GoodPtr_306:
t1 = a2
t0 = t3
[t1 + 12] = t0
t0 = a2
t0 = [t0 + 12]
s7 = t0
v313_8 = s7
s5 = s5_stack
s7 = s7_stack
s8 = s8_stack
s1 = s1_stack
s2 = s2_stack
      return v313_8

func Generator_mod()
s3_stack = s3
s4_stack = s4
s11_stack = s11
s10_stack = s10
s6_stack = s6
lbl_While_314:
t0 = a3
t1 = a4
t0 = t0 < t1
s4 = t0
t0 = 1
s11 = t0
t0 = s4
t1 = s11
t0 = t0 < t1
s10 = t0
t0 = s10
if0 t0 goto lbl_WhileExit_315
t0 = a3
t1 = a4
t0 = t0 - t1
s6 = t0
t0 = s6
a3 = t0
goto lbl_While_314
lbl_WhileExit_315:
a_9 = a3
s3 = s3_stack
s4 = s4_stack
s11 = s11_stack
s10 = s10_stack
s6 = s6_stack
      return a_9

func Matrix_5xn_initialize()
s3_stack = s3
s4_stack = s4
s11_stack = s11
s5_stack = s5
s6_stack = s6
s10_stack = s10
s7_stack = s7
s8_stack = s8
s9_stack = s9
s1_stack = s1
s2_stack = s2
t1 = a2
t0 = a3
[t1 + 12] = t0
t0 = 1
s9 = t0
t0 = 4
s8 = t0
t0 = a3
t1 = s9
t0 = t0 + t1
s5 = t0
t0 = s5
t1 = s8
t0 = t0 * t1
s5 = t0
t0 = s5
t0 = alloc(t0)
s1 = t0
t0 = s1
if0 t0 goto lbl_NullPtr_324
goto lbl_GoodPtr_325
lbl_NullPtr_324:
error("null pointer")
lbl_GoodPtr_325:
t1 = s1
t0 = a3
[t1 + 0] = t0
t1 = a2
t0 = s1
[t1 + 8] = t0
t0 = 1
s2 = t0
t0 = 4
s7 = t0
t0 = a3
t1 = s2
t0 = t0 + t1
s4 = t0
t0 = s4
t1 = s7
t0 = t0 * t1
s4 = t0
t0 = s4
t0 = alloc(t0)
s11 = t0
t0 = s11
if0 t0 goto lbl_NullPtr_330
goto lbl_GoodPtr_331
lbl_NullPtr_330:
error("null pointer")
lbl_GoodPtr_331:
t1 = s11
t0 = a3
[t1 + 0] = t0
t1 = a2
t0 = s11
[t1 + 4] = t0
t0 = 1
s10 = t0
t0 = 4
s6 = t0
t0 = a3
t1 = s10
t0 = t0 + t1
s3 = t0
t0 = s3
t1 = s6
t0 = t0 * t1
s3 = t0
t0 = s3
t0 = alloc(t0)
s9 = t0
t0 = s9
if0 t0 goto lbl_NullPtr_336
goto lbl_GoodPtr_337
lbl_NullPtr_336:
error("null pointer")
lbl_GoodPtr_337:
t1 = s9
t0 = a3
[t1 + 0] = t0
t1 = a2
t0 = s9
[t1 + 20] = t0
t0 = 1
s8 = t0
t0 = 4
s5 = t0
t0 = a3
t1 = s8
t0 = t0 + t1
s1 = t0
t0 = s1
t1 = s5
t0 = t0 * t1
s1 = t0
t0 = s1
t0 = alloc(t0)
s2 = t0
t0 = s2
if0 t0 goto lbl_NullPtr_342
goto lbl_GoodPtr_343
lbl_NullPtr_342:
error("null pointer")
lbl_GoodPtr_343:
t1 = s2
t0 = a3
[t1 + 0] = t0
t1 = a2
t0 = s2
[t1 + 16] = t0
t0 = 1
s7 = t0
t0 = 4
s4 = t0
t0 = a3
t1 = s7
t0 = t0 + t1
s11 = t0
t0 = s11
t1 = s4
t0 = t0 * t1
s11 = t0
t0 = s11
t0 = alloc(t0)
s10 = t0
t0 = s10
if0 t0 goto lbl_NullPtr_348
goto lbl_GoodPtr_349
lbl_NullPtr_348:
error("null pointer")
lbl_GoodPtr_349:
t1 = s10
t0 = a3
[t1 + 0] = t0
t1 = a2
t0 = s10
[t1 + 24] = t0
cols_10 = a3
s3 = s3_stack
s4 = s4_stack
s11 = s11_stack
s5 = s5_stack
s6 = s6_stack
s10 = s10_stack
s7 = s7_stack
s8 = s8_stack
s9 = s9_stack
s1 = s1_stack
s2 = s2_stack
      return cols_10

func Matrix_5xn_set()
s3_stack = s3
s4_stack = s4
s5_stack = s5
s11_stack = s11
s10_stack = s10
s6_stack = s6
s7_stack = s7
s8_stack = s8
s9_stack = s9
s1_stack = s1
s2_stack = s2
t0 = 1
s6 = t0
t0 = 1
s3 = t0
t0 = 4
s9 = t0
t0 = s6
t1 = s3
t0 = t0 + t1
s8 = t0
t0 = s8
t1 = s9
t0 = t0 * t1
s8 = t0
t0 = s8
t0 = alloc(t0)
s5 = t0
t0 = s5
if0 t0 goto lbl_NullPtr_355
goto lbl_GoodPtr_356
lbl_NullPtr_355:
error("null pointer")
lbl_GoodPtr_356:
t1 = s5
t0 = s6
[t1 + 0] = t0
t0 = s5
t4 = t0
t0 = 1
s1 = t0
t0 = s1
t5 = t0
t0 = a2
t0 = [t0 + 12]
s2 = t0
t0 = a4
t1 = s2
t0 = t0 < t1
s7 = t0
t0 = s7
if0 t0 goto lbl_FullAnd_361
t0 = 0
s4 = t0
t0 = a4
t1 = s4
t0 = t0 < t1
s11 = t0
t0 = 1
s10 = t0
t0 = s11
t1 = s10
t0 = t0 < t1
s3 = t0
t0 = s3
s9 = t0
goto lbl_ShortAnd_362
lbl_FullAnd_361:
t0 = 0
s9 = t0
lbl_ShortAnd_362:
t0 = s9
if0 t0 goto lbl_Else_358
t0 = t5
if0 t0 goto lbl_FullAnd_372
t0 = a2
if0 t0 goto lbl_NullPtr_376
t0 = a2
t0 = [t0 + 0]
t2 = t0
t0 = t2
t0 = [t0 + 12]
t2 = t0
t0 = 0
t3 = t0
a2_stack = a2
a3_stack = a3
a4_stack = a4
t0 = a2_stack
a2 = t0
t0 = a3_stack
a3 = t0
t0 = t3
a4 = t0
t0 = t2
t4_stack = t4
t5_stack = t5
t0 = call t0()
a2 = a2_stack
a3 = a3_stack
a4 = a4_stack
t4 = t4_stack
t5 = t5_stack
s8 = t0
goto lbl_GoodPtr_377
lbl_NullPtr_376:
error("null pointer")
lbl_GoodPtr_377:
t0 = s8
s6 = t0
goto lbl_ShortAnd_373
lbl_FullAnd_372:
t0 = 0
s6 = t0
lbl_ShortAnd_373:
t0 = s6
if0 t0 goto lbl_Else_369
t0 = 0
s5 = t0
t0 = s5
t5 = t0
t0 = a2
t0 = [t0 + 8]
s1 = t0
t0 = 4
s2 = t0
t0 = 5
s7 = t0
t0 = s2
t1 = s7
t0 = t0 - t1
s4 = t0
t0 = s1
t0 = [t0 + 0]
s11 = t0
t0 = s4
t1 = a4
t0 = t0 < t1
s10 = t0
t0 = a4
t1 = s11
t0 = t0 < t1
s3 = t0
t0 = s10
t1 = s3
t0 = t0 * t1
s9 = t0
t0 = s9
if0 t0 goto lbl_OutOfBounds_388
goto lbl_Inbound_389
lbl_OutOfBounds_388:
error("array index out of bounds")
lbl_Inbound_389:
t0 = s2
t1 = a4
t0 = t0 * t1
s8 = t0
t0 = s8
t1 = s2
t0 = t0 + t1
s8 = t0
t0 = s1
t1 = s8
t0 = t0 + t1
s8 = t0
t1 = s8
t0 = a5
[t1 + 0] = t0
goto lbl_IfEnd_370
lbl_Else_369:
lbl_IfEnd_370:
t0 = t5
if0 t0 goto lbl_FullAnd_394
t0 = a2
if0 t0 goto lbl_NullPtr_398
t0 = a2
t0 = [t0 + 0]
t2 = t0
t0 = t2
t0 = [t0 + 12]
t2 = t0
t0 = 1
t3 = t0
a2_stack = a2
a3_stack = a3
a4_stack = a4
t0 = a2_stack
a2 = t0
t0 = a3_stack
a3 = t0
t0 = t3
a4 = t0
t0 = t2
t4_stack = t4
t5_stack = t5
t0 = call t0()
a2 = a2_stack
a3 = a3_stack
a4 = a4_stack
t4 = t4_stack
t5 = t5_stack
s6 = t0
goto lbl_GoodPtr_399
lbl_NullPtr_398:
error("null pointer")
lbl_GoodPtr_399:
t0 = s6
s5 = t0
goto lbl_ShortAnd_395
lbl_FullAnd_394:
t0 = 0
s5 = t0
lbl_ShortAnd_395:
t0 = s5
if0 t0 goto lbl_Else_391
t0 = 0
s7 = t0
t0 = s7
t5 = t0
t0 = a2
t0 = [t0 + 4]
s4 = t0
t0 = 4
s11 = t0
t0 = 5
s10 = t0
t0 = s11
t1 = s10
t0 = t0 - t1
s3 = t0
t0 = s4
t0 = [t0 + 0]
s9 = t0
t0 = s3
t1 = a4
t0 = t0 < t1
s2 = t0
t0 = a4
t1 = s9
t0 = t0 < t1
s1 = t0
t0 = s2
t1 = s1
t0 = t0 * t1
s8 = t0
t0 = s8
if0 t0 goto lbl_OutOfBounds_410
goto lbl_Inbound_411
lbl_OutOfBounds_410:
error("array index out of bounds")
lbl_Inbound_411:
t0 = s11
t1 = a4
t0 = t0 * t1
s6 = t0
t0 = s6
t1 = s11
t0 = t0 + t1
s6 = t0
t0 = s4
t1 = s6
t0 = t0 + t1
s6 = t0
t1 = s6
t0 = a5
[t1 + 0] = t0
goto lbl_IfEnd_392
lbl_Else_391:
lbl_IfEnd_392:
t0 = t5
if0 t0 goto lbl_FullAnd_416
t0 = a2
if0 t0 goto lbl_NullPtr_420
t0 = a2
t0 = [t0 + 0]
t2 = t0
t0 = t2
t0 = [t0 + 12]
t2 = t0
t0 = 2
t3 = t0
a2_stack = a2
a3_stack = a3
a4_stack = a4
t0 = a2_stack
a2 = t0
t0 = a3_stack
a3 = t0
t0 = t3
a4 = t0
t0 = t2
t4_stack = t4
t5_stack = t5
t0 = call t0()
a2 = a2_stack
a3 = a3_stack
a4 = a4_stack
t4 = t4_stack
t5 = t5_stack
s5 = t0
goto lbl_GoodPtr_421
lbl_NullPtr_420:
error("null pointer")
lbl_GoodPtr_421:
t0 = s5
s7 = t0
goto lbl_ShortAnd_417
lbl_FullAnd_416:
t0 = 0
s7 = t0
lbl_ShortAnd_417:
t0 = s7
if0 t0 goto lbl_Else_413
t0 = 0
s10 = t0
t0 = s10
t5 = t0
t0 = a2
t0 = [t0 + 20]
s3 = t0
t0 = 4
s9 = t0
t0 = 5
s2 = t0
t0 = s9
t1 = s2
t0 = t0 - t1
s1 = t0
t0 = s3
t0 = [t0 + 0]
s8 = t0
t0 = s1
t1 = a4
t0 = t0 < t1
s11 = t0
t0 = a4
t1 = s8
t0 = t0 < t1
s4 = t0
t0 = s11
t1 = s4
t0 = t0 * t1
s6 = t0
t0 = s6
if0 t0 goto lbl_OutOfBounds_432
goto lbl_Inbound_433
lbl_OutOfBounds_432:
error("array index out of bounds")
lbl_Inbound_433:
t0 = s9
t1 = a4
t0 = t0 * t1
s5 = t0
t0 = s5
t1 = s9
t0 = t0 + t1
s5 = t0
t0 = s3
t1 = s5
t0 = t0 + t1
s5 = t0
t1 = s5
t0 = a5
[t1 + 0] = t0
goto lbl_IfEnd_414
lbl_Else_413:
lbl_IfEnd_414:
t0 = t5
if0 t0 goto lbl_FullAnd_438
t0 = a2
if0 t0 goto lbl_NullPtr_442
t0 = a2
t0 = [t0 + 0]
t2 = t0
t0 = t2
t0 = [t0 + 12]
t2 = t0
t0 = 3
t3 = t0
a2_stack = a2
a3_stack = a3
a4_stack = a4
t0 = a2_stack
a2 = t0
t0 = a3_stack
a3 = t0
t0 = t3
a4 = t0
t0 = t2
t4_stack = t4
t5_stack = t5
t0 = call t0()
a2 = a2_stack
a3 = a3_stack
a4 = a4_stack
t4 = t4_stack
t5 = t5_stack
s7 = t0
goto lbl_GoodPtr_443
lbl_NullPtr_442:
error("null pointer")
lbl_GoodPtr_443:
t0 = s7
s10 = t0
goto lbl_ShortAnd_439
lbl_FullAnd_438:
t0 = 0
s10 = t0
lbl_ShortAnd_439:
t0 = s10
if0 t0 goto lbl_Else_435
t0 = 0
s2 = t0
t0 = s2
t5 = t0
t0 = a2
t0 = [t0 + 16]
s1 = t0
t0 = 4
s8 = t0
t0 = 5
s11 = t0
t0 = s8
t1 = s11
t0 = t0 - t1
s4 = t0
t0 = s1
t0 = [t0 + 0]
s6 = t0
t0 = s4
t1 = a4
t0 = t0 < t1
s9 = t0
t0 = a4
t1 = s6
t0 = t0 < t1
s3 = t0
t0 = s9
t1 = s3
t0 = t0 * t1
s5 = t0
t0 = s5
if0 t0 goto lbl_OutOfBounds_454
goto lbl_Inbound_455
lbl_OutOfBounds_454:
error("array index out of bounds")
lbl_Inbound_455:
t0 = s8
t1 = a4
t0 = t0 * t1
s7 = t0
t0 = s7
t1 = s8
t0 = t0 + t1
s7 = t0
t0 = s1
t1 = s7
t0 = t0 + t1
s7 = t0
t1 = s7
t0 = a5
[t1 + 0] = t0
goto lbl_IfEnd_436
lbl_Else_435:
lbl_IfEnd_436:
t0 = t5
if0 t0 goto lbl_FullAnd_460
t0 = a2
if0 t0 goto lbl_NullPtr_464
t0 = a2
t0 = [t0 + 0]
t2 = t0
t0 = t2
t0 = [t0 + 12]
t2 = t0
t0 = 4
t3 = t0
a2_stack = a2
a3_stack = a3
a4_stack = a4
t0 = a2_stack
a2 = t0
t0 = a3_stack
a3 = t0
t0 = t3
a4 = t0
t0 = t2
t4_stack = t4
t5_stack = t5
t0 = call t0()
a2 = a2_stack
a3 = a3_stack
a4 = a4_stack
t4 = t4_stack
t5 = t5_stack
s10 = t0
goto lbl_GoodPtr_465
lbl_NullPtr_464:
error("null pointer")
lbl_GoodPtr_465:
t0 = s10
s2 = t0
goto lbl_ShortAnd_461
lbl_FullAnd_460:
t0 = 0
s2 = t0
lbl_ShortAnd_461:
t0 = s2
if0 t0 goto lbl_Else_457
t0 = 0
s11 = t0
t0 = s11
t5 = t0
t0 = a2
t0 = [t0 + 24]
s4 = t0
t0 = 4
s6 = t0
t0 = 5
s9 = t0
t0 = s6
t1 = s9
t0 = t0 - t1
s3 = t0
t0 = s4
t0 = [t0 + 0]
s5 = t0
t0 = s3
t1 = a4
t0 = t0 < t1
s8 = t0
t0 = a4
t1 = s5
t0 = t0 < t1
s1 = t0
t0 = s8
t1 = s1
t0 = t0 * t1
s7 = t0
t0 = s7
if0 t0 goto lbl_OutOfBounds_476
goto lbl_Inbound_477
lbl_OutOfBounds_476:
error("array index out of bounds")
lbl_Inbound_477:
t0 = s6
t1 = a4
t0 = t0 * t1
s10 = t0
t0 = s10
t1 = s6
t0 = t0 + t1
s10 = t0
t0 = s4
t1 = s10
t0 = t0 + t1
s10 = t0
t1 = s10
t0 = a5
[t1 + 0] = t0
goto lbl_IfEnd_458
lbl_Else_457:
lbl_IfEnd_458:
t0 = t5
if0 t0 goto lbl_Else_479
t0 = 1
s2 = t0
t0 = 0
s11 = t0
t0 = 4
s9 = t0
t0 = 5
s3 = t0
t0 = s9
t1 = s3
t0 = t0 - t1
s5 = t0
t0 = t4
t0 = [t0 + 0]
s8 = t0
t0 = s5
t1 = s2
t0 = t0 < t1
s1 = t0
t0 = s2
t1 = s8
t0 = t0 < t1
s7 = t0
t0 = s1
t1 = s7
t0 = t0 * t1
s6 = t0
t0 = s6
if0 t0 goto lbl_OutOfBounds_490
goto lbl_Inbound_491
lbl_OutOfBounds_490:
error("array index out of bounds")
lbl_Inbound_491:
t0 = s9
t1 = s2
t0 = t0 * t1
s4 = t0
t0 = s4
t1 = s9
t0 = t0 + t1
s4 = t0
t0 = t4
t1 = s4
t0 = t0 + t1
s4 = t0
t1 = s4
t0 = s11
[t1 + 0] = t0
goto lbl_IfEnd_480
lbl_Else_479:
lbl_IfEnd_480:
goto lbl_IfEnd_359
lbl_Else_358:
t0 = 1
s10 = t0
t0 = 0
s3 = t0
t0 = 4
s5 = t0
t0 = 5
s8 = t0
t0 = s5
t1 = s8
t0 = t0 - t1
s1 = t0
t0 = t4
t0 = [t0 + 0]
s7 = t0
t0 = s1
t1 = s10
t0 = t0 < t1
s6 = t0
t0 = s10
t1 = s7
t0 = t0 < t1
s2 = t0
t0 = s6
t1 = s2
t0 = t0 * t1
s9 = t0
t0 = s9
if0 t0 goto lbl_OutOfBounds_502
goto lbl_Inbound_503
lbl_OutOfBounds_502:
error("array index out of bounds")
lbl_Inbound_503:
t0 = s5
t1 = s10
t0 = t0 * t1
s11 = t0
t0 = s11
t1 = s5
t0 = t0 + t1
s11 = t0
t0 = t4
t1 = s11
t0 = t0 + t1
s11 = t0
t1 = s11
t0 = s3
[t1 + 0] = t0
lbl_IfEnd_359:
value_11 = a5
s3 = s3_stack
s4 = s4_stack
s5 = s5_stack
s11 = s11_stack
s10 = s10_stack
s6 = s6_stack
s7 = s7_stack
s8 = s8_stack
s9 = s9_stack
s1 = s1_stack
s2 = s2_stack
      return value_11

func Matrix_5xn_get()
s3_stack = s3
s4_stack = s4
s11_stack = s11
s5_stack = s5
s10_stack = s10
s6_stack = s6
s7_stack = s7
s8_stack = s8
s9_stack = s9
s1_stack = s1
s2_stack = s2
t0 = 1
s4 = t0
t0 = 1
s8 = t0
t0 = 4
s1 = t0
t0 = s4
t1 = s8
t0 = t0 + t1
s7 = t0
t0 = s7
t1 = s1
t0 = t0 * t1
s7 = t0
t0 = s7
t0 = alloc(t0)
s6 = t0
t0 = s6
if0 t0 goto lbl_NullPtr_510
goto lbl_GoodPtr_511
lbl_NullPtr_510:
error("null pointer")
lbl_GoodPtr_511:
t1 = s6
t0 = s4
[t1 + 0] = t0
t0 = s6
t2 = t0
t0 = 1
s2 = t0
t0 = s2
t3 = t0
t0 = 0
s9 = t0
t0 = 1
s10 = t0
t0 = s9
t1 = s10
t0 = t0 - t1
s5 = t0
t0 = s5
t5 = t0
t0 = a2
t0 = [t0 + 12]
s3 = t0
t0 = a4
t1 = s3
t0 = t0 < t1
s11 = t0
t0 = s11
if0 t0 goto lbl_FullAnd_519
t0 = 0
s8 = t0
t0 = a4
t1 = s8
t0 = t0 < t1
s1 = t0
t0 = 1
s7 = t0
t0 = s1
t1 = s7
t0 = t0 < t1
s4 = t0
t0 = s4
s6 = t0
goto lbl_ShortAnd_520
lbl_FullAnd_519:
t0 = 0
s6 = t0
lbl_ShortAnd_520:
t0 = s6
if0 t0 goto lbl_Else_516
t0 = t3
if0 t0 goto lbl_FullAnd_530
t0 = a2
if0 t0 goto lbl_NullPtr_534
t0 = a2
t0 = [t0 + 0]
t4 = t0
t0 = t4
t0 = [t0 + 0]
t4 = t0
t0 = 0
s2 = t0
a2_stack = a2
a3_stack = a3
a4_stack = a4
t0 = a2_stack
a2 = t0
t0 = a3_stack
a3 = t0
t0 = s2
a4 = t0
t0 = t4
t2_stack = t2
t3_stack = t3
t5_stack = t5
t0 = call t0()
a2 = a2_stack
a3 = a3_stack
a4 = a4_stack
t2 = t2_stack
t3 = t3_stack
t5 = t5_stack
s9 = t0
goto lbl_GoodPtr_535
lbl_NullPtr_534:
error("null pointer")
lbl_GoodPtr_535:
t0 = s9
s10 = t0
goto lbl_ShortAnd_531
lbl_FullAnd_530:
t0 = 0
s10 = t0
lbl_ShortAnd_531:
t0 = s10
if0 t0 goto lbl_Else_527
t0 = 0
s5 = t0
t0 = s5
t3 = t0
t0 = a2
t0 = [t0 + 8]
s3 = t0
t0 = 4
s11 = t0
t0 = 5
s8 = t0
t0 = s11
t1 = s8
t0 = t0 - t1
s1 = t0
t0 = s3
t0 = [t0 + 0]
s7 = t0
t0 = s1
t1 = a4
t0 = t0 < t1
s4 = t0
t0 = a4
t1 = s7
t0 = t0 < t1
s6 = t0
t0 = s4
t1 = s6
t0 = t0 * t1
s2 = t0
t0 = s2
if0 t0 goto lbl_OutOfBounds_546
goto lbl_Inbound_547
lbl_OutOfBounds_546:
error("array index out of bounds")
lbl_Inbound_547:
t0 = s11
t1 = a4
t0 = t0 * t1
s9 = t0
t0 = s9
t1 = s11
t0 = t0 + t1
s9 = t0
t0 = s3
t1 = s9
t0 = t0 + t1
s9 = t0
t0 = s9
t0 = [t0 + 0]
s10 = t0
t0 = s10
t5 = t0
goto lbl_IfEnd_528
lbl_Else_527:
lbl_IfEnd_528:
t0 = t3
if0 t0 goto lbl_FullAnd_553
t0 = a2
if0 t0 goto lbl_NullPtr_557
t0 = a2
t0 = [t0 + 0]
t4 = t0
t0 = t4
t0 = [t0 + 0]
t4 = t0
t0 = 1
s5 = t0
a2_stack = a2
a3_stack = a3
a4_stack = a4
t0 = a2_stack
a2 = t0
t0 = a3_stack
a3 = t0
t0 = s5
a4 = t0
t0 = t4
t2_stack = t2
t3_stack = t3
t5_stack = t5
t0 = call t0()
a2 = a2_stack
a3 = a3_stack
a4 = a4_stack
t2 = t2_stack
t3 = t3_stack
t5 = t5_stack
s8 = t0
goto lbl_GoodPtr_558
lbl_NullPtr_557:
error("null pointer")
lbl_GoodPtr_558:
t0 = s8
s1 = t0
goto lbl_ShortAnd_554
lbl_FullAnd_553:
t0 = 0
s1 = t0
lbl_ShortAnd_554:
t0 = s1
if0 t0 goto lbl_Else_550
t0 = 0
s7 = t0
t0 = s7
t3 = t0
t0 = a2
t0 = [t0 + 4]
s4 = t0
t0 = 4
s6 = t0
t0 = 5
s2 = t0
t0 = s6
t1 = s2
t0 = t0 - t1
s11 = t0
t0 = s4
t0 = [t0 + 0]
s3 = t0
t0 = s11
t1 = a4
t0 = t0 < t1
s9 = t0
t0 = a4
t1 = s3
t0 = t0 < t1
s10 = t0
t0 = s9
t1 = s10
t0 = t0 * t1
s5 = t0
t0 = s5
if0 t0 goto lbl_OutOfBounds_569
goto lbl_Inbound_570
lbl_OutOfBounds_569:
error("array index out of bounds")
lbl_Inbound_570:
t0 = s6
t1 = a4
t0 = t0 * t1
s8 = t0
t0 = s8
t1 = s6
t0 = t0 + t1
s8 = t0
t0 = s4
t1 = s8
t0 = t0 + t1
s8 = t0
t0 = s8
t0 = [t0 + 0]
s1 = t0
t0 = s1
t5 = t0
goto lbl_IfEnd_551
lbl_Else_550:
lbl_IfEnd_551:
t0 = t3
if0 t0 goto lbl_FullAnd_576
t0 = a2
if0 t0 goto lbl_NullPtr_580
t0 = a2
t0 = [t0 + 0]
t4 = t0
t0 = t4
t0 = [t0 + 0]
t4 = t0
t0 = 2
s7 = t0
a2_stack = a2
a3_stack = a3
a4_stack = a4
t0 = a2_stack
a2 = t0
t0 = a3_stack
a3 = t0
t0 = s7
a4 = t0
t0 = t4
t2_stack = t2
t3_stack = t3
t5_stack = t5
t0 = call t0()
a2 = a2_stack
a3 = a3_stack
a4 = a4_stack
t2 = t2_stack
t3 = t3_stack
t5 = t5_stack
s2 = t0
goto lbl_GoodPtr_581
lbl_NullPtr_580:
error("null pointer")
lbl_GoodPtr_581:
t0 = s2
s11 = t0
goto lbl_ShortAnd_577
lbl_FullAnd_576:
t0 = 0
s11 = t0
lbl_ShortAnd_577:
t0 = s11
if0 t0 goto lbl_Else_573
t0 = 0
s3 = t0
t0 = s3
t3 = t0
t0 = a2
t0 = [t0 + 20]
s9 = t0
t0 = 4
s10 = t0
t0 = 5
s5 = t0
t0 = s10
t1 = s5
t0 = t0 - t1
s6 = t0
t0 = s9
t0 = [t0 + 0]
s4 = t0
t0 = s6
t1 = a4
t0 = t0 < t1
s8 = t0
t0 = a4
t1 = s4
t0 = t0 < t1
s1 = t0
t0 = s8
t1 = s1
t0 = t0 * t1
s7 = t0
t0 = s7
if0 t0 goto lbl_OutOfBounds_592
goto lbl_Inbound_593
lbl_OutOfBounds_592:
error("array index out of bounds")
lbl_Inbound_593:
t0 = s10
t1 = a4
t0 = t0 * t1
s2 = t0
t0 = s2
t1 = s10
t0 = t0 + t1
s2 = t0
t0 = s9
t1 = s2
t0 = t0 + t1
s2 = t0
t0 = s2
t0 = [t0 + 0]
s11 = t0
t0 = s11
t5 = t0
goto lbl_IfEnd_574
lbl_Else_573:
lbl_IfEnd_574:
t0 = t3
if0 t0 goto lbl_FullAnd_599
t0 = a2
if0 t0 goto lbl_NullPtr_603
t0 = a2
t0 = [t0 + 0]
t4 = t0
t0 = t4
t0 = [t0 + 0]
t4 = t0
t0 = 3
s3 = t0
a2_stack = a2
a3_stack = a3
a4_stack = a4
t0 = a2_stack
a2 = t0
t0 = a3_stack
a3 = t0
t0 = s3
a4 = t0
t0 = t4
t2_stack = t2
t3_stack = t3
t5_stack = t5
t0 = call t0()
a2 = a2_stack
a3 = a3_stack
a4 = a4_stack
t2 = t2_stack
t3 = t3_stack
t5 = t5_stack
s5 = t0
goto lbl_GoodPtr_604
lbl_NullPtr_603:
error("null pointer")
lbl_GoodPtr_604:
t0 = s5
s6 = t0
goto lbl_ShortAnd_600
lbl_FullAnd_599:
t0 = 0
s6 = t0
lbl_ShortAnd_600:
t0 = s6
if0 t0 goto lbl_Else_596
t0 = 0
s4 = t0
t0 = s4
t3 = t0
t0 = a2
t0 = [t0 + 16]
s8 = t0
t0 = 4
s1 = t0
t0 = 5
s7 = t0
t0 = s1
t1 = s7
t0 = t0 - t1
s10 = t0
t0 = s8
t0 = [t0 + 0]
s9 = t0
t0 = s10
t1 = a4
t0 = t0 < t1
s2 = t0
t0 = a4
t1 = s9
t0 = t0 < t1
s11 = t0
t0 = s2
t1 = s11
t0 = t0 * t1
s3 = t0
t0 = s3
if0 t0 goto lbl_OutOfBounds_615
goto lbl_Inbound_616
lbl_OutOfBounds_615:
error("array index out of bounds")
lbl_Inbound_616:
t0 = s1
t1 = a4
t0 = t0 * t1
s5 = t0
t0 = s5
t1 = s1
t0 = t0 + t1
s5 = t0
t0 = s8
t1 = s5
t0 = t0 + t1
s5 = t0
t0 = s5
t0 = [t0 + 0]
s6 = t0
t0 = s6
t5 = t0
goto lbl_IfEnd_597
lbl_Else_596:
lbl_IfEnd_597:
t0 = t3
if0 t0 goto lbl_FullAnd_622
t0 = a2
if0 t0 goto lbl_NullPtr_626
t0 = a2
t0 = [t0 + 0]
t4 = t0
t0 = t4
t0 = [t0 + 0]
t4 = t0
t0 = 4
s4 = t0
a2_stack = a2
a3_stack = a3
a4_stack = a4
t0 = a2_stack
a2 = t0
t0 = a3_stack
a3 = t0
t0 = s4
a4 = t0
t0 = t4
t2_stack = t2
t3_stack = t3
t5_stack = t5
t0 = call t0()
a2 = a2_stack
a3 = a3_stack
a4 = a4_stack
t2 = t2_stack
t3 = t3_stack
t5 = t5_stack
s7 = t0
goto lbl_GoodPtr_627
lbl_NullPtr_626:
error("null pointer")
lbl_GoodPtr_627:
t0 = s7
s10 = t0
goto lbl_ShortAnd_623
lbl_FullAnd_622:
t0 = 0
s10 = t0
lbl_ShortAnd_623:
t0 = s10
if0 t0 goto lbl_Else_619
t0 = 0
s9 = t0
t0 = s9
t3 = t0
t0 = a2
t0 = [t0 + 24]
s2 = t0
t0 = 4
s11 = t0
t0 = 5
s3 = t0
t0 = s11
t1 = s3
t0 = t0 - t1
s1 = t0
t0 = s2
t0 = [t0 + 0]
s8 = t0
t0 = s1
t1 = a4
t0 = t0 < t1
s5 = t0
t0 = a4
t1 = s8
t0 = t0 < t1
s6 = t0
t0 = s5
t1 = s6
t0 = t0 * t1
s4 = t0
t0 = s4
if0 t0 goto lbl_OutOfBounds_638
goto lbl_Inbound_639
lbl_OutOfBounds_638:
error("array index out of bounds")
lbl_Inbound_639:
t0 = s11
t1 = a4
t0 = t0 * t1
s7 = t0
t0 = s7
t1 = s11
t0 = t0 + t1
s7 = t0
t0 = s2
t1 = s7
t0 = t0 + t1
s7 = t0
t0 = s7
t0 = [t0 + 0]
s10 = t0
t0 = s10
t5 = t0
goto lbl_IfEnd_620
lbl_Else_619:
lbl_IfEnd_620:
t0 = t3
if0 t0 goto lbl_Else_642
t0 = 1
s9 = t0
t0 = 0
s3 = t0
t0 = 4
s1 = t0
t0 = 5
s8 = t0
t0 = s1
t1 = s8
t0 = t0 - t1
s5 = t0
t0 = t2
t0 = [t0 + 0]
s6 = t0
t0 = s5
t1 = s9
t0 = t0 < t1
s4 = t0
t0 = s9
t1 = s6
t0 = t0 < t1
s11 = t0
t0 = s4
t1 = s11
t0 = t0 * t1
s2 = t0
t0 = s2
if0 t0 goto lbl_OutOfBounds_653
goto lbl_Inbound_654
lbl_OutOfBounds_653:
error("array index out of bounds")
lbl_Inbound_654:
t0 = s1
t1 = s9
t0 = t0 * t1
s7 = t0
t0 = s7
t1 = s1
t0 = t0 + t1
s7 = t0
t0 = t2
t1 = s7
t0 = t0 + t1
s7 = t0
t1 = s7
t0 = s3
[t1 + 0] = t0
goto lbl_IfEnd_643
lbl_Else_642:
lbl_IfEnd_643:
goto lbl_IfEnd_517
lbl_Else_516:
t0 = 1
s10 = t0
t0 = 0
s8 = t0
t0 = 4
s5 = t0
t0 = 5
s6 = t0
t0 = s5
t1 = s6
t0 = t0 - t1
s4 = t0
t0 = t2
t0 = [t0 + 0]
s11 = t0
t0 = s4
t1 = s10
t0 = t0 < t1
s2 = t0
t0 = s10
t1 = s11
t0 = t0 < t1
s9 = t0
t0 = s2
t1 = s9
t0 = t0 * t1
s1 = t0
t0 = s1
if0 t0 goto lbl_OutOfBounds_665
goto lbl_Inbound_666
lbl_OutOfBounds_665:
error("array index out of bounds")
lbl_Inbound_666:
t0 = s5
t1 = s10
t0 = t0 * t1
s3 = t0
t0 = s3
t1 = s5
t0 = t0 + t1
s3 = t0
t0 = t2
t1 = s3
t0 = t0 + t1
s3 = t0
t1 = s3
t0 = s8
[t1 + 0] = t0
lbl_IfEnd_517:
value_12 = t5
s3 = s3_stack
s4 = s4_stack
s11 = s11_stack
s5 = s5_stack
s10 = s10_stack
s6 = s6_stack
s7 = s7_stack
s8 = s8_stack
s9 = s9_stack
s1 = s1_stack
s2 = s2_stack
      return value_12

func Matrix_5xn_col_size()
s7_stack = s7
t0 = a2
t0 = [t0 + 12]
s7 = t0
v668_13 = s7
s7 = s7_stack
      return v668_13

func Matrix_5xn_row_size()
s6_stack = s6
t0 = 5
s6 = t0
v669_14 = s6
s6 = s6_stack
      return v669_14

func Matrix_5xn_equalP()
s4_stack = s4
s11_stack = s11
s5_stack = s5
s10_stack = s10
s9_stack = s9
s1_stack = s1
s2_stack = s2
t0 = a3
t1 = a4
t0 = t0 - t1
s4 = t0
t0 = s4
print(t0)
t0 = a3
t1 = a4
t0 = t0 < t1
s11 = t0
t0 = s11
if0 t0 goto lbl_Else_671
t0 = 0
s2 = t0
t0 = s2
s9 = t0
goto lbl_IfEnd_672
lbl_Else_671:
t0 = a4
t1 = a3
t0 = t0 < t1
s1 = t0
t0 = s1
if0 t0 goto lbl_Else_675
t0 = 0
s10 = t0
t0 = s10
s9 = t0
goto lbl_IfEnd_676
lbl_Else_675:
t0 = 1
s5 = t0
t0 = s5
s9 = t0
lbl_IfEnd_676:
lbl_IfEnd_672:
res_15 = s9
s4 = s4_stack
s11 = s11_stack
s5 = s5_stack
s10 = s10_stack
s9 = s9_stack
s1 = s1_stack
s2 = s2_stack
      return res_15

func Matrix_5xn_equal()
s3_stack = s3
s4_stack = s4
s11_stack = s11
s6_stack = s6
s7_stack = s7
s8_stack = s8
t0 = a3
t1 = a4
t0 = t0 < t1
s8 = t0
t0 = s8
if0 t0 goto lbl_Else_680
t0 = 0
s3 = t0
t0 = s3
s7 = t0
goto lbl_IfEnd_681
lbl_Else_680:
t0 = a4
t1 = a3
t0 = t0 < t1
s6 = t0
t0 = s6
if0 t0 goto lbl_Else_684
t0 = 0
s4 = t0
t0 = s4
s7 = t0
goto lbl_IfEnd_685
lbl_Else_684:
t0 = 1
s11 = t0
t0 = s11
s7 = t0
lbl_IfEnd_685:
lbl_IfEnd_681:
res_16 = s7
s3 = s3_stack
s4 = s4_stack
s11 = s11_stack
s6 = s6_stack
s7 = s7_stack
s8 = s8_stack
      return res_16


