25
10000000
39
25
10000000
22
39
25
(10 + 0)
(6 + 0)
(2 + 0)
1
(10 + 0)
(6 + 0)
(2 + 0)
0
10000000
28
22
39
25
2220000
-555
-555
28
22
25
33300000
22
25
44440000
0
