func bar()
t0 = 5
s1 = t0
t0 = 3
s2 = t0
Outer:
t0 = s1
if0 t0 goto Done
t0 = 1
s3 = t0
t0 = s2
t1 = s3
t0 = t0 + t1
s4 = t0
t0 = 0
s5 = t0
Inner:
t0 = s4
if0 t0 goto OuterExit
t0 = 2
s6 = t0
t0 = s4
t1 = s6
t0 = t0 * t1
s7 = t0
t0 = s4
t1 = s3
t0 = t0 - t1
s4 = t0
goto Inner
OuterExit:
t0 = s1
t1 = s3
t0 = t0 - t1
s1 = t0
goto Outer
Done:
t0 = s7
t1 = s5
t0 = t0 + t1
s8 = t0
f_1 = s8
      return f_1


