func main()
t0 = 4
s1 = t0
t0 = 4
s2 = t0
t0 = s1
t0 = alloc(t0)
s3 = t0
t0 = s2
t0 = alloc(t0)
s4 = t0
t0 = @Dog_speak
s5 = t0
t1 = s4
t0 = s5
[t1 + 0] = t0
t1 = s3
t0 = s4
[t1 + 0] = t0
t0 = s3
if0 t0 goto lbl_NullPtr_5
goto lbl_GoodPtr_6
lbl_NullPtr_5:
error("null pointer")
lbl_GoodPtr_6:
t0 = s3
t2 = t0
t0 = t2
if0 t0 goto lbl_NullPtr_9
t0 = t2
t0 = [t0 + 0]
t3 = t0
t0 = t3
t0 = [t0 + 0]
t3 = t0
a2_stack = a2
t0 = t2
a2 = t0
t0 = t3
t2_stack = t2
t0 = call t0()
a2 = a2_stack
t2 = t2_stack
t4 = t0
goto lbl_GoodPtr_10
lbl_NullPtr_9:
error("null pointer")
lbl_GoodPtr_10:
t0 = t4
print(t0)
t0 = 4
s6 = t0
t0 = 4
s7 = t0
t0 = s6
t0 = alloc(t0)
s8 = t0
t0 = s7
t0 = alloc(t0)
s9 = t0
t0 = @Cat_speak
s10 = t0
t1 = s9
t0 = s10
[t1 + 0] = t0
t1 = s8
t0 = s9
[t1 + 0] = t0
t0 = s8
if0 t0 goto lbl_NullPtr_16
goto lbl_GoodPtr_17
lbl_NullPtr_16:
error("null pointer")
lbl_GoodPtr_17:
t0 = s8
t2 = t0
t0 = t2
if0 t0 goto lbl_NullPtr_20
t0 = t2
t0 = [t0 + 0]
t5 = t0
t0 = t5
t0 = [t0 + 0]
t5 = t0
a2_stack = a2
t0 = t2
a2 = t0
t0 = t5
t0 = call t0()
a2 = a2_stack
t3 = t0
goto lbl_GoodPtr_21
lbl_NullPtr_20:
error("null pointer")
lbl_GoodPtr_21:
t0 = t3
print(t0)
t0 = 0
s11 = t0
v22_1 = s11
      return v22_1

func Animal_speak()
s1_stack = s1
t0 = 0
s1 = t0
v23_2 = s1
s1 = s1_stack
      return v23_2

func Dog_speak()
s2_stack = s2
t0 = 1
s2 = t0
v24_3 = s2
s2 = s2_stack
      return v24_3

func Cat_speak()
s5_stack = s5
t0 = 2
s5 = t0
v25_4 = s5
s5 = s5_stack
      return v25_4


