func Main()
t0 = 1
s1 = t0
t0 = 2
s2 = t0
t0 = 10
s3 = t0
t0 = 0
s4 = t0
L1:
t0 = s4
t1 = s1
t0 = t0 + t1
s5 = t0
t0 = 2
s6 = t0
t0 = s6
t1 = s5
t0 = t0 + t1
s6 = t0
t0 = s5
t1 = s2
t0 = t0 * t1
s4 = t0
t0 = s4
t1 = s3
t0 = t0 < t1
s7 = t0
t0 = s7
if0 t0 goto L1
t0 = s6
print(t0)
c_1 = s6
      return c_1

func foobar()
s11_stack = s11
s10_stack = s10
s8_stack = s8
s9_stack = s9
s1_stack = s1
s2_stack = s2
label1:
t0 = 0
s8 = t0
t0 = s8
t1 = s8
t0 = t0 * t1
s9 = t0
t0 = s9
s10 = t0
t0 = s9
t1 = s10
t0 = t0 + t1
s11 = t0
t0 = s11
if0 t0 goto label1
label2:
t0 = s11
t1 = s10
t0 = t0 * t1
s1 = t0
t0 = 1
s2 = t0
t0 = s1
t1 = s2
t0 = t0 + t1
s8 = t0
t0 = s8
if0 t0 goto label2
e_2 = s1
s11 = s11_stack
s10 = s10_stack
s8 = s8_stack
s9 = s9_stack
s1 = s1_stack
s2 = s2_stack
      return e_2

func bar()
s3_stack = s3
s4_stack = s4
s5_stack = s5
s6_stack = s6
s10_stack = s10
s7_stack = s7
s8_stack = s8
s9_stack = s9
t0 = 5
s3 = t0
t0 = 3
s4 = t0
Outer:
t0 = s3
if0 t0 goto Done
t0 = 1
s5 = t0
t0 = s4
t1 = s5
t0 = t0 + t1
s7 = t0
t0 = 0
s6 = t0
Inner:
t0 = s7
if0 t0 goto OuterExit
t0 = 2
s9 = t0
t0 = s7
t1 = s9
t0 = t0 * t1
s8 = t0
t0 = s7
t1 = s5
t0 = t0 - t1
s7 = t0
goto Inner
OuterExit:
t0 = s3
t1 = s5
t0 = t0 - t1
s3 = t0
goto Outer
Done:
t0 = s8
t1 = s6
t0 = t0 + t1
s10 = t0
f_3 = s10
s3 = s3_stack
s4 = s4_stack
s5 = s5_stack
s6 = s6_stack
s10 = s10_stack
s7 = s7_stack
s8 = s8_stack
s9 = s9_stack
      return f_3


