func main()
t0 = 24
s1 = t0
t0 = 4
s2 = t0
t0 = s1
t0 = alloc(t0)
s3 = t0
t0 = s2
t0 = alloc(t0)
s4 = t0
t0 = @A_calculate
s5 = t0
t1 = s4
t0 = s5
[t1 + 0] = t0
t1 = s3
t0 = s4
[t1 + 0] = t0
t0 = s3
if0 t0 goto lbl_NullPtr_5
goto lbl_GoodPtr_6
lbl_NullPtr_5:
error("null pointer")
lbl_GoodPtr_6:
t0 = s3
t2 = t0
t0 = 44
s6 = t0
t0 = 4
s7 = t0
t0 = s6
t0 = alloc(t0)
s8 = t0
t0 = s7
t0 = alloc(t0)
s9 = t0
t0 = @B_calculate
s10 = t0
t1 = s9
t0 = s10
[t1 + 0] = t0
t1 = s8
t0 = s9
[t1 + 0] = t0
t0 = s8
if0 t0 goto lbl_NullPtr_12
goto lbl_GoodPtr_13
lbl_NullPtr_12:
error("null pointer")
lbl_GoodPtr_13:
t0 = s8
t3 = t0
t0 = t2
if0 t0 goto lbl_NullPtr_16
t0 = t2
t0 = [t0 + 0]
t4 = t0
t0 = t4
t0 = [t0 + 0]
t4 = t0
t0 = 10
t5 = t0
t0 = 20
s11 = t0
t0 = 30
s1 = t0
t0 = 40
s2 = t0
t0 = 50
s5 = t0
a2_stack = a2
a3_stack = a3
a4_stack = a4
a5_stack = a5
a6_stack = a6
a7_stack = a7
t0 = t2
a2 = t0
t0 = t5
a3 = t0
t0 = s11
a4 = t0
t0 = s1
a5 = t0
t0 = s2
a6 = t0
t0 = s5
a7 = t0
t0 = t4
t3_stack = t3
t0 = call t0()
a2 = a2_stack
a3 = a3_stack
a4 = a4_stack
a5 = a5_stack
a6 = a6_stack
a7 = a7_stack
t3 = t3_stack
s4 = t0
goto lbl_GoodPtr_17
lbl_NullPtr_16:
error("null pointer")
lbl_GoodPtr_17:
t0 = s4
t2 = t0
t0 = t2
print(t0)
t0 = t3
if0 t0 goto lbl_NullPtr_25
t0 = t3
t0 = [t0 + 0]
t4 = t0
t0 = t4
t0 = [t0 + 0]
t4 = t0
t0 = 10
t5 = t0
t0 = 20
s3 = t0
t0 = 30
s6 = t0
t0 = 40
s7 = t0
t0 = 50
s10 = t0
a2_stack = a2
a3_stack = a3
a4_stack = a4
a5_stack = a5
a6_stack = a6
a7_stack = a7
t0 = t3
a2 = t0
t0 = t5
a3 = t0
t0 = s3
a4 = t0
t0 = s6
a5 = t0
t0 = s7
a6 = t0
t0 = s10
a7 = t0
t0 = t4
t2_stack = t2
t0 = call t0()
a2 = a2_stack
a3 = a3_stack
a4 = a4_stack
a5 = a5_stack
a6 = a6_stack
a7 = a7_stack
t2 = t2_stack
s9 = t0
goto lbl_GoodPtr_26
lbl_NullPtr_25:
error("null pointer")
lbl_GoodPtr_26:
t0 = s9
t2 = t0
t0 = t2
print(t0)
t0 = 0
s8 = t0
v32_1 = s8
      return v32_1

func A_calculate()
s3_stack = s3
s4_stack = s4
s11_stack = s11
s5_stack = s5
s6_stack = s6
s10_stack = s10
s7_stack = s7
s8_stack = s8
s9_stack = s9
s1_stack = s1
s2_stack = s2
t0 = a3
t1 = a4
t0 = t0 + t1
s11 = t0
t1 = a2
t0 = s11
[t1 + 12] = t0
t0 = a4
t1 = a5
t0 = t0 + t1
s1 = t0
t1 = a2
t0 = s1
[t1 + 16] = t0
t0 = a5
t1 = a6
t0 = t0 + t1
s2 = t0
t1 = a2
t0 = s2
[t1 + 20] = t0
t0 = a6
t1 = a7
t0 = t0 + t1
s5 = t0
t1 = a2
t0 = s5
[t1 + 8] = t0
t0 = a7
t1 = a3
t0 = t0 + t1
s4 = t0
t1 = a2
t0 = s4
[t1 + 4] = t0
t0 = a2
t0 = [t0 + 12]
s3 = t0
t0 = a2
t0 = [t0 + 16]
s6 = t0
t0 = s3
t1 = s6
t0 = t0 + t1
s7 = t0
t0 = a2
t0 = [t0 + 20]
s10 = t0
t0 = a2
t0 = [t0 + 8]
s9 = t0
t0 = s10
t1 = s9
t0 = t0 + t1
s8 = t0
t0 = s7
t1 = s8
t0 = t0 + t1
s11 = t0
t0 = a2
t0 = [t0 + 4]
s1 = t0
t0 = s11
t1 = s1
t0 = t0 + t1
s2 = t0
v38_2 = s2
s3 = s3_stack
s4 = s4_stack
s11 = s11_stack
s5 = s5_stack
s6 = s6_stack
s10 = s10_stack
s7 = s7_stack
s8 = s8_stack
s9 = s9_stack
s1 = s1_stack
s2 = s2_stack
      return v38_2

func B_calculate()
s3_stack = s3
s4_stack = s4
s11_stack = s11
s5_stack = s5
s10_stack = s10
s6_stack = s6
s7_stack = s7
s8_stack = s8
s9_stack = s9
s1_stack = s1
s2_stack = s2
t0 = a3
t1 = a4
t0 = t0 * t1
s5 = t0
t0 = s5
a3 = t0
t0 = a4
t1 = a5
t0 = t0 * t1
s3 = t0
t0 = s3
a4 = t0
t0 = a5
t1 = a6
t0 = t0 * t1
s10 = t0
t0 = s10
a5 = t0
t0 = a6
t1 = a7
t0 = t0 * t1
s7 = t0
t0 = s7
a6 = t0
t0 = a7
t1 = a3
t0 = t0 * t1
s11 = t0
t0 = s11
a7 = t0
t0 = a3
t1 = a4
t0 = t0 + t1
s2 = t0
t0 = a5
t1 = a6
t0 = t0 + t1
s5 = t0
t0 = s2
t1 = s5
t0 = t0 + t1
s3 = t0
t0 = s3
t1 = a7
t0 = t0 + t1
s10 = t0
v52_3 = s10
s3 = s3_stack
s4 = s4_stack
s11 = s11_stack
s5 = s5_stack
s10 = s10_stack
s6 = s6_stack
s7 = s7_stack
s8 = s8_stack
s9 = s9_stack
s1 = s1_stack
s2 = s2_stack
      return v52_3


