func main()
t0 = 24
s1 = t0
t0 = 4
s2 = t0
t0 = s1
t0 = alloc(t0)
s3 = t0
t0 = s2
t0 = alloc(t0)
s4 = t0
t0 = @X_compute
s5 = t0
t1 = s4
t0 = s5
[t1 + 0] = t0
t1 = s3
t0 = s4
[t1 + 0] = t0
t0 = s3
if0 t0 goto lbl_NullPtr_5
goto lbl_GoodPtr_6
lbl_NullPtr_5:
error("null pointer")
lbl_GoodPtr_6:
t0 = s3
s6 = t0
t0 = 44
s7 = t0
t0 = 4
s8 = t0
t0 = s7
t0 = alloc(t0)
s9 = t0
t0 = s8
t0 = alloc(t0)
s10 = t0
t0 = @Y_compute
s11 = t0
t1 = s10
t0 = s11
[t1 + 0] = t0
t1 = s9
t0 = s10
[t1 + 0] = t0
t0 = s9
if0 t0 goto lbl_NullPtr_12
goto lbl_GoodPtr_13
lbl_NullPtr_12:
error("null pointer")
lbl_GoodPtr_13:
t0 = s9
t2 = t0
t0 = s6
if0 t0 goto lbl_NullPtr_16
t0 = s6
t0 = [t0 + 0]
s1 = t0
t0 = s1
t0 = [t0 + 0]
s1 = t0
t0 = 10
s2 = t0
t0 = 20
s5 = t0
t0 = 30
s4 = t0
t0 = 40
s3 = t0
t0 = 50
s7 = t0
a6 = s3
a5 = s4
a4 = s5
a2 = s6
a7 = s7
a3 = s2
t0 = s1
t2_stack = t2
t0 = call t0()
t2 = t2_stack
s8 = t0
goto lbl_GoodPtr_17
lbl_NullPtr_16:
error("null pointer")
lbl_GoodPtr_17:
t0 = s8
t3 = t0
t0 = t3
print(t0)
t0 = t2
if0 t0 goto lbl_NullPtr_25
t0 = t2
t0 = [t0 + 0]
s11 = t0
t0 = s11
t0 = [t0 + 0]
s11 = t0
t0 = 10
s10 = t0
t0 = 20
s9 = t0
t0 = 30
s6 = t0
t0 = 40
s1 = t0
t0 = 50
s2 = t0
a3 = s10
a5 = s6
a4 = s9
a2 = t2
a6 = s1
a7 = s2
t0 = s11
t3_stack = t3
t0 = call t0()
t3 = t3_stack
s5 = t0
goto lbl_GoodPtr_26
lbl_NullPtr_25:
error("null pointer")
lbl_GoodPtr_26:
t0 = s5
t3 = t0
t0 = t3
print(t0)
t0 = 0
s4 = t0
v32_1 = s4
      return v32_1

func X_compute()
s3_stack = s3
s4_stack = s4
s5_stack = s5
s11_stack = s11
s10_stack = s10
s6_stack = s6
s7_stack = s7
s8_stack = s8
s9_stack = s9
s1_stack = s1
s2_stack = s2
t0 = 0
s3 = t0
t0 = s3
s7 = t0
t0 = a3
t1 = a4
t0 = t0 + t1
s8 = t0
t0 = a5
t1 = a6
t0 = t0 + t1
s11 = t0
t0 = s8
t1 = s11
t0 = t0 + t1
s10 = t0
t0 = s10
t1 = a7
t0 = t0 + t1
s9 = t0
t0 = s9
s7 = t0
t0 = s7
a3 = t0
t0 = 1
s1 = t0
t0 = s7
t1 = s1
t0 = t0 + t1
s2 = t0
t0 = s2
a4 = t0
t0 = 2
s4 = t0
t0 = s7
t1 = s4
t0 = t0 + t1
s3 = t0
t0 = s3
a5 = t0
t0 = 3
s11 = t0
t0 = s7
t1 = s11
t0 = t0 + t1
s10 = t0
t0 = s10
a6 = t0
t0 = 4
s1 = t0
t0 = s7
t1 = s1
t0 = t0 + t1
s2 = t0
t0 = s2
a7 = t0
t0 = a3
t1 = a4
t0 = t0 + t1
s3 = t0
t0 = a5
t1 = a6
t0 = t0 + t1
s11 = t0
t0 = s3
t1 = s11
t0 = t0 + t1
s10 = t0
t0 = s10
t1 = a7
t0 = t0 + t1
s7 = t0
v46_2 = s7
s3 = s3_stack
s4 = s4_stack
s5 = s5_stack
s11 = s11_stack
s10 = s10_stack
s6 = s6_stack
s7 = s7_stack
s8 = s8_stack
s9 = s9_stack
s1 = s1_stack
s2 = s2_stack
      return v46_2

func Y_compute()
s3_stack = s3
s4_stack = s4
s11_stack = s11
s5_stack = s5
s10_stack = s10
s6_stack = s6
s7_stack = s7
s8_stack = s8
s9_stack = s9
s1_stack = s1
s2_stack = s2
t0 = 1
s1 = t0
t0 = s1
s2 = t0
t0 = a3
t1 = a4
t0 = t0 * t1
s6 = t0
t0 = a5
t1 = a6
t0 = t0 * t1
s5 = t0
t0 = s6
t1 = s5
t0 = t0 * t1
s8 = t0
t0 = s8
t1 = a7
t0 = t0 * t1
s9 = t0
t0 = s9
s2 = t0
t0 = s2
a3 = t0
t0 = 1
s11 = t0
t0 = s2
t1 = s11
t0 = t0 + t1
s4 = t0
t0 = s4
a4 = t0
t0 = 2
s7 = t0
t0 = s2
t1 = s7
t0 = t0 + t1
s1 = t0
t0 = s1
a5 = t0
t0 = 3
s5 = t0
t0 = s2
t1 = s5
t0 = t0 + t1
s8 = t0
t0 = s8
a6 = t0
t0 = 4
s11 = t0
t0 = s2
t1 = s11
t0 = t0 + t1
s4 = t0
t0 = s4
a7 = t0
t0 = a3
t1 = a4
t0 = t0 + t1
s1 = t0
t0 = a5
t1 = a6
t0 = t0 + t1
s5 = t0
t0 = s1
t1 = s5
t0 = t0 + t1
s8 = t0
t0 = s8
t1 = a7
t0 = t0 + t1
s2 = t0
v63_3 = s2
s3 = s3_stack
s4 = s4_stack
s11 = s11_stack
s5 = s5_stack
s10 = s10_stack
s6 = s6_stack
s7 = s7_stack
s8 = s8_stack
s9 = s9_stack
s1 = s1_stack
s2 = s2_stack
      return v63_3


