func main()
s3_stack = s3
s4_stack = s4
s5_stack = s5
s11_stack = s11
s10_stack = s10
s6_stack = s6
s7_stack = s7
s8_stack = s8
s9_stack = s9
s1_stack = s1
s2_stack = s2
t0 = 16
s1 = t0
t0 = 20
s2 = t0
t0 = s1
t0 = alloc(t0)
s3 = t0
t0 = s2
t0 = alloc(t0)
s4 = t0
t0 = @Element_Init
s5 = t0
t1 = s4
t0 = s5
[t1 + 0] = t0
t0 = @Element_GetFlag
s6 = t0
t1 = s4
t0 = s6
[t1 + 4] = t0
t0 = @Element_getCalculatedValue
s7 = t0
t1 = s4
t0 = s7
[t1 + 8] = t0
t0 = @Element_GetID
s8 = t0
t1 = s4
t0 = s8
[t1 + 12] = t0
t0 = @Element_GetValue
s9 = t0
t1 = s4
t0 = s9
[t1 + 16] = t0
t1 = s3
t0 = s4
[t1 + 0] = t0
t0 = s3
if0 t0 goto lbl_NullPtr_9
goto lbl_GoodPtr_10
lbl_NullPtr_9:
error("null pointer")
lbl_GoodPtr_10:
t0 = s3
t2 = t0
t0 = t2
if0 t0 goto lbl_NullPtr_13
t0 = t2
t0 = [t0 + 0]
t3 = t0
t0 = t3
t0 = [t0 + 0]
t3 = t0
t0 = 10
t4 = t0
t0 = 100
t5 = t0
t0 = 1
s10 = t0
a2_stack = a2
a3_stack = a3
a4_stack = a4
a5_stack = a5
t0 = t2
a2 = t0
t0 = t4
a3 = t0
t0 = t5
a4 = t0
t0 = s10
a5 = t0
t0 = t3
t2_stack = t2
t0 = call t0()
a2 = a2_stack
a3 = a3_stack
a4 = a4_stack
a5 = a5_stack
t2 = t2_stack
s11 = t0
goto lbl_GoodPtr_14
lbl_NullPtr_13:
error("null pointer")
lbl_GoodPtr_14:
t0 = s11
s1 = t0
t0 = 16
s2 = t0
t0 = 20
s5 = t0
t0 = s2
t0 = alloc(t0)
s6 = t0
t0 = s5
t0 = alloc(t0)
s7 = t0
t0 = @Element_Init
s8 = t0
t1 = s7
t0 = s8
[t1 + 0] = t0
t0 = @Element_GetFlag
s9 = t0
t1 = s7
t0 = s9
[t1 + 4] = t0
t0 = @Element_getCalculatedValue
s4 = t0
t1 = s7
t0 = s4
[t1 + 8] = t0
t0 = @Element_GetID
s3 = t0
t1 = s7
t0 = s3
[t1 + 12] = t0
t0 = @Element_GetValue
s10 = t0
t1 = s7
t0 = s10
[t1 + 16] = t0
t1 = s6
t0 = s7
[t1 + 0] = t0
t0 = s6
if0 t0 goto lbl_NullPtr_27
goto lbl_GoodPtr_28
lbl_NullPtr_27:
error("null pointer")
lbl_GoodPtr_28:
t0 = s6
t3 = t0
t0 = t3
if0 t0 goto lbl_NullPtr_31
t0 = t3
t0 = [t0 + 0]
t4 = t0
t0 = t4
t0 = [t0 + 0]
t4 = t0
t0 = 20
t5 = t0
t0 = 200
s11 = t0
t0 = 0
s1 = t0
a2_stack = a2
a3_stack = a3
a4_stack = a4
a5_stack = a5
t0 = t3
a2 = t0
t0 = t5
a3 = t0
t0 = s11
a4 = t0
t0 = s1
a5 = t0
t0 = t4
t2_stack = t2
t3_stack = t3
t0 = call t0()
a2 = a2_stack
a3 = a3_stack
a4 = a4_stack
a5 = a5_stack
t2 = t2_stack
t3 = t3_stack
s2 = t0
goto lbl_GoodPtr_32
lbl_NullPtr_31:
error("null pointer")
lbl_GoodPtr_32:
t0 = s2
s1 = t0
t0 = 16
s5 = t0
t0 = 20
s8 = t0
t0 = s5
t0 = alloc(t0)
s9 = t0
t0 = s8
t0 = alloc(t0)
s4 = t0
t0 = @Element_Init
s3 = t0
t1 = s4
t0 = s3
[t1 + 0] = t0
t0 = @Element_GetFlag
s10 = t0
t1 = s4
t0 = s10
[t1 + 4] = t0
t0 = @Element_getCalculatedValue
s7 = t0
t1 = s4
t0 = s7
[t1 + 8] = t0
t0 = @Element_GetID
s6 = t0
t1 = s4
t0 = s6
[t1 + 12] = t0
t0 = @Element_GetValue
s11 = t0
t1 = s4
t0 = s11
[t1 + 16] = t0
t1 = s9
t0 = s4
[t1 + 0] = t0
t0 = s9
if0 t0 goto lbl_NullPtr_45
goto lbl_GoodPtr_46
lbl_NullPtr_45:
error("null pointer")
lbl_GoodPtr_46:
t0 = s9
t4 = t0
t0 = t4
if0 t0 goto lbl_NullPtr_49
t0 = t4
t0 = [t0 + 0]
t5 = t0
t0 = t5
t0 = [t0 + 0]
t5 = t0
t0 = 30
s1 = t0
t0 = 300
s2 = t0
t0 = 1
s5 = t0
a2_stack = a2
a3_stack = a3
a4_stack = a4
a5_stack = a5
t0 = t4
a2 = t0
t0 = s1
a3 = t0
t0 = s2
a4 = t0
t0 = s5
a5 = t0
t0 = t5
t2_stack = t2
t3_stack = t3
t4_stack = t4
t0 = call t0()
a2 = a2_stack
a3 = a3_stack
a4 = a4_stack
a5 = a5_stack
t2 = t2_stack
t3 = t3_stack
t4 = t4_stack
s8 = t0
goto lbl_GoodPtr_50
lbl_NullPtr_49:
error("null pointer")
lbl_GoodPtr_50:
t0 = s8
s1 = t0
t0 = 16
s3 = t0
t0 = 20
s10 = t0
t0 = s3
t0 = alloc(t0)
s7 = t0
t0 = s10
t0 = alloc(t0)
s6 = t0
t0 = @Element_Init
s11 = t0
t1 = s6
t0 = s11
[t1 + 0] = t0
t0 = @Element_GetFlag
s4 = t0
t1 = s6
t0 = s4
[t1 + 4] = t0
t0 = @Element_getCalculatedValue
s9 = t0
t1 = s6
t0 = s9
[t1 + 8] = t0
t0 = @Element_GetID
s1 = t0
t1 = s6
t0 = s1
[t1 + 12] = t0
t0 = @Element_GetValue
s2 = t0
t1 = s6
t0 = s2
[t1 + 16] = t0
t1 = s7
t0 = s6
[t1 + 0] = t0
t0 = s7
if0 t0 goto lbl_NullPtr_63
goto lbl_GoodPtr_64
lbl_NullPtr_63:
error("null pointer")
lbl_GoodPtr_64:
t0 = s7
t5 = t0
t0 = t5
if0 t0 goto lbl_NullPtr_67
t0 = t5
t0 = [t0 + 0]
s5 = t0
t0 = s5
t0 = [t0 + 0]
s5 = t0
t0 = 40
s8 = t0
t0 = 400
s3 = t0
t0 = 0
s10 = t0
a2_stack = a2
a3_stack = a3
a4_stack = a4
a5_stack = a5
t0 = t5
a2 = t0
t0 = s8
a3 = t0
t0 = s3
a4 = t0
t0 = s10
a5 = t0
t0 = s5
t2_stack = t2
t3_stack = t3
t4_stack = t4
t5_stack = t5
t0 = call t0()
a2 = a2_stack
a3 = a3_stack
a4 = a4_stack
a5 = a5_stack
t2 = t2_stack
t3 = t3_stack
t4 = t4_stack
t5 = t5_stack
s11 = t0
goto lbl_GoodPtr_68
lbl_NullPtr_67:
error("null pointer")
lbl_GoodPtr_68:
t0 = s11
s1 = t0
t0 = 16
s4 = t0
t0 = 20
s9 = t0
t0 = s4
t0 = alloc(t0)
s1 = t0
t0 = s9
t0 = alloc(t0)
s2 = t0
t0 = @Element_Init
s6 = t0
t1 = s2
t0 = s6
[t1 + 0] = t0
t0 = @Element_GetFlag
s7 = t0
t1 = s2
t0 = s7
[t1 + 4] = t0
t0 = @Element_getCalculatedValue
s5 = t0
t1 = s2
t0 = s5
[t1 + 8] = t0
t0 = @Element_GetID
s8 = t0
t1 = s2
t0 = s8
[t1 + 12] = t0
t0 = @Element_GetValue
s3 = t0
t1 = s2
t0 = s3
[t1 + 16] = t0
t1 = s1
t0 = s2
[t1 + 0] = t0
t0 = s1
if0 t0 goto lbl_NullPtr_81
goto lbl_GoodPtr_82
lbl_NullPtr_81:
error("null pointer")
lbl_GoodPtr_82:
t0 = s1
s10 = t0
t0 = s10
if0 t0 goto lbl_NullPtr_85
t0 = s10
t0 = [t0 + 0]
s11 = t0
t0 = s11
t0 = [t0 + 0]
s11 = t0
t0 = 50
s4 = t0
t0 = 500
s9 = t0
t0 = 1
s6 = t0
a2_stack = a2
a3_stack = a3
a4_stack = a4
a5_stack = a5
t0 = s10
a2 = t0
t0 = s4
a3 = t0
t0 = s9
a4 = t0
t0 = s6
a5 = t0
t0 = s11
t2_stack = t2
t3_stack = t3
t4_stack = t4
t5_stack = t5
t0 = call t0()
a2 = a2_stack
a3 = a3_stack
a4 = a4_stack
a5 = a5_stack
t2 = t2_stack
t3 = t3_stack
t4 = t4_stack
t5 = t5_stack
s7 = t0
goto lbl_GoodPtr_86
lbl_NullPtr_85:
error("null pointer")
lbl_GoodPtr_86:
t0 = s7
s1 = t0
t0 = 24
s5 = t0
t0 = 4
s8 = t0
t0 = s5
t0 = alloc(t0)
s3 = t0
t0 = s8
t0 = alloc(t0)
s2 = t0
t0 = @A_calculate
s1 = t0
t1 = s2
t0 = s1
[t1 + 0] = t0
t1 = s3
t0 = s2
[t1 + 0] = t0
t0 = s3
if0 t0 goto lbl_NullPtr_95
goto lbl_GoodPtr_96
lbl_NullPtr_95:
error("null pointer")
lbl_GoodPtr_96:
t0 = s3
s11 = t0
t0 = 44
s4 = t0
t0 = 4
s9 = t0
t0 = s4
t0 = alloc(t0)
s6 = t0
t0 = s9
t0 = alloc(t0)
s7 = t0
t0 = @B_calculate
s5 = t0
t1 = s7
t0 = s5
[t1 + 0] = t0
t1 = s6
t0 = s7
[t1 + 0] = t0
t0 = s6
if0 t0 goto lbl_NullPtr_102
goto lbl_GoodPtr_103
lbl_NullPtr_102:
error("null pointer")
lbl_GoodPtr_103:
t0 = s6
s8 = t0
t0 = s11
if0 t0 goto lbl_NullPtr_106
t0 = s11
t0 = [t0 + 0]
s1 = t0
t0 = s1
t0 = [t0 + 0]
s1 = t0
a2_stack = a2
a3_stack = a3
a4_stack = a4
a5_stack = a5
a6_stack = a6
a7_stack = a7
t0 = s11
a2 = t0
t0 = t2
a3 = t0
t0 = t3
a4 = t0
t0 = t4
a5 = t0
t0 = t5
a6 = t0
t0 = s10
a7 = t0
t0 = s1
t2_stack = t2
t3_stack = t3
t4_stack = t4
t5_stack = t5
t0 = call t0()
a2 = a2_stack
a3 = a3_stack
a4 = a4_stack
a5 = a5_stack
a6 = a6_stack
a7 = a7_stack
t2 = t2_stack
t3 = t3_stack
t4 = t4_stack
t5 = t5_stack
s2 = t0
goto lbl_GoodPtr_107
lbl_NullPtr_106:
error("null pointer")
lbl_GoodPtr_107:
t0 = s2
s3 = t0
t0 = s3
print(t0)
t0 = s8
if0 t0 goto lbl_NullPtr_110
t0 = s8
t0 = [t0 + 0]
s4 = t0
t0 = s4
t0 = [t0 + 0]
s4 = t0
a2_stack = a2
a3_stack = a3
a4_stack = a4
a5_stack = a5
a6_stack = a6
a7_stack = a7
t0 = s8
a2 = t0
t0 = t2
a3 = t0
t0 = t3
a4 = t0
t0 = t4
a5 = t0
t0 = t5
a6 = t0
t0 = s10
a7 = t0
t0 = s4
t0 = call t0()
a2 = a2_stack
a3 = a3_stack
a4 = a4_stack
a5 = a5_stack
a6 = a6_stack
a7 = a7_stack
s9 = t0
goto lbl_GoodPtr_111
lbl_NullPtr_110:
error("null pointer")
lbl_GoodPtr_111:
t0 = s9
s3 = t0
t0 = s3
print(t0)
t0 = 0
s5 = t0
v112_1 = s5
      return v112_1

func Element_Init()
s7_stack = s7
t1 = a2
t0 = a3
[t1 + 12] = t0
t1 = a2
t0 = a4
[t1 + 8] = t0
t1 = a2
t0 = a5
[t1 + 4] = t0
t0 = 1
s7 = t0
v113_2 = s7
s7 = s7_stack
      return v113_2

func Element_GetValue()
s6_stack = s6
t0 = a2
t0 = [t0 + 12]
s6 = t0
v114_3 = s6
s6 = s6_stack
      return v114_3

func Element_GetID()
s11_stack = s11
t0 = a2
t0 = [t0 + 8]
s11 = t0
v115_4 = s11
s11 = s11_stack
      return v115_4

func Element_GetFlag()
s1_stack = s1
t0 = a2
t0 = [t0 + 4]
s1 = t0
v116_5 = s1
s1 = s1_stack
      return v116_5

func Element_getCalculatedValue()
t0 = a3
if0 t0 goto lbl_NullPtr_119
t0 = a3
t0 = [t0 + 0]
t2 = t0
t0 = t2
t0 = [t0 + 0]
t2 = t0
a2_stack = a2
a3_stack = a3
a4_stack = a4
a5_stack = a5
a6_stack = a6
a7_stack = a7
t0 = a3_stack
a2 = t0
t0 = a2_stack
a3 = t0
t0 = a2_stack
a4 = t0
t0 = a2_stack
a5 = t0
t0 = a2_stack
a6 = t0
t0 = a2_stack
a7 = t0
t0 = t2
t0 = call t0()
a2 = a2_stack
a3 = a3_stack
a4 = a4_stack
a5 = a5_stack
a6 = a6_stack
a7 = a7_stack
t3 = t0
goto lbl_GoodPtr_120
lbl_NullPtr_119:
error("null pointer")
lbl_GoodPtr_120:
v118_6 = t3
      return v118_6

func A_calculate()
s3_stack = s3
s4_stack = s4
s5_stack = s5
s11_stack = s11
s10_stack = s10
s6_stack = s6
s7_stack = s7
s8_stack = s8
s9_stack = s9
s1_stack = s1
s2_stack = s2
t0 = a3
if0 t0 goto lbl_NullPtr_126
t0 = a3
t0 = [t0 + 0]
t4 = t0
t0 = t4
t0 = [t0 + 16]
t4 = t0
a2_stack = a2
t0 = a3
a2 = t0
t0 = t4
t0 = call t0()
a2 = a2_stack
t5 = t0
goto lbl_GoodPtr_127
lbl_NullPtr_126:
error("null pointer")
lbl_GoodPtr_127:
t0 = a4
if0 t0 goto lbl_NullPtr_130
t0 = a4
t0 = [t0 + 0]
t2 = t0
t0 = t2
t0 = [t0 + 16]
t2 = t0
a2_stack = a2
t0 = a4
a2 = t0
t0 = t2
t5_stack = t5
t0 = call t0()
a2 = a2_stack
t5 = t5_stack
t3 = t0
goto lbl_GoodPtr_131
lbl_NullPtr_130:
error("null pointer")
lbl_GoodPtr_131:
t0 = t5
t1 = t3
t0 = t0 + t1
t4 = t0
t0 = a5
if0 t0 goto lbl_NullPtr_135
t0 = a5
t0 = [t0 + 0]
t2 = t0
t0 = t2
t0 = [t0 + 16]
t2 = t0
a2_stack = a2
t0 = a5
a2 = t0
t0 = t2
t4_stack = t4
t0 = call t0()
a2 = a2_stack
t4 = t4_stack
t5 = t0
goto lbl_GoodPtr_136
lbl_NullPtr_135:
error("null pointer")
lbl_GoodPtr_136:
t0 = a6
if0 t0 goto lbl_NullPtr_139
t0 = a6
t0 = [t0 + 0]
t3 = t0
t0 = t3
t0 = [t0 + 16]
t3 = t0
a2_stack = a2
t0 = a6
a2 = t0
t0 = t3
t4_stack = t4
t5_stack = t5
t0 = call t0()
a2 = a2_stack
t4 = t4_stack
t5 = t5_stack
t2 = t0
goto lbl_GoodPtr_140
lbl_NullPtr_139:
error("null pointer")
lbl_GoodPtr_140:
t0 = t5
t1 = t2
t0 = t0 + t1
s2 = t0
t0 = t4
t1 = s2
t0 = t0 + t1
t3 = t0
t0 = a7
if0 t0 goto lbl_NullPtr_143
t0 = a7
t0 = [t0 + 0]
t5 = t0
t0 = t5
t0 = [t0 + 16]
t5 = t0
a2_stack = a2
t0 = a7
a2 = t0
t0 = t5
t3_stack = t3
t0 = call t0()
a2 = a2_stack
t3 = t3_stack
t2 = t0
goto lbl_GoodPtr_144
lbl_NullPtr_143:
error("null pointer")
lbl_GoodPtr_144:
t0 = t3
t1 = t2
t0 = t0 + t1
s10 = t0
t1 = a2
t0 = s10
[t1 + 12] = t0
t0 = a3
if0 t0 goto lbl_NullPtr_150
t0 = a3
t0 = [t0 + 0]
t4 = t0
t0 = t4
t0 = [t0 + 12]
t4 = t0
a2_stack = a2
t0 = a3
a2 = t0
t0 = t4
t0 = call t0()
a2 = a2_stack
t5 = t0
goto lbl_GoodPtr_151
lbl_NullPtr_150:
error("null pointer")
lbl_GoodPtr_151:
t0 = a4
if0 t0 goto lbl_NullPtr_154
t0 = a4
t0 = [t0 + 0]
t3 = t0
t0 = t3
t0 = [t0 + 12]
t3 = t0
a2_stack = a2
t0 = a4
a2 = t0
t0 = t3
t5_stack = t5
t0 = call t0()
a2 = a2_stack
t5 = t5_stack
t2 = t0
goto lbl_GoodPtr_155
lbl_NullPtr_154:
error("null pointer")
lbl_GoodPtr_155:
t0 = t5
t1 = t2
t0 = t0 + t1
t4 = t0
t0 = a5
if0 t0 goto lbl_NullPtr_159
t0 = a5
t0 = [t0 + 0]
t3 = t0
t0 = t3
t0 = [t0 + 12]
t3 = t0
a2_stack = a2
t0 = a5
a2 = t0
t0 = t3
t4_stack = t4
t0 = call t0()
a2 = a2_stack
t4 = t4_stack
t5 = t0
goto lbl_GoodPtr_160
lbl_NullPtr_159:
error("null pointer")
lbl_GoodPtr_160:
t0 = a6
if0 t0 goto lbl_NullPtr_163
t0 = a6
t0 = [t0 + 0]
t2 = t0
t0 = t2
t0 = [t0 + 12]
t2 = t0
a2_stack = a2
t0 = a6
a2 = t0
t0 = t2
t4_stack = t4
t5_stack = t5
t0 = call t0()
a2 = a2_stack
t4 = t4_stack
t5 = t5_stack
t3 = t0
goto lbl_GoodPtr_164
lbl_NullPtr_163:
error("null pointer")
lbl_GoodPtr_164:
t0 = t5
t1 = t3
t0 = t0 + t1
s8 = t0
t0 = t4
t1 = s8
t0 = t0 + t1
t2 = t0
t0 = a7
if0 t0 goto lbl_NullPtr_167
t0 = a7
t0 = [t0 + 0]
t5 = t0
t0 = t5
t0 = [t0 + 12]
t5 = t0
a2_stack = a2
t0 = a7
a2 = t0
t0 = t5
t2_stack = t2
t0 = call t0()
a2 = a2_stack
t2 = t2_stack
t3 = t0
goto lbl_GoodPtr_168
lbl_NullPtr_167:
error("null pointer")
lbl_GoodPtr_168:
t0 = t2
t1 = t3
t0 = t0 + t1
s4 = t0
t1 = a2
t0 = s4
[t1 + 16] = t0
t0 = 0
s9 = t0
t0 = s9
t4 = t0
t0 = 0
s3 = t0
t0 = s3
t5 = t0
t0 = 0
s5 = t0
t0 = s5
t2 = t0
t0 = 0
s7 = t0
t0 = s7
t3 = t0
t0 = 0
s6 = t0
t0 = s6
s11 = t0
t0 = a3
if0 t0 goto lbl_NullPtr_178
t0 = a3
t0 = [t0 + 0]
s1 = t0
t0 = s1
t0 = [t0 + 4]
s1 = t0
a2_stack = a2
t0 = a3
a2 = t0
t0 = s1
t4_stack = t4
t5_stack = t5
t2_stack = t2
t3_stack = t3
t0 = call t0()
a2 = a2_stack
t4 = t4_stack
t5 = t5_stack
t2 = t2_stack
t3 = t3_stack
s2 = t0
goto lbl_GoodPtr_179
lbl_NullPtr_178:
error("null pointer")
lbl_GoodPtr_179:
t0 = s2
if0 t0 goto lbl_Else_174
t0 = 1
s10 = t0
t0 = s10
t4 = t0
goto lbl_IfEnd_175
lbl_Else_174:
t0 = 3
s8 = t0
t0 = s8
t4 = t0
lbl_IfEnd_175:
t0 = a4
if0 t0 goto lbl_NullPtr_186
t0 = a4
t0 = [t0 + 0]
s4 = t0
t0 = s4
t0 = [t0 + 4]
s4 = t0
a2_stack = a2
t0 = a4
a2 = t0
t0 = s4
t4_stack = t4
t5_stack = t5
t2_stack = t2
t3_stack = t3
t0 = call t0()
a2 = a2_stack
t4 = t4_stack
t5 = t5_stack
t2 = t2_stack
t3 = t3_stack
s9 = t0
goto lbl_GoodPtr_187
lbl_NullPtr_186:
error("null pointer")
lbl_GoodPtr_187:
t0 = s9
if0 t0 goto lbl_Else_182
t0 = 1
s3 = t0
t0 = s3
t5 = t0
goto lbl_IfEnd_183
lbl_Else_182:
t0 = 3
s5 = t0
t0 = s5
t5 = t0
lbl_IfEnd_183:
t0 = a5
if0 t0 goto lbl_NullPtr_194
t0 = a5
t0 = [t0 + 0]
s7 = t0
t0 = s7
t0 = [t0 + 4]
s7 = t0
a2_stack = a2
t0 = a5
a2 = t0
t0 = s7
t4_stack = t4
t5_stack = t5
t2_stack = t2
t3_stack = t3
t0 = call t0()
a2 = a2_stack
t4 = t4_stack
t5 = t5_stack
t2 = t2_stack
t3 = t3_stack
s6 = t0
goto lbl_GoodPtr_195
lbl_NullPtr_194:
error("null pointer")
lbl_GoodPtr_195:
t0 = s6
if0 t0 goto lbl_Else_190
t0 = 1
s1 = t0
t0 = s1
t2 = t0
goto lbl_IfEnd_191
lbl_Else_190:
t0 = 3
s2 = t0
t0 = s2
t2 = t0
lbl_IfEnd_191:
t0 = a6
if0 t0 goto lbl_NullPtr_202
t0 = a6
t0 = [t0 + 0]
s10 = t0
t0 = s10
t0 = [t0 + 4]
s10 = t0
a2_stack = a2
t0 = a6
a2 = t0
t0 = s10
t4_stack = t4
t5_stack = t5
t2_stack = t2
t3_stack = t3
t0 = call t0()
a2 = a2_stack
t4 = t4_stack
t5 = t5_stack
t2 = t2_stack
t3 = t3_stack
s8 = t0
goto lbl_GoodPtr_203
lbl_NullPtr_202:
error("null pointer")
lbl_GoodPtr_203:
t0 = s8
if0 t0 goto lbl_Else_198
t0 = 1
s4 = t0
t0 = s4
t3 = t0
goto lbl_IfEnd_199
lbl_Else_198:
t0 = 3
s9 = t0
t0 = s9
t3 = t0
lbl_IfEnd_199:
t0 = a7
if0 t0 goto lbl_NullPtr_210
t0 = a7
t0 = [t0 + 0]
s3 = t0
t0 = s3
t0 = [t0 + 4]
s3 = t0
a2_stack = a2
t0 = a7
a2 = t0
t0 = s3
t4_stack = t4
t5_stack = t5
t2_stack = t2
t3_stack = t3
t0 = call t0()
a2 = a2_stack
t4 = t4_stack
t5 = t5_stack
t2 = t2_stack
t3 = t3_stack
s5 = t0
goto lbl_GoodPtr_211
lbl_NullPtr_210:
error("null pointer")
lbl_GoodPtr_211:
t0 = s5
if0 t0 goto lbl_Else_206
t0 = 1
s7 = t0
t0 = s7
s11 = t0
goto lbl_IfEnd_207
lbl_Else_206:
t0 = 3
s6 = t0
t0 = s6
s11 = t0
lbl_IfEnd_207:
t0 = t4
t1 = t5
t0 = t0 + t1
s1 = t0
t0 = t2
t1 = t3
t0 = t0 + t1
s2 = t0
t0 = s1
t1 = s2
t0 = t0 + t1
s10 = t0
t0 = s10
t1 = s11
t0 = t0 + t1
s8 = t0
t1 = a2
t0 = s8
[t1 + 20] = t0
t0 = a2
t0 = [t0 + 12]
s4 = t0
t0 = a2
t0 = [t0 + 16]
s9 = t0
t0 = s4
t1 = s9
t0 = t0 * t1
s3 = t0
t1 = a2
t0 = s3
[t1 + 8] = t0
t0 = a2
t0 = [t0 + 8]
s5 = t0
t0 = a2
t0 = [t0 + 20]
s7 = t0
t0 = s5
t1 = s7
t0 = t0 + t1
s6 = t0
t1 = a2
t0 = s6
[t1 + 4] = t0
t0 = a2
t0 = [t0 + 12]
s1 = t0
t0 = a2
t0 = [t0 + 16]
s2 = t0
t0 = s1
t1 = s2
t0 = t0 + t1
s11 = t0
t0 = a2
t0 = [t0 + 20]
s10 = t0
t0 = a2
t0 = [t0 + 8]
s8 = t0
t0 = s10
t1 = s8
t0 = t0 + t1
s4 = t0
t0 = s11
t1 = s4
t0 = t0 + t1
s9 = t0
t0 = a2
t0 = [t0 + 4]
s3 = t0
t0 = s9
t1 = s3
t0 = t0 + t1
s5 = t0
v224_7 = s5
s3 = s3_stack
s4 = s4_stack
s5 = s5_stack
s11 = s11_stack
s10 = s10_stack
s6 = s6_stack
s7 = s7_stack
s8 = s8_stack
s9 = s9_stack
s1 = s1_stack
s2 = s2_stack
      return v224_7

func B_calculate()
s3_stack = s3
s4_stack = s4
s5_stack = s5
s11_stack = s11
s10_stack = s10
s6_stack = s6
s7_stack = s7
s8_stack = s8
s9_stack = s9
s1_stack = s1
s2_stack = s2
t0 = a3
if0 t0 goto lbl_NullPtr_238
t0 = a3
t0 = [t0 + 0]
t4 = t0
t0 = t4
t0 = [t0 + 16]
t4 = t0
a2_stack = a2
t0 = a3
a2 = t0
t0 = t4
t0 = call t0()
a2 = a2_stack
t5 = t0
goto lbl_GoodPtr_239
lbl_NullPtr_238:
error("null pointer")
lbl_GoodPtr_239:
t0 = a4
if0 t0 goto lbl_NullPtr_242
t0 = a4
t0 = [t0 + 0]
t2 = t0
t0 = t2
t0 = [t0 + 16]
t2 = t0
a2_stack = a2
t0 = a4
a2 = t0
t0 = t2
t5_stack = t5
t0 = call t0()
a2 = a2_stack
t5 = t5_stack
t3 = t0
goto lbl_GoodPtr_243
lbl_NullPtr_242:
error("null pointer")
lbl_GoodPtr_243:
t0 = t5
t1 = t3
t0 = t0 * t1
t4 = t0
t0 = a5
if0 t0 goto lbl_NullPtr_247
t0 = a5
t0 = [t0 + 0]
t2 = t0
t0 = t2
t0 = [t0 + 16]
t2 = t0
a2_stack = a2
t0 = a5
a2 = t0
t0 = t2
t4_stack = t4
t0 = call t0()
a2 = a2_stack
t4 = t4_stack
t5 = t0
goto lbl_GoodPtr_248
lbl_NullPtr_247:
error("null pointer")
lbl_GoodPtr_248:
t0 = a6
if0 t0 goto lbl_NullPtr_251
t0 = a6
t0 = [t0 + 0]
t3 = t0
t0 = t3
t0 = [t0 + 16]
t3 = t0
a2_stack = a2
t0 = a6
a2 = t0
t0 = t3
t4_stack = t4
t5_stack = t5
t0 = call t0()
a2 = a2_stack
t4 = t4_stack
t5 = t5_stack
t2 = t0
goto lbl_GoodPtr_252
lbl_NullPtr_251:
error("null pointer")
lbl_GoodPtr_252:
t0 = t5
t1 = t2
t0 = t0 * t1
s7 = t0
t0 = t4
t1 = s7
t0 = t0 * t1
t3 = t0
t0 = a7
if0 t0 goto lbl_NullPtr_255
t0 = a7
t0 = [t0 + 0]
t5 = t0
t0 = t5
t0 = [t0 + 16]
t5 = t0
a2_stack = a2
t0 = a7
a2 = t0
t0 = t5
t3_stack = t3
t0 = call t0()
a2 = a2_stack
t3 = t3_stack
t2 = t0
goto lbl_GoodPtr_256
lbl_NullPtr_255:
error("null pointer")
lbl_GoodPtr_256:
t0 = t3
t1 = t2
t0 = t0 * t1
s6 = t0
t1 = a2
t0 = s6
[t1 + 24] = t0
t0 = a3
if0 t0 goto lbl_NullPtr_262
t0 = a3
t0 = [t0 + 0]
t4 = t0
t0 = t4
t0 = [t0 + 12]
t4 = t0
a2_stack = a2
t0 = a3
a2 = t0
t0 = t4
t0 = call t0()
a2 = a2_stack
t5 = t0
goto lbl_GoodPtr_263
lbl_NullPtr_262:
error("null pointer")
lbl_GoodPtr_263:
t0 = a4
if0 t0 goto lbl_NullPtr_266
t0 = a4
t0 = [t0 + 0]
t3 = t0
t0 = t3
t0 = [t0 + 12]
t3 = t0
a2_stack = a2
t0 = a4
a2 = t0
t0 = t3
t5_stack = t5
t0 = call t0()
a2 = a2_stack
t5 = t5_stack
t2 = t0
goto lbl_GoodPtr_267
lbl_NullPtr_266:
error("null pointer")
lbl_GoodPtr_267:
t0 = t5
t1 = t2
t0 = t0 * t1
t4 = t0
t0 = a5
if0 t0 goto lbl_NullPtr_271
t0 = a5
t0 = [t0 + 0]
t3 = t0
t0 = t3
t0 = [t0 + 12]
t3 = t0
a2_stack = a2
t0 = a5
a2 = t0
t0 = t3
t4_stack = t4
t0 = call t0()
a2 = a2_stack
t4 = t4_stack
t5 = t0
goto lbl_GoodPtr_272
lbl_NullPtr_271:
error("null pointer")
lbl_GoodPtr_272:
t0 = a6
if0 t0 goto lbl_NullPtr_275
t0 = a6
t0 = [t0 + 0]
t2 = t0
t0 = t2
t0 = [t0 + 12]
t2 = t0
a2_stack = a2
t0 = a6
a2 = t0
t0 = t2
t4_stack = t4
t5_stack = t5
t0 = call t0()
a2 = a2_stack
t4 = t4_stack
t5 = t5_stack
t3 = t0
goto lbl_GoodPtr_276
lbl_NullPtr_275:
error("null pointer")
lbl_GoodPtr_276:
t0 = t5
t1 = t3
t0 = t0 * t1
s1 = t0
t0 = t4
t1 = s1
t0 = t0 * t1
t2 = t0
t0 = a7
if0 t0 goto lbl_NullPtr_279
t0 = a7
t0 = [t0 + 0]
t5 = t0
t0 = t5
t0 = [t0 + 12]
t5 = t0
a2_stack = a2
t0 = a7
a2 = t0
t0 = t5
t2_stack = t2
t0 = call t0()
a2 = a2_stack
t2 = t2_stack
t3 = t0
goto lbl_GoodPtr_280
lbl_NullPtr_279:
error("null pointer")
lbl_GoodPtr_280:
t0 = t2
t1 = t3
t0 = t0 * t1
s2 = t0
t1 = a2
t0 = s2
[t1 + 28] = t0
t0 = 0
s10 = t0
t0 = s10
t4 = t0
t0 = 0
s8 = t0
t0 = s8
t5 = t0
t0 = 0
s11 = t0
t0 = s11
t2 = t0
t0 = 0
s4 = t0
t0 = s4
t3 = t0
t0 = 0
s9 = t0
t0 = s9
s3 = t0
t0 = a3
if0 t0 goto lbl_NullPtr_290
t0 = a3
t0 = [t0 + 0]
s5 = t0
t0 = s5
t0 = [t0 + 4]
s5 = t0
a2_stack = a2
t0 = a3
a2 = t0
t0 = s5
t4_stack = t4
t5_stack = t5
t2_stack = t2
t3_stack = t3
t0 = call t0()
a2 = a2_stack
t4 = t4_stack
t5 = t5_stack
t2 = t2_stack
t3 = t3_stack
s7 = t0
goto lbl_GoodPtr_291
lbl_NullPtr_290:
error("null pointer")
lbl_GoodPtr_291:
t0 = s7
if0 t0 goto lbl_Else_286
t0 = 1
s6 = t0
t0 = s6
t4 = t0
goto lbl_IfEnd_287
lbl_Else_286:
t0 = 3
s1 = t0
t0 = s1
t4 = t0
lbl_IfEnd_287:
t0 = a4
if0 t0 goto lbl_NullPtr_298
t0 = a4
t0 = [t0 + 0]
s2 = t0
t0 = s2
t0 = [t0 + 4]
s2 = t0
a2_stack = a2
t0 = a4
a2 = t0
t0 = s2
t4_stack = t4
t5_stack = t5
t2_stack = t2
t3_stack = t3
t0 = call t0()
a2 = a2_stack
t4 = t4_stack
t5 = t5_stack
t2 = t2_stack
t3 = t3_stack
s10 = t0
goto lbl_GoodPtr_299
lbl_NullPtr_298:
error("null pointer")
lbl_GoodPtr_299:
t0 = s10
if0 t0 goto lbl_Else_294
t0 = 1
s8 = t0
t0 = s8
t5 = t0
goto lbl_IfEnd_295
lbl_Else_294:
t0 = 3
s11 = t0
t0 = s11
t5 = t0
lbl_IfEnd_295:
t0 = a5
if0 t0 goto lbl_NullPtr_306
t0 = a5
t0 = [t0 + 0]
s4 = t0
t0 = s4
t0 = [t0 + 4]
s4 = t0
a2_stack = a2
t0 = a5
a2 = t0
t0 = s4
t4_stack = t4
t5_stack = t5
t2_stack = t2
t3_stack = t3
t0 = call t0()
a2 = a2_stack
t4 = t4_stack
t5 = t5_stack
t2 = t2_stack
t3 = t3_stack
s9 = t0
goto lbl_GoodPtr_307
lbl_NullPtr_306:
error("null pointer")
lbl_GoodPtr_307:
t0 = s9
if0 t0 goto lbl_Else_302
t0 = 1
s5 = t0
t0 = s5
t2 = t0
goto lbl_IfEnd_303
lbl_Else_302:
t0 = 3
s7 = t0
t0 = s7
t2 = t0
lbl_IfEnd_303:
t0 = a6
if0 t0 goto lbl_NullPtr_314
t0 = a6
t0 = [t0 + 0]
s6 = t0
t0 = s6
t0 = [t0 + 4]
s6 = t0
a2_stack = a2
t0 = a6
a2 = t0
t0 = s6
t4_stack = t4
t5_stack = t5
t2_stack = t2
t3_stack = t3
t0 = call t0()
a2 = a2_stack
t4 = t4_stack
t5 = t5_stack
t2 = t2_stack
t3 = t3_stack
s1 = t0
goto lbl_GoodPtr_315
lbl_NullPtr_314:
error("null pointer")
lbl_GoodPtr_315:
t0 = s1
if0 t0 goto lbl_Else_310
t0 = 1
s2 = t0
t0 = s2
t3 = t0
goto lbl_IfEnd_311
lbl_Else_310:
t0 = 3
s10 = t0
t0 = s10
t3 = t0
lbl_IfEnd_311:
t0 = a7
if0 t0 goto lbl_NullPtr_322
t0 = a7
t0 = [t0 + 0]
s8 = t0
t0 = s8
t0 = [t0 + 4]
s8 = t0
a2_stack = a2
t0 = a7
a2 = t0
t0 = s8
t4_stack = t4
t5_stack = t5
t2_stack = t2
t3_stack = t3
t0 = call t0()
a2 = a2_stack
t4 = t4_stack
t5 = t5_stack
t2 = t2_stack
t3 = t3_stack
s11 = t0
goto lbl_GoodPtr_323
lbl_NullPtr_322:
error("null pointer")
lbl_GoodPtr_323:
t0 = s11
if0 t0 goto lbl_Else_318
t0 = 1
s4 = t0
t0 = s4
s3 = t0
goto lbl_IfEnd_319
lbl_Else_318:
t0 = 3
s9 = t0
t0 = s9
s3 = t0
lbl_IfEnd_319:
t0 = t4
t1 = t5
t0 = t0 + t1
s5 = t0
t0 = t2
t1 = t3
t0 = t0 + t1
s7 = t0
t0 = s5
t1 = s7
t0 = t0 + t1
s6 = t0
t0 = s6
t1 = s3
t0 = t0 + t1
s1 = t0
t1 = a2
t0 = s1
[t1 + 32] = t0
t0 = a2
t0 = [t0 + 24]
s2 = t0
t0 = a2
t0 = [t0 + 28]
s10 = t0
t0 = s2
t1 = s10
t0 = t0 * t1
s8 = t0
t1 = a2
t0 = s8
[t1 + 36] = t0
t0 = a2
t0 = [t0 + 36]
s11 = t0
t0 = a2
t0 = [t0 + 32]
s4 = t0
t0 = s11
t1 = s4
t0 = t0 + t1
s9 = t0
t1 = a2
t0 = s9
[t1 + 40] = t0
t0 = a2
t0 = [t0 + 24]
s5 = t0
t0 = a2
t0 = [t0 + 28]
s7 = t0
t0 = s5
t1 = s7
t0 = t0 + t1
s3 = t0
t0 = a2
t0 = [t0 + 32]
s6 = t0
t0 = a2
t0 = [t0 + 36]
s1 = t0
t0 = s6
t1 = s1
t0 = t0 + t1
s2 = t0
t0 = s3
t1 = s2
t0 = t0 + t1
s10 = t0
t0 = a2
t0 = [t0 + 40]
s8 = t0
t0 = s10
t1 = s8
t0 = t0 + t1
s11 = t0
v336_8 = s11
s3 = s3_stack
s4 = s4_stack
s5 = s5_stack
s11 = s11_stack
s10 = s10_stack
s6 = s6_stack
s7 = s7_stack
s8 = s8_stack
s9 = s9_stack
s1 = s1_stack
s2 = s2_stack
      return v336_8


