func main()
t0 = 16
s1 = t0
t0 = 20
s2 = t0
t0 = s1
t0 = alloc(t0)
s3 = t0
t0 = s2
t0 = alloc(t0)
s4 = t0
t0 = @Element_Init
s5 = t0
t1 = s4
t0 = s5
[t1 + 0] = t0
t0 = @Element_GetFlag
s6 = t0
t1 = s4
t0 = s6
[t1 + 4] = t0
t0 = @Element_GetID
s7 = t0
t1 = s4
t0 = s7
[t1 + 8] = t0
t0 = @Element_getMutualSum
s8 = t0
t1 = s4
t0 = s8
[t1 + 12] = t0
t0 = @Element_GetValue
s9 = t0
t1 = s4
t0 = s9
[t1 + 16] = t0
t1 = s3
t0 = s4
[t1 + 0] = t0
t0 = s3
if0 t0 goto lbl_NullPtr_9
goto lbl_GoodPtr_10
lbl_NullPtr_9:
error("null pointer")
lbl_GoodPtr_10:
t0 = s3
t2 = t0
t0 = t2
if0 t0 goto lbl_NullPtr_13
t0 = t2
t0 = [t0 + 0]
s10 = t0
t0 = s10
t0 = [t0 + 0]
s10 = t0
t0 = 10
s11 = t0
t0 = 100
s1 = t0
t0 = 1
s2 = t0
a3 = s11
a2 = t2
a4 = s1
a5 = s2
t0 = s10
t2_stack = t2
t0 = call t0()
t2 = t2_stack
s5 = t0
goto lbl_GoodPtr_14
lbl_NullPtr_13:
error("null pointer")
lbl_GoodPtr_14:
t0 = s5
s6 = t0
t0 = 16
s7 = t0
t0 = 20
s8 = t0
t0 = s7
t0 = alloc(t0)
s9 = t0
t0 = s8
t0 = alloc(t0)
s4 = t0
t0 = @Element_Init
s3 = t0
t1 = s4
t0 = s3
[t1 + 0] = t0
t0 = @Element_GetFlag
s10 = t0
t1 = s4
t0 = s10
[t1 + 4] = t0
t0 = @Element_GetID
s11 = t0
t1 = s4
t0 = s11
[t1 + 8] = t0
t0 = @Element_getMutualSum
s1 = t0
t1 = s4
t0 = s1
[t1 + 12] = t0
t0 = @Element_GetValue
s2 = t0
t1 = s4
t0 = s2
[t1 + 16] = t0
t1 = s9
t0 = s4
[t1 + 0] = t0
t0 = s9
if0 t0 goto lbl_NullPtr_27
goto lbl_GoodPtr_28
lbl_NullPtr_27:
error("null pointer")
lbl_GoodPtr_28:
t0 = s9
t3 = t0
t0 = t3
if0 t0 goto lbl_NullPtr_31
t0 = t3
t0 = [t0 + 0]
s5 = t0
t0 = s5
t0 = [t0 + 0]
s5 = t0
t0 = 20
s6 = t0
t0 = 200
s7 = t0
t0 = 0
s8 = t0
a3 = s6
a4 = s7
a5 = s8
a2 = t3
t0 = s5
t2_stack = t2
t3_stack = t3
t0 = call t0()
t2 = t2_stack
t3 = t3_stack
s3 = t0
goto lbl_GoodPtr_32
lbl_NullPtr_31:
error("null pointer")
lbl_GoodPtr_32:
t0 = s3
s6 = t0
t0 = 16
s10 = t0
t0 = 20
s11 = t0
t0 = s10
t0 = alloc(t0)
s1 = t0
t0 = s11
t0 = alloc(t0)
s2 = t0
t0 = @Element_Init
s4 = t0
t1 = s2
t0 = s4
[t1 + 0] = t0
t0 = @Element_GetFlag
s9 = t0
t1 = s2
t0 = s9
[t1 + 4] = t0
t0 = @Element_GetID
s5 = t0
t1 = s2
t0 = s5
[t1 + 8] = t0
t0 = @Element_getMutualSum
s6 = t0
t1 = s2
t0 = s6
[t1 + 12] = t0
t0 = @Element_GetValue
s7 = t0
t1 = s2
t0 = s7
[t1 + 16] = t0
t1 = s1
t0 = s2
[t1 + 0] = t0
t0 = s1
if0 t0 goto lbl_NullPtr_45
goto lbl_GoodPtr_46
lbl_NullPtr_45:
error("null pointer")
lbl_GoodPtr_46:
t0 = s1
t4 = t0
t0 = t4
if0 t0 goto lbl_NullPtr_49
t0 = t4
t0 = [t0 + 0]
s8 = t0
t0 = s8
t0 = [t0 + 0]
s8 = t0
t0 = 30
s3 = t0
t0 = 300
s10 = t0
t0 = 1
s11 = t0
a2 = t4
a3 = s3
a5 = s11
a4 = s10
t0 = s8
t2_stack = t2
t3_stack = t3
t4_stack = t4
t0 = call t0()
t2 = t2_stack
t3 = t3_stack
t4 = t4_stack
s4 = t0
goto lbl_GoodPtr_50
lbl_NullPtr_49:
error("null pointer")
lbl_GoodPtr_50:
t0 = s4
s6 = t0
t0 = 16
s9 = t0
t0 = 20
s5 = t0
t0 = s9
t0 = alloc(t0)
s6 = t0
t0 = s5
t0 = alloc(t0)
s7 = t0
t0 = @Element_Init
s2 = t0
t1 = s7
t0 = s2
[t1 + 0] = t0
t0 = @Element_GetFlag
s1 = t0
t1 = s7
t0 = s1
[t1 + 4] = t0
t0 = @Element_GetID
s8 = t0
t1 = s7
t0 = s8
[t1 + 8] = t0
t0 = @Element_getMutualSum
s3 = t0
t1 = s7
t0 = s3
[t1 + 12] = t0
t0 = @Element_GetValue
s10 = t0
t1 = s7
t0 = s10
[t1 + 16] = t0
t1 = s6
t0 = s7
[t1 + 0] = t0
t0 = s6
if0 t0 goto lbl_NullPtr_63
goto lbl_GoodPtr_64
lbl_NullPtr_63:
error("null pointer")
lbl_GoodPtr_64:
t0 = s6
t5 = t0
t0 = t5
if0 t0 goto lbl_NullPtr_67
t0 = t5
t0 = [t0 + 0]
s11 = t0
t0 = s11
t0 = [t0 + 0]
s11 = t0
t0 = 40
s4 = t0
t0 = 400
s9 = t0
t0 = 0
s5 = t0
a2 = t5
a3 = s4
a5 = s5
a4 = s9
t0 = s11
t2_stack = t2
t3_stack = t3
t4_stack = t4
t5_stack = t5
t0 = call t0()
t2 = t2_stack
t3 = t3_stack
t4 = t4_stack
t5 = t5_stack
s2 = t0
goto lbl_GoodPtr_68
lbl_NullPtr_67:
error("null pointer")
lbl_GoodPtr_68:
t0 = s2
s6 = t0
t0 = 16
s1 = t0
t0 = 20
s8 = t0
t0 = s1
t0 = alloc(t0)
s3 = t0
t0 = s8
t0 = alloc(t0)
s10 = t0
t0 = @Element_Init
s7 = t0
t1 = s10
t0 = s7
[t1 + 0] = t0
t0 = @Element_GetFlag
s6 = t0
t1 = s10
t0 = s6
[t1 + 4] = t0
t0 = @Element_GetID
s11 = t0
t1 = s10
t0 = s11
[t1 + 8] = t0
t0 = @Element_getMutualSum
s4 = t0
t1 = s10
t0 = s4
[t1 + 12] = t0
t0 = @Element_GetValue
s9 = t0
t1 = s10
t0 = s9
[t1 + 16] = t0
t1 = s3
t0 = s10
[t1 + 0] = t0
t0 = s3
if0 t0 goto lbl_NullPtr_81
goto lbl_GoodPtr_82
lbl_NullPtr_81:
error("null pointer")
lbl_GoodPtr_82:
t0 = s3
s5 = t0
t0 = s5
if0 t0 goto lbl_NullPtr_85
t0 = s5
t0 = [t0 + 0]
s2 = t0
t0 = s2
t0 = [t0 + 0]
s2 = t0
t0 = 50
s1 = t0
t0 = 500
s8 = t0
t0 = 1
s7 = t0
a2 = s5
a5 = s7
a4 = s8
a3 = s1
t0 = s2
t2_stack = t2
t3_stack = t3
t4_stack = t4
t5_stack = t5
t0 = call t0()
t2 = t2_stack
t3 = t3_stack
t4 = t4_stack
t5 = t5_stack
s6 = t0
goto lbl_GoodPtr_86
lbl_NullPtr_85:
error("null pointer")
lbl_GoodPtr_86:
t0 = s6
s6 = t0
t0 = 24
s11 = t0
t0 = 4
s4 = t0
t0 = s11
t0 = alloc(t0)
s9 = t0
t0 = s4
t0 = alloc(t0)
s10 = t0
t0 = @X_compute
s3 = t0
t1 = s10
t0 = s3
[t1 + 0] = t0
t1 = s9
t0 = s10
[t1 + 0] = t0
t0 = s9
if0 t0 goto lbl_NullPtr_95
goto lbl_GoodPtr_96
lbl_NullPtr_95:
error("null pointer")
lbl_GoodPtr_96:
t0 = s9
s2 = t0
t0 = 44
s1 = t0
t0 = 4
s8 = t0
t0 = s1
t0 = alloc(t0)
s7 = t0
t0 = s8
t0 = alloc(t0)
s6 = t0
t0 = @Y_compute
s11 = t0
t1 = s6
t0 = s11
[t1 + 0] = t0
t1 = s7
t0 = s6
[t1 + 0] = t0
t0 = s7
if0 t0 goto lbl_NullPtr_102
goto lbl_GoodPtr_103
lbl_NullPtr_102:
error("null pointer")
lbl_GoodPtr_103:
t0 = s7
s4 = t0
t0 = s2
if0 t0 goto lbl_NullPtr_106
t0 = s2
t0 = [t0 + 0]
s3 = t0
t0 = s3
t0 = [t0 + 0]
s3 = t0
a5 = t4
a6 = t5
a7 = s5
a3 = t2
a2 = s2
a4 = t3
t0 = s3
t2_stack = t2
t3_stack = t3
t4_stack = t4
t5_stack = t5
t0 = call t0()
t2 = t2_stack
t3 = t3_stack
t4 = t4_stack
t5 = t5_stack
s10 = t0
goto lbl_GoodPtr_107
lbl_NullPtr_106:
error("null pointer")
lbl_GoodPtr_107:
t0 = s10
s9 = t0
t0 = s9
print(t0)
t0 = s4
if0 t0 goto lbl_NullPtr_110
t0 = s4
t0 = [t0 + 0]
s1 = t0
t0 = s1
t0 = [t0 + 0]
s1 = t0
a5 = t4
a2 = s4
a6 = t5
a7 = s5
a3 = t2
a4 = t3
t0 = s1
t0 = call t0()
s8 = t0
goto lbl_GoodPtr_111
lbl_NullPtr_110:
error("null pointer")
lbl_GoodPtr_111:
t0 = s8
s9 = t0
t0 = s9
print(t0)
t0 = 0
s11 = t0
v112_1 = s11
      return v112_1

func Element_Init()
s6_stack = s6
t1 = a2
t0 = a3
[t1 + 12] = t0
t1 = a2
t0 = a4
[t1 + 8] = t0
t1 = a2
t0 = a5
[t1 + 4] = t0
t0 = 1
s6 = t0
v113_2 = s6
s6 = s6_stack
      return v113_2

func Element_GetValue()
s7_stack = s7
t0 = a2
t0 = [t0 + 12]
s7 = t0
v114_3 = s7
s7 = s7_stack
      return v114_3

func Element_GetID()
s2_stack = s2
t0 = a2
t0 = [t0 + 8]
s2 = t0
v115_4 = s2
s2 = s2_stack
      return v115_4

func Element_GetFlag()
s3_stack = s3
t0 = a2
t0 = [t0 + 4]
s3 = t0
v116_5 = s3
s3 = s3_stack
      return v116_5

func Element_getMutualSum()
s4_stack = s4
s5_stack = s5
s10_stack = s10
s1_stack = s1
t0 = a3
if0 t0 goto lbl_NullPtr_120
t0 = a3
t0 = [t0 + 0]
s10 = t0
t0 = s10
t0 = [t0 + 0]
s10 = t0
a2_stack = a2
a4_stack = a4
a7 = a2
a2 = a3
t0 = s10
t0 = call t0()
a2 = a2_stack
a4 = a4_stack
t2 = t0
goto lbl_GoodPtr_121
lbl_NullPtr_120:
error("null pointer")
lbl_GoodPtr_121:
t0 = a4
if0 t0 goto lbl_NullPtr_124
t0 = a4
t0 = [t0 + 0]
s5 = t0
t0 = s5
t0 = [t0 + 0]
s5 = t0
a2_stack = a2
a4_stack = a4
a7 = a2
a2 = a4
t0 = s5
t2_stack = t2
t0 = call t0()
a2 = a2_stack
a4 = a4_stack
t2 = t2_stack
s4 = t0
goto lbl_GoodPtr_125
lbl_NullPtr_124:
error("null pointer")
lbl_GoodPtr_125:
t0 = t2
t1 = s4
t0 = t0 + t1
s1 = t0
v117_6 = s1
s4 = s4_stack
s5 = s5_stack
s10 = s10_stack
s1 = s1_stack
      return v117_6

func X_compute()
s3_stack = s3
s4_stack = s4
s5_stack = s5
s11_stack = s11
s6_stack = s6
s10_stack = s10
s7_stack = s7
s8_stack = s8
s9_stack = s9
s1_stack = s1
s2_stack = s2
t0 = 0
s8 = t0
t0 = s8
t3 = t0
t0 = a3
if0 t0 goto lbl_NullPtr_132
t0 = a3
t0 = [t0 + 0]
s9 = t0
t0 = s9
t0 = [t0 + 16]
s9 = t0
a2_stack = a2
a2 = a3
t0 = s9
t3_stack = t3
t0 = call t0()
a2 = a2_stack
t3 = t3_stack
t4 = t0
goto lbl_GoodPtr_133
lbl_NullPtr_132:
error("null pointer")
lbl_GoodPtr_133:
t0 = a4
if0 t0 goto lbl_NullPtr_136
t0 = a4
t0 = [t0 + 0]
s11 = t0
t0 = s11
t0 = [t0 + 16]
s11 = t0
a2_stack = a2
a2 = a4
t0 = s11
t3_stack = t3
t4_stack = t4
t0 = call t0()
a2 = a2_stack
t3 = t3_stack
t4 = t4_stack
s6 = t0
goto lbl_GoodPtr_137
lbl_NullPtr_136:
error("null pointer")
lbl_GoodPtr_137:
t0 = t4
t1 = s6
t0 = t0 + t1
t5 = t0
t0 = a5
if0 t0 goto lbl_NullPtr_141
t0 = a5
t0 = [t0 + 0]
s7 = t0
t0 = s7
t0 = [t0 + 16]
s7 = t0
a2_stack = a2
a2 = a5
t0 = s7
t3_stack = t3
t5_stack = t5
t0 = call t0()
a2 = a2_stack
t3 = t3_stack
t5 = t5_stack
t2 = t0
goto lbl_GoodPtr_142
lbl_NullPtr_141:
error("null pointer")
lbl_GoodPtr_142:
t0 = a6
if0 t0 goto lbl_NullPtr_145
t0 = a6
t0 = [t0 + 0]
s2 = t0
t0 = s2
t0 = [t0 + 16]
s2 = t0
a2_stack = a2
a2 = a6
t0 = s2
t3_stack = t3
t5_stack = t5
t2_stack = t2
t0 = call t0()
a2 = a2_stack
t3 = t3_stack
t5 = t5_stack
t2 = t2_stack
s3 = t0
goto lbl_GoodPtr_146
lbl_NullPtr_145:
error("null pointer")
lbl_GoodPtr_146:
t0 = t2
t1 = s3
t0 = t0 + t1
s10 = t0
t0 = t5
t1 = s10
t0 = t0 + t1
t4 = t0
t0 = a7
if0 t0 goto lbl_NullPtr_149
t0 = a7
t0 = [t0 + 0]
s5 = t0
t0 = s5
t0 = [t0 + 16]
s5 = t0
a2_stack = a2
a2 = a7
t0 = s5
t3_stack = t3
t4_stack = t4
t0 = call t0()
a2 = a2_stack
t3 = t3_stack
t4 = t4_stack
s4 = t0
goto lbl_GoodPtr_150
lbl_NullPtr_149:
error("null pointer")
lbl_GoodPtr_150:
t0 = t4
t1 = s4
t0 = t0 + t1
s1 = t0
t0 = s1
t3 = t0
t1 = a2
t0 = t3
[t1 + 4] = t0
t0 = 1
s8 = t0
t0 = t3
t1 = s8
t0 = t0 + t1
s9 = t0
t1 = a2
t0 = s9
[t1 + 8] = t0
t0 = 2
s11 = t0
t0 = t3
t1 = s11
t0 = t0 + t1
s6 = t0
t1 = a2
t0 = s6
[t1 + 12] = t0
t0 = 3
s7 = t0
t0 = t3
t1 = s7
t0 = t0 + t1
s2 = t0
t1 = a2
t0 = s2
[t1 + 16] = t0
t0 = 4
s3 = t0
t0 = t3
t1 = s3
t0 = t0 + t1
s10 = t0
t1 = a2
t0 = s10
[t1 + 20] = t0
t0 = a2
t0 = [t0 + 4]
s5 = t0
t0 = a2
t0 = [t0 + 8]
s4 = t0
t0 = s5
t1 = s4
t0 = t0 + t1
s1 = t0
t0 = a2
t0 = [t0 + 12]
s8 = t0
t0 = a2
t0 = [t0 + 16]
s9 = t0
t0 = s8
t1 = s9
t0 = t0 + t1
s11 = t0
t0 = s1
t1 = s11
t0 = t0 + t1
s6 = t0
t0 = a2
t0 = [t0 + 20]
s7 = t0
t0 = s6
t1 = s7
t0 = t0 + t1
s2 = t0
v159_7 = s2
s3 = s3_stack
s4 = s4_stack
s5 = s5_stack
s11 = s11_stack
s6 = s6_stack
s10 = s10_stack
s7 = s7_stack
s8 = s8_stack
s9 = s9_stack
s1 = s1_stack
s2 = s2_stack
      return v159_7

func Y_compute()
s3_stack = s3
s4_stack = s4
s11_stack = s11
s5_stack = s5
s6_stack = s6
s10_stack = s10
s7_stack = s7
s8_stack = s8
s9_stack = s9
s1_stack = s1
s2_stack = s2
t0 = 1
s3 = t0
t0 = s3
t2 = t0
t0 = a3
if0 t0 goto lbl_NullPtr_174
t0 = a3
t0 = [t0 + 0]
s10 = t0
t0 = s10
t0 = [t0 + 8]
s10 = t0
a2_stack = a2
a2 = a3
t0 = s10
t2_stack = t2
t0 = call t0()
a2 = a2_stack
t2 = t2_stack
t5 = t0
goto lbl_GoodPtr_175
lbl_NullPtr_174:
error("null pointer")
lbl_GoodPtr_175:
t0 = a4
if0 t0 goto lbl_NullPtr_178
t0 = a4
t0 = [t0 + 0]
s5 = t0
t0 = s5
t0 = [t0 + 8]
s5 = t0
a2_stack = a2
a2 = a4
t0 = s5
t2_stack = t2
t5_stack = t5
t0 = call t0()
a2 = a2_stack
t2 = t2_stack
t5 = t5_stack
s4 = t0
goto lbl_GoodPtr_179
lbl_NullPtr_178:
error("null pointer")
lbl_GoodPtr_179:
t0 = t5
t1 = s4
t0 = t0 * t1
t4 = t0
t0 = a5
if0 t0 goto lbl_NullPtr_183
t0 = a5
t0 = [t0 + 0]
s8 = t0
t0 = s8
t0 = [t0 + 8]
s8 = t0
a2_stack = a2
a2 = a5
t0 = s8
t2_stack = t2
t4_stack = t4
t0 = call t0()
a2 = a2_stack
t2 = t2_stack
t4 = t4_stack
t3 = t0
goto lbl_GoodPtr_184
lbl_NullPtr_183:
error("null pointer")
lbl_GoodPtr_184:
t0 = a6
if0 t0 goto lbl_NullPtr_187
t0 = a6
t0 = [t0 + 0]
s9 = t0
t0 = s9
t0 = [t0 + 8]
s9 = t0
a2_stack = a2
a2 = a6
t0 = s9
t2_stack = t2
t4_stack = t4
t3_stack = t3
t0 = call t0()
a2 = a2_stack
t2 = t2_stack
t4 = t4_stack
t3 = t3_stack
s1 = t0
goto lbl_GoodPtr_188
lbl_NullPtr_187:
error("null pointer")
lbl_GoodPtr_188:
t0 = t3
t1 = s1
t0 = t0 * t1
s11 = t0
t0 = t4
t1 = s11
t0 = t0 * t1
t5 = t0
t0 = a7
if0 t0 goto lbl_NullPtr_191
t0 = a7
t0 = [t0 + 0]
s6 = t0
t0 = s6
t0 = [t0 + 8]
s6 = t0
a2_stack = a2
a2 = a7
t0 = s6
t2_stack = t2
t5_stack = t5
t0 = call t0()
a2 = a2_stack
t2 = t2_stack
t5 = t5_stack
s7 = t0
goto lbl_GoodPtr_192
lbl_NullPtr_191:
error("null pointer")
lbl_GoodPtr_192:
t0 = t5
t1 = s7
t0 = t0 * t1
s2 = t0
t0 = s2
t2 = t0
t1 = a2
t0 = t2
[t1 + 24] = t0
t0 = 1
s3 = t0
t0 = t2
t1 = s3
t0 = t0 + t1
s10 = t0
t1 = a2
t0 = s10
[t1 + 28] = t0
t0 = 2
s5 = t0
t0 = t2
t1 = s5
t0 = t0 + t1
s4 = t0
t1 = a2
t0 = s4
[t1 + 32] = t0
t0 = 3
s8 = t0
t0 = t2
t1 = s8
t0 = t0 + t1
s9 = t0
t1 = a2
t0 = s9
[t1 + 36] = t0
t0 = 4
s1 = t0
t0 = t2
t1 = s1
t0 = t0 + t1
s11 = t0
t1 = a2
t0 = s11
[t1 + 40] = t0
t0 = a2
t0 = [t0 + 24]
s6 = t0
t0 = a2
t0 = [t0 + 28]
s7 = t0
t0 = s6
t1 = s7
t0 = t0 + t1
s2 = t0
t0 = a2
t0 = [t0 + 32]
s3 = t0
t0 = a2
t0 = [t0 + 36]
s10 = t0
t0 = s3
t1 = s10
t0 = t0 + t1
s5 = t0
t0 = s2
t1 = s5
t0 = t0 + t1
s4 = t0
t0 = a2
t0 = [t0 + 40]
s8 = t0
t0 = s4
t1 = s8
t0 = t0 + t1
s9 = t0
v201_8 = s9
s3 = s3_stack
s4 = s4_stack
s11 = s11_stack
s5 = s5_stack
s6 = s6_stack
s10 = s10_stack
s7 = s7_stack
s8 = s8_stack
s9 = s9_stack
s1 = s1_stack
s2 = s2_stack
      return v201_8


