func main()
s3_stack = s3
s4_stack = s4
s11_stack = s11
s5_stack = s5
s10_stack = s10
s6_stack = s6
s7_stack = s7
s8_stack = s8
s9_stack = s9
s1_stack = s1
s2_stack = s2
t0 = 128
s1 = t0
t0 = 12
s2 = t0
t0 = s1
t0 = alloc(t0)
s3 = t0
t0 = s2
t0 = alloc(t0)
s4 = t0
t0 = @F_getArray
s5 = t0
t1 = s4
t0 = s5
[t1 + 4] = t0
t0 = @A_processData
s6 = t0
t1 = s4
t0 = s6
[t1 + 0] = t0
t0 = @F_setArray
s7 = t0
t1 = s4
t0 = s7
[t1 + 8] = t0
t1 = s3
t0 = s4
[t1 + 0] = t0
t0 = s3
if0 t0 goto lbl_NullPtr_7
goto lbl_GoodPtr_8
lbl_NullPtr_7:
error("null pointer")
lbl_GoodPtr_8:
t0 = s3
t2 = t0
t0 = 108
s8 = t0
t0 = 12
s9 = t0
t0 = s8
t0 = alloc(t0)
s10 = t0
t0 = s9
t0 = alloc(t0)
s11 = t0
t0 = @F_getArray
s1 = t0
t1 = s11
t0 = s1
[t1 + 4] = t0
t0 = @B_processData
s2 = t0
t1 = s11
t0 = s2
[t1 + 0] = t0
t0 = @F_setArray
s5 = t0
t1 = s11
t0 = s5
[t1 + 8] = t0
t1 = s10
t0 = s11
[t1 + 0] = t0
t0 = s10
if0 t0 goto lbl_NullPtr_16
goto lbl_GoodPtr_17
lbl_NullPtr_16:
error("null pointer")
lbl_GoodPtr_17:
t0 = s10
t3 = t0
t0 = 88
s6 = t0
t0 = 12
s7 = t0
t0 = s6
t0 = alloc(t0)
s4 = t0
t0 = s7
t0 = alloc(t0)
s3 = t0
t0 = @F_getArray
s8 = t0
t1 = s3
t0 = s8
[t1 + 4] = t0
t0 = @C_processData
s9 = t0
t1 = s3
t0 = s9
[t1 + 0] = t0
t0 = @F_setArray
s1 = t0
t1 = s3
t0 = s1
[t1 + 8] = t0
t1 = s4
t0 = s3
[t1 + 0] = t0
t0 = s4
if0 t0 goto lbl_NullPtr_25
goto lbl_GoodPtr_26
lbl_NullPtr_25:
error("null pointer")
lbl_GoodPtr_26:
t0 = s4
t4 = t0
t0 = 68
s2 = t0
t0 = 12
s5 = t0
t0 = s2
t0 = alloc(t0)
s11 = t0
t0 = s5
t0 = alloc(t0)
s10 = t0
t0 = @F_getArray
s6 = t0
t1 = s10
t0 = s6
[t1 + 4] = t0
t0 = @D_processData
s7 = t0
t1 = s10
t0 = s7
[t1 + 0] = t0
t0 = @F_setArray
s8 = t0
t1 = s10
t0 = s8
[t1 + 8] = t0
t1 = s11
t0 = s10
[t1 + 0] = t0
t0 = s11
if0 t0 goto lbl_NullPtr_34
goto lbl_GoodPtr_35
lbl_NullPtr_34:
error("null pointer")
lbl_GoodPtr_35:
t0 = s11
t5 = t0
t0 = 48
s9 = t0
t0 = 12
s1 = t0
t0 = s9
t0 = alloc(t0)
s3 = t0
t0 = s1
t0 = alloc(t0)
s4 = t0
t0 = @F_getArray
s2 = t0
t1 = s4
t0 = s2
[t1 + 4] = t0
t0 = @E_processData
s5 = t0
t1 = s4
t0 = s5
[t1 + 0] = t0
t0 = @F_setArray
s6 = t0
t1 = s4
t0 = s6
[t1 + 8] = t0
t1 = s3
t0 = s4
[t1 + 0] = t0
t0 = s3
if0 t0 goto lbl_NullPtr_43
goto lbl_GoodPtr_44
lbl_NullPtr_43:
error("null pointer")
lbl_GoodPtr_44:
t0 = s3
s7 = t0
t0 = 28
s8 = t0
t0 = 12
s10 = t0
t0 = s8
t0 = alloc(t0)
s11 = t0
t0 = s10
t0 = alloc(t0)
s9 = t0
t0 = @F_processData
s1 = t0
t1 = s9
t0 = s1
[t1 + 0] = t0
t0 = @F_getArray
s2 = t0
t1 = s9
t0 = s2
[t1 + 4] = t0
t0 = @F_setArray
s5 = t0
t1 = s9
t0 = s5
[t1 + 8] = t0
t1 = s11
t0 = s9
[t1 + 0] = t0
t0 = s11
if0 t0 goto lbl_NullPtr_52
goto lbl_GoodPtr_53
lbl_NullPtr_52:
error("null pointer")
lbl_GoodPtr_53:
t0 = s11
s6 = t0
t0 = t2
if0 t0 goto lbl_NullPtr_56
t0 = t2
t0 = [t0 + 0]
s4 = t0
t0 = s4
t0 = [t0 + 0]
s4 = t0
a2_stack = a2
t0 = t2
a2 = t0
t0 = s4
t3_stack = t3
t4_stack = t4
t5_stack = t5
t0 = call t0()
a2 = a2_stack
t3 = t3_stack
t4 = t4_stack
t5 = t5_stack
s3 = t0
goto lbl_GoodPtr_57
lbl_NullPtr_56:
error("null pointer")
lbl_GoodPtr_57:
t0 = s3
t2 = t0
t0 = t2
print(t0)
t0 = t3
if0 t0 goto lbl_NullPtr_60
t0 = t3
t0 = [t0 + 0]
s8 = t0
t0 = s8
t0 = [t0 + 0]
s8 = t0
a2_stack = a2
t0 = t3
a2 = t0
t0 = s8
t4_stack = t4
t5_stack = t5
t2_stack = t2
t0 = call t0()
a2 = a2_stack
t4 = t4_stack
t5 = t5_stack
t2 = t2_stack
s10 = t0
goto lbl_GoodPtr_61
lbl_NullPtr_60:
error("null pointer")
lbl_GoodPtr_61:
t0 = s10
t2 = t0
t0 = t2
print(t0)
t0 = t4
if0 t0 goto lbl_NullPtr_64
t0 = t4
t0 = [t0 + 0]
t3 = t0
t0 = t3
t0 = [t0 + 0]
t3 = t0
a2_stack = a2
t0 = t4
a2 = t0
t0 = t3
t5_stack = t5
t2_stack = t2
t0 = call t0()
a2 = a2_stack
t5 = t5_stack
t2 = t2_stack
s1 = t0
goto lbl_GoodPtr_65
lbl_NullPtr_64:
error("null pointer")
lbl_GoodPtr_65:
t0 = s1
t2 = t0
t0 = t2
print(t0)
t0 = t5
if0 t0 goto lbl_NullPtr_68
t0 = t5
t0 = [t0 + 0]
t4 = t0
t0 = t4
t0 = [t0 + 0]
t4 = t0
a2_stack = a2
t0 = t5
a2 = t0
t0 = t4
t2_stack = t2
t0 = call t0()
a2 = a2_stack
t2 = t2_stack
t3 = t0
goto lbl_GoodPtr_69
lbl_NullPtr_68:
error("null pointer")
lbl_GoodPtr_69:
t0 = t3
t2 = t0
t0 = t2
print(t0)
t0 = s7
if0 t0 goto lbl_NullPtr_72
t0 = s7
t0 = [t0 + 0]
t5 = t0
t0 = t5
t0 = [t0 + 0]
t5 = t0
a2_stack = a2
t0 = s7
a2 = t0
t0 = t5
t2_stack = t2
t0 = call t0()
a2 = a2_stack
t2 = t2_stack
t4 = t0
goto lbl_GoodPtr_73
lbl_NullPtr_72:
error("null pointer")
lbl_GoodPtr_73:
t0 = t4
t2 = t0
t0 = t2
print(t0)
t0 = s6
if0 t0 goto lbl_NullPtr_76
t0 = s6
t0 = [t0 + 0]
t3 = t0
t0 = t3
t0 = [t0 + 0]
t3 = t0
a2_stack = a2
t0 = s6
a2 = t0
t0 = t3
t2_stack = t2
t0 = call t0()
a2 = a2_stack
t2 = t2_stack
t5 = t0
goto lbl_GoodPtr_77
lbl_NullPtr_76:
error("null pointer")
lbl_GoodPtr_77:
t0 = t5
t2 = t0
t0 = t2
print(t0)
t0 = 0
s2 = t0
v78_1 = s2
      return v78_1

func F_getArray()
s5_stack = s5
t0 = a2
t0 = [t0 + 16]
s5 = t0
v79_2 = s5
s5 = s5_stack
      return v79_2

func F_setArray()
s9_stack = s9
t1 = a2
t0 = a3
[t1 + 16] = t0
t0 = 1
s9 = t0
v80_3 = s9
s9 = s9_stack
      return v80_3

func F_processData()
s3_stack = s3
s4_stack = s4
s11_stack = s11
s5_stack = s5
s10_stack = s10
s6_stack = s6
s7_stack = s7
s8_stack = s8
s9_stack = s9
s1_stack = s1
s2_stack = s2
t0 = 0
s11 = t0
t0 = s11
result_4 = t0
t0 = 10
s3 = t0
t0 = 1
s8 = t0
t0 = 4
s10 = t0
t0 = s3
t1 = s8
t0 = t0 + t1
s1 = t0
t0 = s1
t1 = s10
t0 = t0 * t1
s1 = t0
t0 = s1
t0 = alloc(t0)
s7 = t0
t0 = s7
if0 t0 goto lbl_NullPtr_87
goto lbl_GoodPtr_88
lbl_NullPtr_87:
error("null pointer")
lbl_GoodPtr_88:
t1 = s7
t0 = s3
[t1 + 0] = t0
t1 = a2
t0 = s7
[t1 + 16] = t0
t0 = 0
s6 = t0
t0 = s6
i_4 = t0
lbl_While_90:
t0 = a2
t0 = [t0 + 16]
s5 = t0
t0 = s5
t0 = [t0 + 0]
s9 = t0
t0 = i_4
t1 = s9
t0 = t0 < t1
s11 = t0
t0 = s11
if0 t0 goto lbl_WhileExit_91
t0 = a2
t0 = [t0 + 16]
s8 = t0
t0 = 2
s10 = t0
t0 = i_4
t1 = s10
t0 = t0 * t1
s1 = t0
t0 = 4
s3 = t0
t0 = 5
s7 = t0
t0 = s3
t1 = s7
t0 = t0 - t1
s6 = t0
t0 = s8
t0 = [t0 + 0]
t4 = t0
t0 = s6
t1 = i_4
t0 = t0 < t1
t3 = t0
t0 = i_4
t1 = t4
t0 = t0 < t1
t5 = t0
t0 = t3
t1 = t5
t0 = t0 * t1
t2 = t0
t0 = t2
if0 t0 goto lbl_OutOfBounds_105
goto lbl_Inbound_106
lbl_OutOfBounds_105:
error("array index out of bounds")
lbl_Inbound_106:
t0 = s3
t1 = i_4
t0 = t0 * t1
s4 = t0
t0 = s4
t1 = s3
t0 = t0 + t1
s4 = t0
t0 = s8
t1 = s4
t0 = t0 + t1
s4 = t0
t1 = s4
t0 = s1
[t1 + 0] = t0
t0 = 1
s2 = t0
t0 = i_4
t1 = s2
t0 = t0 + t1
v108_4 = t0
t0 = v108_4
i_4 = t0
goto lbl_While_90
lbl_WhileExit_91:
t0 = 0
s5 = t0
t0 = s5
i_4 = t0
lbl_While_111:
t0 = a2
t0 = [t0 + 16]
s9 = t0
t0 = s9
t0 = [t0 + 0]
s11 = t0
t0 = i_4
t1 = s11
t0 = t0 < t1
s8 = t0
t0 = s8
if0 t0 goto lbl_WhileExit_112
t0 = a2
t0 = [t0 + 16]
s10 = t0
t0 = 4
s1 = t0
t0 = 5
s3 = t0
t0 = s1
t1 = s3
t0 = t0 - t1
s7 = t0
t0 = s10
t0 = [t0 + 0]
s6 = t0
t0 = s7
t1 = i_4
t0 = t0 < t1
s4 = t0
t0 = i_4
t1 = s6
t0 = t0 < t1
s2 = t0
t0 = s4
t1 = s2
t0 = t0 * t1
s5 = t0
t0 = s5
if0 t0 goto lbl_OutOfBounds_125
goto lbl_Inbound_126
lbl_OutOfBounds_125:
error("array index out of bounds")
lbl_Inbound_126:
t0 = s1
t1 = i_4
t0 = t0 * t1
t4 = t0
t0 = t4
t1 = s1
t0 = t0 + t1
t4 = t0
t0 = s10
t1 = t4
t0 = t0 + t1
t4 = t0
t0 = t4
t0 = [t0 + 0]
t3 = t0
t0 = result_4
t1 = t3
t0 = t0 + t1
t5 = t0
t0 = t5
result_4 = t0
t0 = 1
t2 = t0
t0 = i_4
t1 = t2
t0 = t0 + t1
v129_4 = t0
t0 = v129_4
i_4 = t0
goto lbl_While_111
lbl_WhileExit_112:
s3 = s3_stack
s4 = s4_stack
s11 = s11_stack
s5 = s5_stack
s10 = s10_stack
s6 = s6_stack
s7 = s7_stack
s8 = s8_stack
s9 = s9_stack
s1 = s1_stack
s2 = s2_stack
      return result_4

func E_processData()
s3_stack = s3
s4_stack = s4
s11_stack = s11
s5_stack = s5
s10_stack = s10
s6_stack = s6
s7_stack = s7
s8_stack = s8
s9_stack = s9
s1_stack = s1
s2_stack = s2
t0 = 1
s9 = t0
t0 = s9
result_5 = t0
t0 = 10
s8 = t0
t0 = 1
s10 = t0
t0 = 4
s1 = t0
t0 = s8
t1 = s10
t0 = t0 + t1
s3 = t0
t0 = s3
t1 = s1
t0 = t0 * t1
s3 = t0
t0 = s3
t0 = alloc(t0)
s7 = t0
t0 = s7
if0 t0 goto lbl_NullPtr_137
goto lbl_GoodPtr_138
lbl_NullPtr_137:
error("null pointer")
lbl_GoodPtr_138:
t1 = s7
t0 = s8
[t1 + 0] = t0
t1 = a2
t0 = s7
[t1 + 16] = t0
t0 = 0
s6 = t0
t0 = s6
i_5 = t0
lbl_While_140:
t0 = a2
t0 = [t0 + 16]
s2 = t0
t0 = s2
t0 = [t0 + 0]
s5 = t0
t0 = i_5
t1 = s5
t0 = t0 < t1
s9 = t0
t0 = s9
if0 t0 goto lbl_WhileExit_141
t0 = a2
t0 = [t0 + 16]
s10 = t0
t0 = 3
s1 = t0
t0 = i_5
t1 = s1
t0 = t0 * t1
s3 = t0
t0 = 4
s8 = t0
t0 = 5
s7 = t0
t0 = s8
t1 = s7
t0 = t0 - t1
s6 = t0
t0 = s10
t0 = [t0 + 0]
t4 = t0
t0 = s6
t1 = i_5
t0 = t0 < t1
t3 = t0
t0 = i_5
t1 = t4
t0 = t0 < t1
t5 = t0
t0 = t3
t1 = t5
t0 = t0 * t1
t2 = t0
t0 = t2
if0 t0 goto lbl_OutOfBounds_155
goto lbl_Inbound_156
lbl_OutOfBounds_155:
error("array index out of bounds")
lbl_Inbound_156:
t0 = s8
t1 = i_5
t0 = t0 * t1
s11 = t0
t0 = s11
t1 = s8
t0 = t0 + t1
s11 = t0
t0 = s10
t1 = s11
t0 = t0 + t1
s11 = t0
t1 = s11
t0 = s3
[t1 + 0] = t0
t0 = 1
s4 = t0
t0 = i_5
t1 = s4
t0 = t0 + t1
v158_5 = t0
t0 = v158_5
i_5 = t0
goto lbl_While_140
lbl_WhileExit_141:
t0 = 0
s2 = t0
t0 = s2
i_5 = t0
lbl_While_161:
t0 = a2
t0 = [t0 + 16]
s5 = t0
t0 = s5
t0 = [t0 + 0]
s9 = t0
t0 = i_5
t1 = s9
t0 = t0 < t1
s10 = t0
t0 = s10
if0 t0 goto lbl_WhileExit_162
t0 = a2
t0 = [t0 + 16]
s1 = t0
t0 = 4
s3 = t0
t0 = 5
s8 = t0
t0 = s3
t1 = s8
t0 = t0 - t1
s7 = t0
t0 = s1
t0 = [t0 + 0]
s6 = t0
t0 = s7
t1 = i_5
t0 = t0 < t1
s11 = t0
t0 = i_5
t1 = s6
t0 = t0 < t1
s4 = t0
t0 = s11
t1 = s4
t0 = t0 * t1
s2 = t0
t0 = s2
if0 t0 goto lbl_OutOfBounds_175
goto lbl_Inbound_176
lbl_OutOfBounds_175:
error("array index out of bounds")
lbl_Inbound_176:
t0 = s3
t1 = i_5
t0 = t0 * t1
t4 = t0
t0 = t4
t1 = s3
t0 = t0 + t1
t4 = t0
t0 = s1
t1 = t4
t0 = t0 + t1
t4 = t0
t0 = t4
t0 = [t0 + 0]
t3 = t0
t0 = result_5
t1 = t3
t0 = t0 * t1
t5 = t0
t0 = t5
result_5 = t0
t0 = 1
t2 = t0
t0 = i_5
t1 = t2
t0 = t0 + t1
v179_5 = t0
t0 = v179_5
i_5 = t0
goto lbl_While_161
lbl_WhileExit_162:
s3 = s3_stack
s4 = s4_stack
s11 = s11_stack
s5 = s5_stack
s10 = s10_stack
s6 = s6_stack
s7 = s7_stack
s8 = s8_stack
s9 = s9_stack
s1 = s1_stack
s2 = s2_stack
      return result_5

func D_processData()
s3_stack = s3
s4_stack = s4
s5_stack = s5
s11_stack = s11
s10_stack = s10
s6_stack = s6
s7_stack = s7
s8_stack = s8
s9_stack = s9
s1_stack = s1
s2_stack = s2
t0 = 0
s5 = t0
t0 = s5
result_6 = t0
t0 = 10
s10 = t0
t0 = 1
s1 = t0
t0 = 4
s3 = t0
t0 = s10
t1 = s1
t0 = t0 + t1
s8 = t0
t0 = s8
t1 = s3
t0 = t0 * t1
s8 = t0
t0 = s8
t0 = alloc(t0)
s7 = t0
t0 = s7
if0 t0 goto lbl_NullPtr_187
goto lbl_GoodPtr_188
lbl_NullPtr_187:
error("null pointer")
lbl_GoodPtr_188:
t1 = s7
t0 = s10
[t1 + 0] = t0
t1 = a2
t0 = s7
[t1 + 16] = t0
t0 = 0
s6 = t0
t0 = s6
i_6 = t0
lbl_While_190:
t0 = a2
t0 = [t0 + 16]
s4 = t0
t0 = s4
t0 = [t0 + 0]
s2 = t0
t0 = i_6
t1 = s2
t0 = t0 < t1
s5 = t0
t0 = s5
if0 t0 goto lbl_WhileExit_191
t0 = a2
t0 = [t0 + 16]
s1 = t0
t0 = 4
s3 = t0
t0 = i_6
t1 = s3
t0 = t0 * t1
s8 = t0
t0 = 4
s10 = t0
t0 = 5
s7 = t0
t0 = s10
t1 = s7
t0 = t0 - t1
s6 = t0
t0 = s1
t0 = [t0 + 0]
t4 = t0
t0 = s6
t1 = i_6
t0 = t0 < t1
t3 = t0
t0 = i_6
t1 = t4
t0 = t0 < t1
t5 = t0
t0 = t3
t1 = t5
t0 = t0 * t1
t2 = t0
t0 = t2
if0 t0 goto lbl_OutOfBounds_205
goto lbl_Inbound_206
lbl_OutOfBounds_205:
error("array index out of bounds")
lbl_Inbound_206:
t0 = s10
t1 = i_6
t0 = t0 * t1
s9 = t0
t0 = s9
t1 = s10
t0 = t0 + t1
s9 = t0
t0 = s1
t1 = s9
t0 = t0 + t1
s9 = t0
t1 = s9
t0 = s8
[t1 + 0] = t0
t0 = 1
s11 = t0
t0 = i_6
t1 = s11
t0 = t0 + t1
v208_6 = t0
t0 = v208_6
i_6 = t0
goto lbl_While_190
lbl_WhileExit_191:
t0 = 0
s4 = t0
t0 = s4
i_6 = t0
lbl_While_211:
t0 = a2
t0 = [t0 + 16]
s2 = t0
t0 = s2
t0 = [t0 + 0]
s5 = t0
t0 = i_6
t1 = s5
t0 = t0 < t1
s1 = t0
t0 = s1
if0 t0 goto lbl_WhileExit_212
t0 = 0
s3 = t0
t0 = s3
s8 = t0
lbl_While_217:
t0 = a2
t0 = [t0 + 16]
s10 = t0
t0 = s10
t0 = [t0 + 0]
s7 = t0
t0 = s8
t1 = s7
t0 = t0 < t1
s6 = t0
t0 = s6
if0 t0 goto lbl_WhileExit_218
t0 = a2
t0 = [t0 + 16]
s9 = t0
t0 = 4
s11 = t0
t0 = 5
s4 = t0
t0 = s11
t1 = s4
t0 = t0 - t1
t4 = t0
t0 = s9
t0 = [t0 + 0]
t3 = t0
t0 = t4
t1 = i_6
t0 = t0 < t1
t5 = t0
t0 = i_6
t1 = t3
t0 = t0 < t1
t2 = t0
t0 = t5
t1 = t2
t0 = t0 * t1
v231_6 = t0
t0 = v231_6
if0 t0 goto lbl_OutOfBounds_232
goto lbl_Inbound_233
lbl_OutOfBounds_232:
error("array index out of bounds")
lbl_Inbound_233:
t0 = s11
t1 = i_6
t0 = t0 * t1
v234_6 = t0
t0 = v234_6
t1 = s11
t0 = t0 + t1
v234_6 = t0
t0 = s9
t1 = v234_6
t0 = t0 + t1
v234_6 = t0
t0 = v234_6
t0 = [t0 + 0]
v235_6 = t0
t0 = a2
t0 = [t0 + 16]
v236_6 = t0
t0 = 4
v237_6 = t0
t0 = 5
v238_6 = t0
t0 = v237_6
t1 = v238_6
t0 = t0 - t1
v239_6 = t0
t0 = v236_6
t0 = [t0 + 0]
v240_6 = t0
t0 = v239_6
t1 = s8
t0 = t0 < t1
v241_6 = t0
t0 = s8
t1 = v240_6
t0 = t0 < t1
v242_6 = t0
t0 = v241_6
t1 = v242_6
t0 = t0 * t1
v243_6 = t0
t0 = v243_6
if0 t0 goto lbl_OutOfBounds_244
goto lbl_Inbound_245
lbl_OutOfBounds_244:
error("array index out of bounds")
lbl_Inbound_245:
t0 = v237_6
t1 = s8
t0 = t0 * t1
v246_6 = t0
t0 = v246_6
t1 = v237_6
t0 = t0 + t1
v246_6 = t0
t0 = v236_6
t1 = v246_6
t0 = t0 + t1
v246_6 = t0
t0 = v246_6
t0 = [t0 + 0]
v247_6 = t0
t0 = v235_6
t1 = v247_6
t0 = t0 + t1
v223_6 = t0
t0 = result_6
t1 = v223_6
t0 = t0 + t1
v222_6 = t0
t0 = v222_6
result_6 = t0
t0 = 1
v249_6 = t0
t0 = s8
t1 = v249_6
t0 = t0 + t1
v248_6 = t0
t0 = v248_6
s8 = t0
goto lbl_While_217
lbl_WhileExit_218:
t0 = 1
v251_6 = t0
t0 = i_6
t1 = v251_6
t0 = t0 + t1
v250_6 = t0
t0 = v250_6
i_6 = t0
goto lbl_While_211
lbl_WhileExit_212:
s3 = s3_stack
s4 = s4_stack
s5 = s5_stack
s11 = s11_stack
s10 = s10_stack
s6 = s6_stack
s7 = s7_stack
s8 = s8_stack
s9 = s9_stack
s1 = s1_stack
s2 = s2_stack
      return result_6

func C_processData()
s3_stack = s3
s4_stack = s4
s5_stack = s5
s11_stack = s11
s6_stack = s6
s10_stack = s10
s7_stack = s7
s8_stack = s8
s9_stack = s9
s1_stack = s1
s2_stack = s2
t0 = 1
s2 = t0
t0 = s2
result_7 = t0
t0 = 10
s1 = t0
t0 = 1
s3 = t0
t0 = 4
s8 = t0
t0 = s1
t1 = s3
t0 = t0 + t1
s10 = t0
t0 = s10
t1 = s8
t0 = t0 * t1
s10 = t0
t0 = s10
t0 = alloc(t0)
s7 = t0
t0 = s7
if0 t0 goto lbl_NullPtr_258
goto lbl_GoodPtr_259
lbl_NullPtr_258:
error("null pointer")
lbl_GoodPtr_259:
t1 = s7
t0 = s1
[t1 + 0] = t0
t1 = a2
t0 = s7
[t1 + 16] = t0
t0 = 0
s6 = t0
t0 = s6
i_7 = t0
lbl_While_261:
t0 = a2
t0 = [t0 + 16]
s11 = t0
t0 = s11
t0 = [t0 + 0]
s4 = t0
t0 = i_7
t1 = s4
t0 = t0 < t1
s2 = t0
t0 = s2
if0 t0 goto lbl_WhileExit_262
t0 = a2
t0 = [t0 + 16]
s3 = t0
t0 = 5
s8 = t0
t0 = i_7
t1 = s8
t0 = t0 * t1
s10 = t0
t0 = 4
s1 = t0
t0 = 5
s7 = t0
t0 = s1
t1 = s7
t0 = t0 - t1
s6 = t0
t0 = s3
t0 = [t0 + 0]
t4 = t0
t0 = s6
t1 = i_7
t0 = t0 < t1
t3 = t0
t0 = i_7
t1 = t4
t0 = t0 < t1
t5 = t0
t0 = t3
t1 = t5
t0 = t0 * t1
t2 = t0
t0 = t2
if0 t0 goto lbl_OutOfBounds_276
goto lbl_Inbound_277
lbl_OutOfBounds_276:
error("array index out of bounds")
lbl_Inbound_277:
t0 = s1
t1 = i_7
t0 = t0 * t1
s5 = t0
t0 = s5
t1 = s1
t0 = t0 + t1
s5 = t0
t0 = s3
t1 = s5
t0 = t0 + t1
s5 = t0
t1 = s5
t0 = s10
[t1 + 0] = t0
t0 = 1
s9 = t0
t0 = i_7
t1 = s9
t0 = t0 + t1
v279_7 = t0
t0 = v279_7
i_7 = t0
goto lbl_While_261
lbl_WhileExit_262:
t0 = 0
s11 = t0
t0 = s11
i_7 = t0
lbl_While_282:
t0 = a2
t0 = [t0 + 16]
s4 = t0
t0 = s4
t0 = [t0 + 0]
s2 = t0
t0 = i_7
t1 = s2
t0 = t0 < t1
s3 = t0
t0 = s3
if0 t0 goto lbl_WhileExit_283
t0 = 0
s8 = t0
t0 = s8
s10 = t0
lbl_While_288:
t0 = a2
t0 = [t0 + 16]
s1 = t0
t0 = s1
t0 = [t0 + 0]
s7 = t0
t0 = s10
t1 = s7
t0 = t0 < t1
s6 = t0
t0 = s6
if0 t0 goto lbl_WhileExit_289
t0 = a2
t0 = [t0 + 16]
s5 = t0
t0 = 4
s9 = t0
t0 = 5
s11 = t0
t0 = s9
t1 = s11
t0 = t0 - t1
t4 = t0
t0 = s5
t0 = [t0 + 0]
t3 = t0
t0 = t4
t1 = i_7
t0 = t0 < t1
t5 = t0
t0 = i_7
t1 = t3
t0 = t0 < t1
t2 = t0
t0 = t5
t1 = t2
t0 = t0 * t1
v302_7 = t0
t0 = v302_7
if0 t0 goto lbl_OutOfBounds_303
goto lbl_Inbound_304
lbl_OutOfBounds_303:
error("array index out of bounds")
lbl_Inbound_304:
t0 = s9
t1 = i_7
t0 = t0 * t1
v305_7 = t0
t0 = v305_7
t1 = s9
t0 = t0 + t1
v305_7 = t0
t0 = s5
t1 = v305_7
t0 = t0 + t1
v305_7 = t0
t0 = v305_7
t0 = [t0 + 0]
v306_7 = t0
t0 = a2
t0 = [t0 + 16]
v307_7 = t0
t0 = 4
v308_7 = t0
t0 = 5
v309_7 = t0
t0 = v308_7
t1 = v309_7
t0 = t0 - t1
v310_7 = t0
t0 = v307_7
t0 = [t0 + 0]
v311_7 = t0
t0 = v310_7
t1 = s10
t0 = t0 < t1
v312_7 = t0
t0 = s10
t1 = v311_7
t0 = t0 < t1
v313_7 = t0
t0 = v312_7
t1 = v313_7
t0 = t0 * t1
v314_7 = t0
t0 = v314_7
if0 t0 goto lbl_OutOfBounds_315
goto lbl_Inbound_316
lbl_OutOfBounds_315:
error("array index out of bounds")
lbl_Inbound_316:
t0 = v308_7
t1 = s10
t0 = t0 * t1
v317_7 = t0
t0 = v317_7
t1 = v308_7
t0 = t0 + t1
v317_7 = t0
t0 = v307_7
t1 = v317_7
t0 = t0 + t1
v317_7 = t0
t0 = v317_7
t0 = [t0 + 0]
v318_7 = t0
t0 = v306_7
t1 = v318_7
t0 = t0 - t1
v294_7 = t0
t0 = result_7
t1 = v294_7
t0 = t0 * t1
v293_7 = t0
t0 = v293_7
result_7 = t0
t0 = 1
v320_7 = t0
t0 = s10
t1 = v320_7
t0 = t0 + t1
v319_7 = t0
t0 = v319_7
s10 = t0
goto lbl_While_288
lbl_WhileExit_289:
t0 = 1
v322_7 = t0
t0 = i_7
t1 = v322_7
t0 = t0 + t1
v321_7 = t0
t0 = v321_7
i_7 = t0
goto lbl_While_282
lbl_WhileExit_283:
s3 = s3_stack
s4 = s4_stack
s5 = s5_stack
s11 = s11_stack
s6 = s6_stack
s10 = s10_stack
s7 = s7_stack
s8 = s8_stack
s9 = s9_stack
s1 = s1_stack
s2 = s2_stack
      return result_7

func B_processData()
s3_stack = s3
s4_stack = s4
s11_stack = s11
s5_stack = s5
s10_stack = s10
s6_stack = s6
s7_stack = s7
s8_stack = s8
s9_stack = s9
s1_stack = s1
s2_stack = s2
t0 = 0
s4 = t0
t0 = s4
result_8 = t0
t0 = 10
s3 = t0
t0 = 1
s8 = t0
t0 = 4
s10 = t0
t0 = s3
t1 = s8
t0 = t0 + t1
s1 = t0
t0 = s1
t1 = s10
t0 = t0 * t1
s1 = t0
t0 = s1
t0 = alloc(t0)
s7 = t0
t0 = s7
if0 t0 goto lbl_NullPtr_329
goto lbl_GoodPtr_330
lbl_NullPtr_329:
error("null pointer")
lbl_GoodPtr_330:
t1 = s7
t0 = s3
[t1 + 0] = t0
t1 = a2
t0 = s7
[t1 + 16] = t0
t0 = 0
s6 = t0
t0 = s6
i_8 = t0
lbl_While_332:
t0 = a2
t0 = [t0 + 16]
s9 = t0
t0 = s9
t0 = [t0 + 0]
s11 = t0
t0 = i_8
t1 = s11
t0 = t0 < t1
s4 = t0
t0 = s4
if0 t0 goto lbl_WhileExit_333
t0 = a2
t0 = [t0 + 16]
s8 = t0
t0 = 6
s10 = t0
t0 = i_8
t1 = s10
t0 = t0 * t1
s1 = t0
t0 = 4
s3 = t0
t0 = 5
s7 = t0
t0 = s3
t1 = s7
t0 = t0 - t1
s6 = t0
t0 = s8
t0 = [t0 + 0]
t4 = t0
t0 = s6
t1 = i_8
t0 = t0 < t1
t3 = t0
t0 = i_8
t1 = t4
t0 = t0 < t1
t5 = t0
t0 = t3
t1 = t5
t0 = t0 * t1
t2 = t0
t0 = t2
if0 t0 goto lbl_OutOfBounds_347
goto lbl_Inbound_348
lbl_OutOfBounds_347:
error("array index out of bounds")
lbl_Inbound_348:
t0 = s3
t1 = i_8
t0 = t0 * t1
s2 = t0
t0 = s2
t1 = s3
t0 = t0 + t1
s2 = t0
t0 = s8
t1 = s2
t0 = t0 + t1
s2 = t0
t1 = s2
t0 = s1
[t1 + 0] = t0
t0 = 1
s5 = t0
t0 = i_8
t1 = s5
t0 = t0 + t1
v350_8 = t0
t0 = v350_8
i_8 = t0
goto lbl_While_332
lbl_WhileExit_333:
t0 = 0
s9 = t0
t0 = s9
i_8 = t0
lbl_While_353:
t0 = a2
t0 = [t0 + 16]
s11 = t0
t0 = s11
t0 = [t0 + 0]
s4 = t0
t0 = i_8
t1 = s4
t0 = t0 < t1
s8 = t0
t0 = s8
if0 t0 goto lbl_WhileExit_354
t0 = 0
s10 = t0
t0 = s10
s1 = t0
lbl_While_359:
t0 = a2
t0 = [t0 + 16]
s3 = t0
t0 = s3
t0 = [t0 + 0]
s7 = t0
t0 = s1
t1 = s7
t0 = t0 < t1
s6 = t0
t0 = s6
if0 t0 goto lbl_WhileExit_360
t0 = a2
t0 = [t0 + 16]
s2 = t0
t0 = 4
s5 = t0
t0 = 5
s9 = t0
t0 = s5
t1 = s9
t0 = t0 - t1
t4 = t0
t0 = s2
t0 = [t0 + 0]
t3 = t0
t0 = t4
t1 = i_8
t0 = t0 < t1
t5 = t0
t0 = i_8
t1 = t3
t0 = t0 < t1
t2 = t0
t0 = t5
t1 = t2
t0 = t0 * t1
v373_8 = t0
t0 = v373_8
if0 t0 goto lbl_OutOfBounds_374
goto lbl_Inbound_375
lbl_OutOfBounds_374:
error("array index out of bounds")
lbl_Inbound_375:
t0 = s5
t1 = i_8
t0 = t0 * t1
v376_8 = t0
t0 = v376_8
t1 = s5
t0 = t0 + t1
v376_8 = t0
t0 = s2
t1 = v376_8
t0 = t0 + t1
v376_8 = t0
t0 = v376_8
t0 = [t0 + 0]
v377_8 = t0
t0 = a2
t0 = [t0 + 16]
v378_8 = t0
t0 = 4
v379_8 = t0
t0 = 5
v380_8 = t0
t0 = v379_8
t1 = v380_8
t0 = t0 - t1
v381_8 = t0
t0 = v378_8
t0 = [t0 + 0]
v382_8 = t0
t0 = v381_8
t1 = s1
t0 = t0 < t1
v383_8 = t0
t0 = s1
t1 = v382_8
t0 = t0 < t1
v384_8 = t0
t0 = v383_8
t1 = v384_8
t0 = t0 * t1
v385_8 = t0
t0 = v385_8
if0 t0 goto lbl_OutOfBounds_386
goto lbl_Inbound_387
lbl_OutOfBounds_386:
error("array index out of bounds")
lbl_Inbound_387:
t0 = v379_8
t1 = s1
t0 = t0 * t1
v388_8 = t0
t0 = v388_8
t1 = v379_8
t0 = t0 + t1
v388_8 = t0
t0 = v378_8
t1 = v388_8
t0 = t0 + t1
v388_8 = t0
t0 = v388_8
t0 = [t0 + 0]
v389_8 = t0
t0 = v377_8
t1 = v389_8
t0 = t0 * t1
v365_8 = t0
t0 = result_8
t1 = v365_8
t0 = t0 + t1
v364_8 = t0
t0 = v364_8
result_8 = t0
t0 = 1
v391_8 = t0
t0 = s1
t1 = v391_8
t0 = t0 + t1
v390_8 = t0
t0 = v390_8
s1 = t0
goto lbl_While_359
lbl_WhileExit_360:
t0 = 1
v393_8 = t0
t0 = i_8
t1 = v393_8
t0 = t0 + t1
v392_8 = t0
t0 = v392_8
i_8 = t0
goto lbl_While_353
lbl_WhileExit_354:
s3 = s3_stack
s4 = s4_stack
s11 = s11_stack
s5 = s5_stack
s10 = s10_stack
s6 = s6_stack
s7 = s7_stack
s8 = s8_stack
s9 = s9_stack
s1 = s1_stack
s2 = s2_stack
      return result_8

func A_processData()
s3_stack = s3
s4_stack = s4
s5_stack = s5
s11_stack = s11
s10_stack = s10
s6_stack = s6
s7_stack = s7
s8_stack = s8
s9_stack = s9
s1_stack = s1
s2_stack = s2
t0 = 1
s11 = t0
t0 = s11
result_9 = t0
t0 = 10
s8 = t0
t0 = 1
s10 = t0
t0 = 4
s1 = t0
t0 = s8
t1 = s10
t0 = t0 + t1
s3 = t0
t0 = s3
t1 = s1
t0 = t0 * t1
s3 = t0
t0 = s3
t0 = alloc(t0)
s7 = t0
t0 = s7
if0 t0 goto lbl_NullPtr_400
goto lbl_GoodPtr_401
lbl_NullPtr_400:
error("null pointer")
lbl_GoodPtr_401:
t1 = s7
t0 = s8
[t1 + 0] = t0
t1 = a2
t0 = s7
[t1 + 16] = t0
t0 = 0
s6 = t0
t0 = s6
i_9 = t0
lbl_While_403:
t0 = a2
t0 = [t0 + 16]
s5 = t0
t0 = s5
t0 = [t0 + 0]
s9 = t0
t0 = i_9
t1 = s9
t0 = t0 < t1
s11 = t0
t0 = s11
if0 t0 goto lbl_WhileExit_404
t0 = a2
t0 = [t0 + 16]
s10 = t0
t0 = 7
s1 = t0
t0 = i_9
t1 = s1
t0 = t0 * t1
s3 = t0
t0 = 4
s8 = t0
t0 = 5
s7 = t0
t0 = s8
t1 = s7
t0 = t0 - t1
s6 = t0
t0 = s10
t0 = [t0 + 0]
t4 = t0
t0 = s6
t1 = i_9
t0 = t0 < t1
t3 = t0
t0 = i_9
t1 = t4
t0 = t0 < t1
t5 = t0
t0 = t3
t1 = t5
t0 = t0 * t1
t2 = t0
t0 = t2
if0 t0 goto lbl_OutOfBounds_418
goto lbl_Inbound_419
lbl_OutOfBounds_418:
error("array index out of bounds")
lbl_Inbound_419:
t0 = s8
t1 = i_9
t0 = t0 * t1
s4 = t0
t0 = s4
t1 = s8
t0 = t0 + t1
s4 = t0
t0 = s10
t1 = s4
t0 = t0 + t1
s4 = t0
t1 = s4
t0 = s3
[t1 + 0] = t0
t0 = 1
s2 = t0
t0 = i_9
t1 = s2
t0 = t0 + t1
v421_9 = t0
t0 = v421_9
i_9 = t0
goto lbl_While_403
lbl_WhileExit_404:
t0 = 0
s5 = t0
t0 = s5
i_9 = t0
lbl_While_424:
t0 = a2
t0 = [t0 + 16]
s9 = t0
t0 = s9
t0 = [t0 + 0]
s11 = t0
t0 = i_9
t1 = s11
t0 = t0 < t1
s10 = t0
t0 = s10
if0 t0 goto lbl_WhileExit_425
t0 = 0
s1 = t0
t0 = s1
s3 = t0
lbl_While_430:
t0 = a2
t0 = [t0 + 16]
s8 = t0
t0 = s8
t0 = [t0 + 0]
s7 = t0
t0 = s3
t1 = s7
t0 = t0 < t1
s6 = t0
t0 = s6
if0 t0 goto lbl_WhileExit_431
t0 = a2
t0 = [t0 + 16]
s4 = t0
t0 = 4
s2 = t0
t0 = 5
s5 = t0
t0 = s2
t1 = s5
t0 = t0 - t1
t4 = t0
t0 = s4
t0 = [t0 + 0]
t3 = t0
t0 = t4
t1 = i_9
t0 = t0 < t1
t5 = t0
t0 = i_9
t1 = t3
t0 = t0 < t1
t2 = t0
t0 = t5
t1 = t2
t0 = t0 * t1
v444_9 = t0
t0 = v444_9
if0 t0 goto lbl_OutOfBounds_445
goto lbl_Inbound_446
lbl_OutOfBounds_445:
error("array index out of bounds")
lbl_Inbound_446:
t0 = s2
t1 = i_9
t0 = t0 * t1
v447_9 = t0
t0 = v447_9
t1 = s2
t0 = t0 + t1
v447_9 = t0
t0 = s4
t1 = v447_9
t0 = t0 + t1
v447_9 = t0
t0 = v447_9
t0 = [t0 + 0]
v448_9 = t0
t0 = a2
t0 = [t0 + 16]
v449_9 = t0
t0 = 4
v450_9 = t0
t0 = 5
v451_9 = t0
t0 = v450_9
t1 = v451_9
t0 = t0 - t1
v452_9 = t0
t0 = v449_9
t0 = [t0 + 0]
v453_9 = t0
t0 = v452_9
t1 = s3
t0 = t0 < t1
v454_9 = t0
t0 = s3
t1 = v453_9
t0 = t0 < t1
v455_9 = t0
t0 = v454_9
t1 = v455_9
t0 = t0 * t1
v456_9 = t0
t0 = v456_9
if0 t0 goto lbl_OutOfBounds_457
goto lbl_Inbound_458
lbl_OutOfBounds_457:
error("array index out of bounds")
lbl_Inbound_458:
t0 = v450_9
t1 = s3
t0 = t0 * t1
v459_9 = t0
t0 = v459_9
t1 = v450_9
t0 = t0 + t1
v459_9 = t0
t0 = v449_9
t1 = v459_9
t0 = t0 + t1
v459_9 = t0
t0 = v459_9
t0 = [t0 + 0]
v460_9 = t0
t0 = v448_9
t1 = v460_9
t0 = t0 + t1
v436_9 = t0
t0 = result_9
t1 = v436_9
t0 = t0 * t1
v435_9 = t0
t0 = v435_9
result_9 = t0
t0 = 1
v462_9 = t0
t0 = s3
t1 = v462_9
t0 = t0 + t1
v461_9 = t0
t0 = v461_9
s3 = t0
goto lbl_While_430
lbl_WhileExit_431:
t0 = 1
v464_9 = t0
t0 = i_9
t1 = v464_9
t0 = t0 + t1
v463_9 = t0
t0 = v463_9
i_9 = t0
goto lbl_While_424
lbl_WhileExit_425:
s3 = s3_stack
s4 = s4_stack
s5 = s5_stack
s11 = s11_stack
s10 = s10_stack
s6 = s6_stack
s7 = s7_stack
s8 = s8_stack
s9 = s9_stack
s1 = s1_stack
s2 = s2_stack
      return result_9


