func main()
t0 = 12
s1 = t0
t0 = 12
s2 = t0
t0 = s1
t0 = alloc(t0)
s3 = t0
t0 = s2
t0 = alloc(t0)
s4 = t0
t0 = @B_init
s5 = t0
t1 = s4
t0 = s5
[t1 + 4] = t0
t0 = @A_run
s6 = t0
t1 = s4
t0 = s6
[t1 + 0] = t0
t0 = @B_changex
s7 = t0
t1 = s4
t0 = s7
[t1 + 8] = t0
t1 = s3
t0 = s4
[t1 + 0] = t0
t0 = s3
if0 t0 goto lbl_NullPtr_7
goto lbl_GoodPtr_8
lbl_NullPtr_7:
error("null pointer")
lbl_GoodPtr_8:
t0 = s3
t2 = t0
t0 = t2
if0 t0 goto lbl_NullPtr_11
t0 = t2
t0 = [t0 + 0]
t3 = t0
t0 = t3
t0 = [t0 + 4]
t3 = t0
a2_stack = a2
t0 = t2
a2 = t0
t0 = t3
t2_stack = t2
t0 = call t0()
a2 = a2_stack
t2 = t2_stack
t4 = t0
goto lbl_GoodPtr_12
lbl_NullPtr_11:
error("null pointer")
lbl_GoodPtr_12:
t0 = t4
print(t0)
t0 = t2
if0 t0 goto lbl_NullPtr_15
t0 = t2
t0 = [t0 + 0]
t5 = t0
t0 = t5
t0 = [t0 + 0]
t5 = t0
a2_stack = a2
t0 = t2
a2 = t0
t0 = t5
t0 = call t0()
a2 = a2_stack
t3 = t0
goto lbl_GoodPtr_16
lbl_NullPtr_15:
error("null pointer")
lbl_GoodPtr_16:
t0 = t3
print(t0)
t0 = 0
s8 = t0
v17_1 = s8
      return v17_1

func B_init()
s10_stack = s10
s9_stack = s9
t0 = 1
s9 = t0
t0 = s9
t4 = t0
t0 = a2
if0 t0 goto lbl_NullPtr_21
t0 = a2
t0 = [t0 + 0]
t2 = t0
t0 = t2
t0 = [t0 + 8]
t2 = t0
a2_stack = a2
a3_stack = a3
t0 = a2_stack
a2 = t0
t0 = t4
a3 = t0
t0 = t2
t4_stack = t4
t0 = call t0()
a2 = a2_stack
a3 = a3_stack
t4 = t4_stack
t5 = t0
goto lbl_GoodPtr_22
lbl_NullPtr_21:
error("null pointer")
lbl_GoodPtr_22:
t0 = t5
s10 = t0
x_2 = t4
s10 = s10_stack
s9 = s9_stack
      return x_2

func B_changex()
s11_stack = s11
s1_stack = s1
t0 = 10000000
s11 = t0
t1 = a2
t0 = s11
[t1 + 8] = t0
t0 = 0
s1 = t0
v24_3 = s1
s11 = s11_stack
s1 = s1_stack
      return v24_3

func A_run()
s5_stack = s5
s2_stack = s2
t0 = a2
t0 = [t0 + 4]
s2 = t0
t0 = s2
print(t0)
t0 = 9
s5 = t0
v26_4 = s5
s5 = s5_stack
s2 = s2_stack
      return v26_4


