func main()
s3_stack = s3
s4_stack = s4
s11_stack = s11
s5_stack = s5
s6_stack = s6
s10_stack = s10
s7_stack = s7
s8_stack = s8
s9_stack = s9
s1_stack = s1
s2_stack = s2
t0 = 128
s1 = t0
t0 = 4
s2 = t0
t0 = s1
t0 = alloc(t0)
s3 = t0
t0 = s2
t0 = alloc(t0)
s4 = t0
t0 = @P_calculate
s5 = t0
t1 = s4
t0 = s5
[t1 + 0] = t0
t1 = s3
t0 = s4
[t1 + 0] = t0
t0 = s3
if0 t0 goto lbl_NullPtr_5
goto lbl_GoodPtr_6
lbl_NullPtr_5:
error("null pointer")
lbl_GoodPtr_6:
t0 = s3
t2 = t0
t0 = 108
s6 = t0
t0 = 4
s7 = t0
t0 = s6
t0 = alloc(t0)
s8 = t0
t0 = s7
t0 = alloc(t0)
s9 = t0
t0 = @Q_calculate
s10 = t0
t1 = s9
t0 = s10
[t1 + 0] = t0
t1 = s8
t0 = s9
[t1 + 0] = t0
t0 = s8
if0 t0 goto lbl_NullPtr_12
goto lbl_GoodPtr_13
lbl_NullPtr_12:
error("null pointer")
lbl_GoodPtr_13:
t0 = s8
t3 = t0
t0 = 88
s11 = t0
t0 = 4
s1 = t0
t0 = s11
t0 = alloc(t0)
s2 = t0
t0 = s1
t0 = alloc(t0)
s5 = t0
t0 = @R_calculate
s4 = t0
t1 = s5
t0 = s4
[t1 + 0] = t0
t1 = s2
t0 = s5
[t1 + 0] = t0
t0 = s2
if0 t0 goto lbl_NullPtr_19
goto lbl_GoodPtr_20
lbl_NullPtr_19:
error("null pointer")
lbl_GoodPtr_20:
t0 = s2
t4 = t0
t0 = 68
s3 = t0
t0 = 4
s6 = t0
t0 = s3
t0 = alloc(t0)
s7 = t0
t0 = s6
t0 = alloc(t0)
s10 = t0
t0 = @S_calculate
s9 = t0
t1 = s10
t0 = s9
[t1 + 0] = t0
t1 = s7
t0 = s10
[t1 + 0] = t0
t0 = s7
if0 t0 goto lbl_NullPtr_26
goto lbl_GoodPtr_27
lbl_NullPtr_26:
error("null pointer")
lbl_GoodPtr_27:
t0 = s7
t5 = t0
t0 = 48
s8 = t0
t0 = 4
s11 = t0
t0 = s8
t0 = alloc(t0)
s1 = t0
t0 = s11
t0 = alloc(t0)
s4 = t0
t0 = @T_calculate
s5 = t0
t1 = s4
t0 = s5
[t1 + 0] = t0
t1 = s1
t0 = s4
[t1 + 0] = t0
t0 = s1
if0 t0 goto lbl_NullPtr_33
goto lbl_GoodPtr_34
lbl_NullPtr_33:
error("null pointer")
lbl_GoodPtr_34:
t0 = s1
s2 = t0
t0 = 28
s3 = t0
t0 = 4
s6 = t0
t0 = s3
t0 = alloc(t0)
s9 = t0
t0 = s6
t0 = alloc(t0)
s10 = t0
t0 = @U_calculate
s7 = t0
t1 = s10
t0 = s7
[t1 + 0] = t0
t1 = s9
t0 = s10
[t1 + 0] = t0
t0 = s9
if0 t0 goto lbl_NullPtr_40
goto lbl_GoodPtr_41
lbl_NullPtr_40:
error("null pointer")
lbl_GoodPtr_41:
t0 = s9
s8 = t0
t0 = t2
if0 t0 goto lbl_NullPtr_44
t0 = t2
t0 = [t0 + 0]
s11 = t0
t0 = s11
t0 = [t0 + 0]
s11 = t0
a2_stack = a2
t0 = t2
a2 = t0
t0 = s11
t3_stack = t3
t4_stack = t4
t5_stack = t5
t0 = call t0()
a2 = a2_stack
t3 = t3_stack
t4 = t4_stack
t5 = t5_stack
s5 = t0
goto lbl_GoodPtr_45
lbl_NullPtr_44:
error("null pointer")
lbl_GoodPtr_45:
t0 = s5
t2 = t0
t0 = t2
print(t0)
t0 = t3
if0 t0 goto lbl_NullPtr_48
t0 = t3
t0 = [t0 + 0]
s4 = t0
t0 = s4
t0 = [t0 + 0]
s4 = t0
a2_stack = a2
t0 = t3
a2 = t0
t0 = s4
t4_stack = t4
t5_stack = t5
t2_stack = t2
t0 = call t0()
a2 = a2_stack
t4 = t4_stack
t5 = t5_stack
t2 = t2_stack
s1 = t0
goto lbl_GoodPtr_49
lbl_NullPtr_48:
error("null pointer")
lbl_GoodPtr_49:
t0 = s1
t2 = t0
t0 = t2
print(t0)
t0 = t4
if0 t0 goto lbl_NullPtr_52
t0 = t4
t0 = [t0 + 0]
t3 = t0
t0 = t3
t0 = [t0 + 0]
t3 = t0
a2_stack = a2
t0 = t4
a2 = t0
t0 = t3
t5_stack = t5
t2_stack = t2
t0 = call t0()
a2 = a2_stack
t5 = t5_stack
t2 = t2_stack
s3 = t0
goto lbl_GoodPtr_53
lbl_NullPtr_52:
error("null pointer")
lbl_GoodPtr_53:
t0 = s3
t2 = t0
t0 = t2
print(t0)
t0 = t5
if0 t0 goto lbl_NullPtr_56
t0 = t5
t0 = [t0 + 0]
t4 = t0
t0 = t4
t0 = [t0 + 0]
t4 = t0
a2_stack = a2
t0 = t5
a2 = t0
t0 = t4
t2_stack = t2
t0 = call t0()
a2 = a2_stack
t2 = t2_stack
t3 = t0
goto lbl_GoodPtr_57
lbl_NullPtr_56:
error("null pointer")
lbl_GoodPtr_57:
t0 = t3
t2 = t0
t0 = t2
print(t0)
t0 = s2
if0 t0 goto lbl_NullPtr_60
t0 = s2
t0 = [t0 + 0]
t5 = t0
t0 = t5
t0 = [t0 + 0]
t5 = t0
a2_stack = a2
t0 = s2
a2 = t0
t0 = t5
t2_stack = t2
t0 = call t0()
a2 = a2_stack
t2 = t2_stack
t4 = t0
goto lbl_GoodPtr_61
lbl_NullPtr_60:
error("null pointer")
lbl_GoodPtr_61:
t0 = t4
t2 = t0
t0 = t2
print(t0)
t0 = s8
if0 t0 goto lbl_NullPtr_64
t0 = s8
t0 = [t0 + 0]
t3 = t0
t0 = t3
t0 = [t0 + 0]
t3 = t0
a2_stack = a2
t0 = s8
a2 = t0
t0 = t3
t2_stack = t2
t0 = call t0()
a2 = a2_stack
t2 = t2_stack
t5 = t0
goto lbl_GoodPtr_65
lbl_NullPtr_64:
error("null pointer")
lbl_GoodPtr_65:
t0 = t5
t2 = t0
t0 = t2
print(t0)
t0 = 0
s6 = t0
v66_1 = s6
      return v66_1

func U_calculate()
s3_stack = s3
s4_stack = s4
s11_stack = s11
s5_stack = s5
s6_stack = s6
s10_stack = s10
s7_stack = s7
s8_stack = s8
s9_stack = s9
s1_stack = s1
s2_stack = s2
t0 = 0
s7 = t0
t0 = s7
sum_2 = t0
t0 = 10
s9 = t0
t0 = 1
s11 = t0
t0 = 4
s5 = t0
t0 = s9
t1 = s11
t0 = t0 + t1
s4 = t0
t0 = s4
t1 = s5
t0 = t0 * t1
s4 = t0
t0 = s4
t0 = alloc(t0)
s1 = t0
t0 = s1
if0 t0 goto lbl_NullPtr_73
goto lbl_GoodPtr_74
lbl_NullPtr_73:
error("null pointer")
lbl_GoodPtr_74:
t1 = s1
t0 = s9
[t1 + 0] = t0
t1 = a2
t0 = s1
[t1 + 16] = t0
t0 = 0
s3 = t0
t0 = s3
i_2 = t0
lbl_While_76:
t0 = a2
t0 = [t0 + 16]
s8 = t0
t0 = s8
t0 = [t0 + 0]
s6 = t0
t0 = i_2
t1 = s6
t0 = t0 < t1
s7 = t0
t0 = s7
if0 t0 goto lbl_WhileExit_77
t0 = a2
t0 = [t0 + 16]
s11 = t0
t0 = 2
s5 = t0
t0 = i_2
t1 = s5
t0 = t0 * t1
s4 = t0
t0 = 4
s9 = t0
t0 = 5
s1 = t0
t0 = s9
t1 = s1
t0 = t0 - t1
s3 = t0
t0 = s11
t0 = [t0 + 0]
t4 = t0
t0 = s3
t1 = i_2
t0 = t0 < t1
t3 = t0
t0 = i_2
t1 = t4
t0 = t0 < t1
t5 = t0
t0 = t3
t1 = t5
t0 = t0 * t1
t2 = t0
t0 = t2
if0 t0 goto lbl_OutOfBounds_91
goto lbl_Inbound_92
lbl_OutOfBounds_91:
error("array index out of bounds")
lbl_Inbound_92:
t0 = s9
t1 = i_2
t0 = t0 * t1
s10 = t0
t0 = s10
t1 = s9
t0 = t0 + t1
s10 = t0
t0 = s11
t1 = s10
t0 = t0 + t1
s10 = t0
t1 = s10
t0 = s4
[t1 + 0] = t0
t0 = 1
s2 = t0
t0 = i_2
t1 = s2
t0 = t0 + t1
v94_2 = t0
t0 = v94_2
i_2 = t0
goto lbl_While_76
lbl_WhileExit_77:
t0 = 0
s8 = t0
t0 = s8
i_2 = t0
lbl_While_97:
t0 = a2
t0 = [t0 + 16]
s6 = t0
t0 = s6
t0 = [t0 + 0]
s7 = t0
t0 = i_2
t1 = s7
t0 = t0 < t1
s11 = t0
t0 = s11
if0 t0 goto lbl_WhileExit_98
t0 = a2
t0 = [t0 + 16]
s5 = t0
t0 = 4
s4 = t0
t0 = 5
s9 = t0
t0 = s4
t1 = s9
t0 = t0 - t1
s1 = t0
t0 = s5
t0 = [t0 + 0]
s3 = t0
t0 = s1
t1 = i_2
t0 = t0 < t1
s10 = t0
t0 = i_2
t1 = s3
t0 = t0 < t1
s2 = t0
t0 = s10
t1 = s2
t0 = t0 * t1
s8 = t0
t0 = s8
if0 t0 goto lbl_OutOfBounds_111
goto lbl_Inbound_112
lbl_OutOfBounds_111:
error("array index out of bounds")
lbl_Inbound_112:
t0 = s4
t1 = i_2
t0 = t0 * t1
t4 = t0
t0 = t4
t1 = s4
t0 = t0 + t1
t4 = t0
t0 = s5
t1 = t4
t0 = t0 + t1
t4 = t0
t0 = t4
t0 = [t0 + 0]
t3 = t0
t0 = sum_2
t1 = t3
t0 = t0 + t1
t5 = t0
t0 = t5
sum_2 = t0
t0 = 1
t2 = t0
t0 = i_2
t1 = t2
t0 = t0 + t1
v115_2 = t0
t0 = v115_2
i_2 = t0
goto lbl_While_97
lbl_WhileExit_98:
s3 = s3_stack
s4 = s4_stack
s11 = s11_stack
s5 = s5_stack
s6 = s6_stack
s10 = s10_stack
s7 = s7_stack
s8 = s8_stack
s9 = s9_stack
s1 = s1_stack
s2 = s2_stack
      return sum_2

func T_calculate()
s3_stack = s3
s4_stack = s4
s5_stack = s5
s11_stack = s11
s6_stack = s6
s10_stack = s10
s7_stack = s7
s8_stack = s8
s9_stack = s9
s1_stack = s1
s2_stack = s2
t0 = 1
s6 = t0
t0 = s6
product_3 = t0
t0 = 10
s11 = t0
t0 = 1
s5 = t0
t0 = 4
s4 = t0
t0 = s11
t1 = s5
t0 = t0 + t1
s9 = t0
t0 = s9
t1 = s4
t0 = t0 * t1
s9 = t0
t0 = s9
t0 = alloc(t0)
s1 = t0
t0 = s1
if0 t0 goto lbl_NullPtr_123
goto lbl_GoodPtr_124
lbl_NullPtr_123:
error("null pointer")
lbl_GoodPtr_124:
t1 = s1
t0 = s11
[t1 + 0] = t0
t1 = a2
t0 = s1
[t1 + 16] = t0
t0 = 0
s3 = t0
t0 = s3
i_3 = t0
lbl_While_126:
t0 = a2
t0 = [t0 + 16]
s2 = t0
t0 = s2
t0 = [t0 + 0]
s8 = t0
t0 = i_3
t1 = s8
t0 = t0 < t1
s6 = t0
t0 = s6
if0 t0 goto lbl_WhileExit_127
t0 = a2
t0 = [t0 + 16]
s5 = t0
t0 = 3
s4 = t0
t0 = i_3
t1 = s4
t0 = t0 * t1
s9 = t0
t0 = 4
s11 = t0
t0 = 5
s1 = t0
t0 = s11
t1 = s1
t0 = t0 - t1
s3 = t0
t0 = s5
t0 = [t0 + 0]
t4 = t0
t0 = s3
t1 = i_3
t0 = t0 < t1
t3 = t0
t0 = i_3
t1 = t4
t0 = t0 < t1
t5 = t0
t0 = t3
t1 = t5
t0 = t0 * t1
t2 = t0
t0 = t2
if0 t0 goto lbl_OutOfBounds_141
goto lbl_Inbound_142
lbl_OutOfBounds_141:
error("array index out of bounds")
lbl_Inbound_142:
t0 = s11
t1 = i_3
t0 = t0 * t1
s7 = t0
t0 = s7
t1 = s11
t0 = t0 + t1
s7 = t0
t0 = s5
t1 = s7
t0 = t0 + t1
s7 = t0
t1 = s7
t0 = s9
[t1 + 0] = t0
t0 = 1
s10 = t0
t0 = i_3
t1 = s10
t0 = t0 + t1
v144_3 = t0
t0 = v144_3
i_3 = t0
goto lbl_While_126
lbl_WhileExit_127:
t0 = 0
s2 = t0
t0 = s2
i_3 = t0
lbl_While_147:
t0 = a2
t0 = [t0 + 16]
s8 = t0
t0 = s8
t0 = [t0 + 0]
s6 = t0
t0 = i_3
t1 = s6
t0 = t0 < t1
s5 = t0
t0 = s5
if0 t0 goto lbl_WhileExit_148
t0 = a2
t0 = [t0 + 16]
s4 = t0
t0 = 4
s9 = t0
t0 = 5
s11 = t0
t0 = s9
t1 = s11
t0 = t0 - t1
s1 = t0
t0 = s4
t0 = [t0 + 0]
s3 = t0
t0 = s1
t1 = i_3
t0 = t0 < t1
s7 = t0
t0 = i_3
t1 = s3
t0 = t0 < t1
s10 = t0
t0 = s7
t1 = s10
t0 = t0 * t1
s2 = t0
t0 = s2
if0 t0 goto lbl_OutOfBounds_161
goto lbl_Inbound_162
lbl_OutOfBounds_161:
error("array index out of bounds")
lbl_Inbound_162:
t0 = s9
t1 = i_3
t0 = t0 * t1
t4 = t0
t0 = t4
t1 = s9
t0 = t0 + t1
t4 = t0
t0 = s4
t1 = t4
t0 = t0 + t1
t4 = t0
t0 = t4
t0 = [t0 + 0]
t3 = t0
t0 = product_3
t1 = t3
t0 = t0 * t1
t5 = t0
t0 = t5
product_3 = t0
t0 = 1
t2 = t0
t0 = i_3
t1 = t2
t0 = t0 + t1
v165_3 = t0
t0 = v165_3
i_3 = t0
goto lbl_While_147
lbl_WhileExit_148:
s3 = s3_stack
s4 = s4_stack
s5 = s5_stack
s11 = s11_stack
s6 = s6_stack
s10 = s10_stack
s7 = s7_stack
s8 = s8_stack
s9 = s9_stack
s1 = s1_stack
s2 = s2_stack
      return product_3

func S_calculate()
s3_stack = s3
s4_stack = s4
s5_stack = s5
s11_stack = s11
s10_stack = s10
s6_stack = s6
s7_stack = s7
s8_stack = s8
s9_stack = s9
s1_stack = s1
s2_stack = s2
t0 = 0
s8 = t0
t0 = s8
sum_4 = t0
t0 = 10
s5 = t0
t0 = 1
s4 = t0
t0 = 4
s9 = t0
t0 = s5
t1 = s4
t0 = t0 + t1
s11 = t0
t0 = s11
t1 = s9
t0 = t0 * t1
s11 = t0
t0 = s11
t0 = alloc(t0)
s1 = t0
t0 = s1
if0 t0 goto lbl_NullPtr_173
goto lbl_GoodPtr_174
lbl_NullPtr_173:
error("null pointer")
lbl_GoodPtr_174:
t1 = s1
t0 = s5
[t1 + 0] = t0
t1 = a2
t0 = s1
[t1 + 16] = t0
t0 = 0
s3 = t0
t0 = s3
i_4 = t0
lbl_While_176:
t0 = a2
t0 = [t0 + 16]
s10 = t0
t0 = s10
t0 = [t0 + 0]
s2 = t0
t0 = i_4
t1 = s2
t0 = t0 < t1
s8 = t0
t0 = s8
if0 t0 goto lbl_WhileExit_177
t0 = a2
t0 = [t0 + 16]
s4 = t0
t0 = 4
s9 = t0
t0 = i_4
t1 = s9
t0 = t0 * t1
s11 = t0
t0 = 4
s5 = t0
t0 = 5
s1 = t0
t0 = s5
t1 = s1
t0 = t0 - t1
s3 = t0
t0 = s4
t0 = [t0 + 0]
t4 = t0
t0 = s3
t1 = i_4
t0 = t0 < t1
t3 = t0
t0 = i_4
t1 = t4
t0 = t0 < t1
t5 = t0
t0 = t3
t1 = t5
t0 = t0 * t1
t2 = t0
t0 = t2
if0 t0 goto lbl_OutOfBounds_191
goto lbl_Inbound_192
lbl_OutOfBounds_191:
error("array index out of bounds")
lbl_Inbound_192:
t0 = s5
t1 = i_4
t0 = t0 * t1
s6 = t0
t0 = s6
t1 = s5
t0 = t0 + t1
s6 = t0
t0 = s4
t1 = s6
t0 = t0 + t1
s6 = t0
t1 = s6
t0 = s11
[t1 + 0] = t0
t0 = 1
s7 = t0
t0 = i_4
t1 = s7
t0 = t0 + t1
v194_4 = t0
t0 = v194_4
i_4 = t0
goto lbl_While_176
lbl_WhileExit_177:
t0 = 0
s10 = t0
t0 = s10
i_4 = t0
lbl_While_197:
t0 = a2
t0 = [t0 + 16]
s2 = t0
t0 = s2
t0 = [t0 + 0]
s8 = t0
t0 = i_4
t1 = s8
t0 = t0 < t1
s4 = t0
t0 = s4
if0 t0 goto lbl_WhileExit_198
t0 = 0
s9 = t0
t0 = s9
s11 = t0
lbl_While_203:
t0 = a2
t0 = [t0 + 16]
s5 = t0
t0 = s5
t0 = [t0 + 0]
s1 = t0
t0 = s11
t1 = s1
t0 = t0 < t1
s3 = t0
t0 = s3
if0 t0 goto lbl_WhileExit_204
t0 = a2
t0 = [t0 + 16]
s6 = t0
t0 = 4
s7 = t0
t0 = 5
s10 = t0
t0 = s7
t1 = s10
t0 = t0 - t1
t4 = t0
t0 = s6
t0 = [t0 + 0]
t3 = t0
t0 = t4
t1 = i_4
t0 = t0 < t1
t5 = t0
t0 = i_4
t1 = t3
t0 = t0 < t1
t2 = t0
t0 = t5
t1 = t2
t0 = t0 * t1
v217_4 = t0
t0 = v217_4
if0 t0 goto lbl_OutOfBounds_218
goto lbl_Inbound_219
lbl_OutOfBounds_218:
error("array index out of bounds")
lbl_Inbound_219:
t0 = s7
t1 = i_4
t0 = t0 * t1
v220_4 = t0
t0 = v220_4
t1 = s7
t0 = t0 + t1
v220_4 = t0
t0 = s6
t1 = v220_4
t0 = t0 + t1
v220_4 = t0
t0 = v220_4
t0 = [t0 + 0]
v221_4 = t0
t0 = a2
t0 = [t0 + 16]
v222_4 = t0
t0 = 4
v223_4 = t0
t0 = 5
v224_4 = t0
t0 = v223_4
t1 = v224_4
t0 = t0 - t1
v225_4 = t0
t0 = v222_4
t0 = [t0 + 0]
v226_4 = t0
t0 = v225_4
t1 = s11
t0 = t0 < t1
v227_4 = t0
t0 = s11
t1 = v226_4
t0 = t0 < t1
v228_4 = t0
t0 = v227_4
t1 = v228_4
t0 = t0 * t1
v229_4 = t0
t0 = v229_4
if0 t0 goto lbl_OutOfBounds_230
goto lbl_Inbound_231
lbl_OutOfBounds_230:
error("array index out of bounds")
lbl_Inbound_231:
t0 = v223_4
t1 = s11
t0 = t0 * t1
v232_4 = t0
t0 = v232_4
t1 = v223_4
t0 = t0 + t1
v232_4 = t0
t0 = v222_4
t1 = v232_4
t0 = t0 + t1
v232_4 = t0
t0 = v232_4
t0 = [t0 + 0]
v233_4 = t0
t0 = v221_4
t1 = v233_4
t0 = t0 + t1
v209_4 = t0
t0 = sum_4
t1 = v209_4
t0 = t0 + t1
v208_4 = t0
t0 = v208_4
sum_4 = t0
t0 = 1
v235_4 = t0
t0 = s11
t1 = v235_4
t0 = t0 + t1
v234_4 = t0
t0 = v234_4
s11 = t0
goto lbl_While_203
lbl_WhileExit_204:
t0 = 1
v237_4 = t0
t0 = i_4
t1 = v237_4
t0 = t0 + t1
v236_4 = t0
t0 = v236_4
i_4 = t0
goto lbl_While_197
lbl_WhileExit_198:
s3 = s3_stack
s4 = s4_stack
s5 = s5_stack
s11 = s11_stack
s10 = s10_stack
s6 = s6_stack
s7 = s7_stack
s8 = s8_stack
s9 = s9_stack
s1 = s1_stack
s2 = s2_stack
      return sum_4

func R_calculate()
s3_stack = s3
s4_stack = s4
s11_stack = s11
s5_stack = s5
s6_stack = s6
s10_stack = s10
s7_stack = s7
s8_stack = s8
s9_stack = s9
s1_stack = s1
s2_stack = s2
t0 = 1
s2 = t0
t0 = s2
product_5 = t0
t0 = 10
s4 = t0
t0 = 1
s9 = t0
t0 = 4
s11 = t0
t0 = s4
t1 = s9
t0 = t0 + t1
s5 = t0
t0 = s5
t1 = s11
t0 = t0 * t1
s5 = t0
t0 = s5
t0 = alloc(t0)
s1 = t0
t0 = s1
if0 t0 goto lbl_NullPtr_244
goto lbl_GoodPtr_245
lbl_NullPtr_244:
error("null pointer")
lbl_GoodPtr_245:
t1 = s1
t0 = s4
[t1 + 0] = t0
t1 = a2
t0 = s1
[t1 + 16] = t0
t0 = 0
s3 = t0
t0 = s3
i_5 = t0
lbl_While_247:
t0 = a2
t0 = [t0 + 16]
s7 = t0
t0 = s7
t0 = [t0 + 0]
s10 = t0
t0 = i_5
t1 = s10
t0 = t0 < t1
s2 = t0
t0 = s2
if0 t0 goto lbl_WhileExit_248
t0 = a2
t0 = [t0 + 16]
s9 = t0
t0 = 5
s11 = t0
t0 = i_5
t1 = s11
t0 = t0 * t1
s5 = t0
t0 = 4
s4 = t0
t0 = 5
s1 = t0
t0 = s4
t1 = s1
t0 = t0 - t1
s3 = t0
t0 = s9
t0 = [t0 + 0]
t4 = t0
t0 = s3
t1 = i_5
t0 = t0 < t1
t3 = t0
t0 = i_5
t1 = t4
t0 = t0 < t1
t5 = t0
t0 = t3
t1 = t5
t0 = t0 * t1
t2 = t0
t0 = t2
if0 t0 goto lbl_OutOfBounds_262
goto lbl_Inbound_263
lbl_OutOfBounds_262:
error("array index out of bounds")
lbl_Inbound_263:
t0 = s4
t1 = i_5
t0 = t0 * t1
s8 = t0
t0 = s8
t1 = s4
t0 = t0 + t1
s8 = t0
t0 = s9
t1 = s8
t0 = t0 + t1
s8 = t0
t1 = s8
t0 = s5
[t1 + 0] = t0
t0 = 1
s6 = t0
t0 = i_5
t1 = s6
t0 = t0 + t1
v265_5 = t0
t0 = v265_5
i_5 = t0
goto lbl_While_247
lbl_WhileExit_248:
t0 = 0
s7 = t0
t0 = s7
i_5 = t0
lbl_While_268:
t0 = a2
t0 = [t0 + 16]
s10 = t0
t0 = s10
t0 = [t0 + 0]
s2 = t0
t0 = i_5
t1 = s2
t0 = t0 < t1
s9 = t0
t0 = s9
if0 t0 goto lbl_WhileExit_269
t0 = 0
s11 = t0
t0 = s11
s5 = t0
lbl_While_274:
t0 = a2
t0 = [t0 + 16]
s4 = t0
t0 = s4
t0 = [t0 + 0]
s1 = t0
t0 = s5
t1 = s1
t0 = t0 < t1
s3 = t0
t0 = s3
if0 t0 goto lbl_WhileExit_275
t0 = a2
t0 = [t0 + 16]
s8 = t0
t0 = 4
s6 = t0
t0 = 5
s7 = t0
t0 = s6
t1 = s7
t0 = t0 - t1
t4 = t0
t0 = s8
t0 = [t0 + 0]
t3 = t0
t0 = t4
t1 = i_5
t0 = t0 < t1
t5 = t0
t0 = i_5
t1 = t3
t0 = t0 < t1
t2 = t0
t0 = t5
t1 = t2
t0 = t0 * t1
v288_5 = t0
t0 = v288_5
if0 t0 goto lbl_OutOfBounds_289
goto lbl_Inbound_290
lbl_OutOfBounds_289:
error("array index out of bounds")
lbl_Inbound_290:
t0 = s6
t1 = i_5
t0 = t0 * t1
v291_5 = t0
t0 = v291_5
t1 = s6
t0 = t0 + t1
v291_5 = t0
t0 = s8
t1 = v291_5
t0 = t0 + t1
v291_5 = t0
t0 = v291_5
t0 = [t0 + 0]
v292_5 = t0
t0 = a2
t0 = [t0 + 16]
v293_5 = t0
t0 = 4
v294_5 = t0
t0 = 5
v295_5 = t0
t0 = v294_5
t1 = v295_5
t0 = t0 - t1
v296_5 = t0
t0 = v293_5
t0 = [t0 + 0]
v297_5 = t0
t0 = v296_5
t1 = s5
t0 = t0 < t1
v298_5 = t0
t0 = s5
t1 = v297_5
t0 = t0 < t1
v299_5 = t0
t0 = v298_5
t1 = v299_5
t0 = t0 * t1
v300_5 = t0
t0 = v300_5
if0 t0 goto lbl_OutOfBounds_301
goto lbl_Inbound_302
lbl_OutOfBounds_301:
error("array index out of bounds")
lbl_Inbound_302:
t0 = v294_5
t1 = s5
t0 = t0 * t1
v303_5 = t0
t0 = v303_5
t1 = v294_5
t0 = t0 + t1
v303_5 = t0
t0 = v293_5
t1 = v303_5
t0 = t0 + t1
v303_5 = t0
t0 = v303_5
t0 = [t0 + 0]
v304_5 = t0
t0 = v292_5
t1 = v304_5
t0 = t0 - t1
v280_5 = t0
t0 = product_5
t1 = v280_5
t0 = t0 * t1
v279_5 = t0
t0 = v279_5
product_5 = t0
t0 = 1
v306_5 = t0
t0 = s5
t1 = v306_5
t0 = t0 + t1
v305_5 = t0
t0 = v305_5
s5 = t0
goto lbl_While_274
lbl_WhileExit_275:
t0 = 1
v308_5 = t0
t0 = i_5
t1 = v308_5
t0 = t0 + t1
v307_5 = t0
t0 = v307_5
i_5 = t0
goto lbl_While_268
lbl_WhileExit_269:
s3 = s3_stack
s4 = s4_stack
s11 = s11_stack
s5 = s5_stack
s6 = s6_stack
s10 = s10_stack
s7 = s7_stack
s8 = s8_stack
s9 = s9_stack
s1 = s1_stack
s2 = s2_stack
      return product_5

func Q_calculate()
s3_stack = s3
s4_stack = s4
s5_stack = s5
s11_stack = s11
s10_stack = s10
s6_stack = s6
s7_stack = s7
s8_stack = s8
s9_stack = s9
s1_stack = s1
s2_stack = s2
t0 = 0
s10 = t0
t0 = s10
sum_6 = t0
t0 = 10
s9 = t0
t0 = 1
s11 = t0
t0 = 4
s5 = t0
t0 = s9
t1 = s11
t0 = t0 + t1
s4 = t0
t0 = s4
t1 = s5
t0 = t0 * t1
s4 = t0
t0 = s4
t0 = alloc(t0)
s1 = t0
t0 = s1
if0 t0 goto lbl_NullPtr_315
goto lbl_GoodPtr_316
lbl_NullPtr_315:
error("null pointer")
lbl_GoodPtr_316:
t1 = s1
t0 = s9
[t1 + 0] = t0
t1 = a2
t0 = s1
[t1 + 16] = t0
t0 = 0
s3 = t0
t0 = s3
i_6 = t0
lbl_While_318:
t0 = a2
t0 = [t0 + 16]
s6 = t0
t0 = s6
t0 = [t0 + 0]
s7 = t0
t0 = i_6
t1 = s7
t0 = t0 < t1
s10 = t0
t0 = s10
if0 t0 goto lbl_WhileExit_319
t0 = a2
t0 = [t0 + 16]
s11 = t0
t0 = 6
s5 = t0
t0 = i_6
t1 = s5
t0 = t0 * t1
s4 = t0
t0 = 4
s9 = t0
t0 = 5
s1 = t0
t0 = s9
t1 = s1
t0 = t0 - t1
s3 = t0
t0 = s11
t0 = [t0 + 0]
t4 = t0
t0 = s3
t1 = i_6
t0 = t0 < t1
t3 = t0
t0 = i_6
t1 = t4
t0 = t0 < t1
t5 = t0
t0 = t3
t1 = t5
t0 = t0 * t1
t2 = t0
t0 = t2
if0 t0 goto lbl_OutOfBounds_333
goto lbl_Inbound_334
lbl_OutOfBounds_333:
error("array index out of bounds")
lbl_Inbound_334:
t0 = s9
t1 = i_6
t0 = t0 * t1
s2 = t0
t0 = s2
t1 = s9
t0 = t0 + t1
s2 = t0
t0 = s11
t1 = s2
t0 = t0 + t1
s2 = t0
t1 = s2
t0 = s4
[t1 + 0] = t0
t0 = 1
s8 = t0
t0 = i_6
t1 = s8
t0 = t0 + t1
v336_6 = t0
t0 = v336_6
i_6 = t0
goto lbl_While_318
lbl_WhileExit_319:
t0 = 0
s6 = t0
t0 = s6
i_6 = t0
lbl_While_339:
t0 = a2
t0 = [t0 + 16]
s7 = t0
t0 = s7
t0 = [t0 + 0]
s10 = t0
t0 = i_6
t1 = s10
t0 = t0 < t1
s11 = t0
t0 = s11
if0 t0 goto lbl_WhileExit_340
t0 = 0
s5 = t0
t0 = s5
s4 = t0
lbl_While_345:
t0 = a2
t0 = [t0 + 16]
s9 = t0
t0 = s9
t0 = [t0 + 0]
s1 = t0
t0 = s4
t1 = s1
t0 = t0 < t1
s3 = t0
t0 = s3
if0 t0 goto lbl_WhileExit_346
t0 = a2
t0 = [t0 + 16]
s2 = t0
t0 = 4
s8 = t0
t0 = 5
s6 = t0
t0 = s8
t1 = s6
t0 = t0 - t1
t4 = t0
t0 = s2
t0 = [t0 + 0]
t3 = t0
t0 = t4
t1 = i_6
t0 = t0 < t1
t5 = t0
t0 = i_6
t1 = t3
t0 = t0 < t1
t2 = t0
t0 = t5
t1 = t2
t0 = t0 * t1
v359_6 = t0
t0 = v359_6
if0 t0 goto lbl_OutOfBounds_360
goto lbl_Inbound_361
lbl_OutOfBounds_360:
error("array index out of bounds")
lbl_Inbound_361:
t0 = s8
t1 = i_6
t0 = t0 * t1
v362_6 = t0
t0 = v362_6
t1 = s8
t0 = t0 + t1
v362_6 = t0
t0 = s2
t1 = v362_6
t0 = t0 + t1
v362_6 = t0
t0 = v362_6
t0 = [t0 + 0]
v363_6 = t0
t0 = a2
t0 = [t0 + 16]
v364_6 = t0
t0 = 4
v365_6 = t0
t0 = 5
v366_6 = t0
t0 = v365_6
t1 = v366_6
t0 = t0 - t1
v367_6 = t0
t0 = v364_6
t0 = [t0 + 0]
v368_6 = t0
t0 = v367_6
t1 = s4
t0 = t0 < t1
v369_6 = t0
t0 = s4
t1 = v368_6
t0 = t0 < t1
v370_6 = t0
t0 = v369_6
t1 = v370_6
t0 = t0 * t1
v371_6 = t0
t0 = v371_6
if0 t0 goto lbl_OutOfBounds_372
goto lbl_Inbound_373
lbl_OutOfBounds_372:
error("array index out of bounds")
lbl_Inbound_373:
t0 = v365_6
t1 = s4
t0 = t0 * t1
v374_6 = t0
t0 = v374_6
t1 = v365_6
t0 = t0 + t1
v374_6 = t0
t0 = v364_6
t1 = v374_6
t0 = t0 + t1
v374_6 = t0
t0 = v374_6
t0 = [t0 + 0]
v375_6 = t0
t0 = v363_6
t1 = v375_6
t0 = t0 * t1
v351_6 = t0
t0 = sum_6
t1 = v351_6
t0 = t0 + t1
v350_6 = t0
t0 = v350_6
sum_6 = t0
t0 = 1
v377_6 = t0
t0 = s4
t1 = v377_6
t0 = t0 + t1
v376_6 = t0
t0 = v376_6
s4 = t0
goto lbl_While_345
lbl_WhileExit_346:
t0 = 1
v379_6 = t0
t0 = i_6
t1 = v379_6
t0 = t0 + t1
v378_6 = t0
t0 = v378_6
i_6 = t0
goto lbl_While_339
lbl_WhileExit_340:
s3 = s3_stack
s4 = s4_stack
s5 = s5_stack
s11 = s11_stack
s10 = s10_stack
s6 = s6_stack
s7 = s7_stack
s8 = s8_stack
s9 = s9_stack
s1 = s1_stack
s2 = s2_stack
      return sum_6

func P_calculate()
s3_stack = s3
s4_stack = s4
s11_stack = s11
s5_stack = s5
s6_stack = s6
s10_stack = s10
s7_stack = s7
s8_stack = s8
s9_stack = s9
s1_stack = s1
s2_stack = s2
t0 = 1
s7 = t0
t0 = s7
result_7 = t0
t0 = 10
s11 = t0
t0 = 1
s5 = t0
t0 = 4
s4 = t0
t0 = s11
t1 = s5
t0 = t0 + t1
s9 = t0
t0 = s9
t1 = s4
t0 = t0 * t1
s9 = t0
t0 = s9
t0 = alloc(t0)
s1 = t0
t0 = s1
if0 t0 goto lbl_NullPtr_386
goto lbl_GoodPtr_387
lbl_NullPtr_386:
error("null pointer")
lbl_GoodPtr_387:
t1 = s1
t0 = s11
[t1 + 0] = t0
t1 = a2
t0 = s1
[t1 + 16] = t0
t0 = 0
s3 = t0
t0 = s3
i_7 = t0
lbl_While_389:
t0 = a2
t0 = [t0 + 16]
s8 = t0
t0 = s8
t0 = [t0 + 0]
s6 = t0
t0 = i_7
t1 = s6
t0 = t0 < t1
s7 = t0
t0 = s7
if0 t0 goto lbl_WhileExit_390
t0 = a2
t0 = [t0 + 16]
s5 = t0
t0 = 7
s4 = t0
t0 = i_7
t1 = s4
t0 = t0 * t1
s9 = t0
t0 = 4
s11 = t0
t0 = 5
s1 = t0
t0 = s11
t1 = s1
t0 = t0 - t1
s3 = t0
t0 = s5
t0 = [t0 + 0]
t4 = t0
t0 = s3
t1 = i_7
t0 = t0 < t1
t3 = t0
t0 = i_7
t1 = t4
t0 = t0 < t1
t5 = t0
t0 = t3
t1 = t5
t0 = t0 * t1
t2 = t0
t0 = t2
if0 t0 goto lbl_OutOfBounds_404
goto lbl_Inbound_405
lbl_OutOfBounds_404:
error("array index out of bounds")
lbl_Inbound_405:
t0 = s11
t1 = i_7
t0 = t0 * t1
s10 = t0
t0 = s10
t1 = s11
t0 = t0 + t1
s10 = t0
t0 = s5
t1 = s10
t0 = t0 + t1
s10 = t0
t1 = s10
t0 = s9
[t1 + 0] = t0
t0 = 1
s2 = t0
t0 = i_7
t1 = s2
t0 = t0 + t1
v407_7 = t0
t0 = v407_7
i_7 = t0
goto lbl_While_389
lbl_WhileExit_390:
t0 = 0
s8 = t0
t0 = s8
i_7 = t0
lbl_While_410:
t0 = a2
t0 = [t0 + 16]
s6 = t0
t0 = s6
t0 = [t0 + 0]
s7 = t0
t0 = i_7
t1 = s7
t0 = t0 < t1
s5 = t0
t0 = s5
if0 t0 goto lbl_WhileExit_411
t0 = 0
s4 = t0
t0 = s4
s9 = t0
lbl_While_416:
t0 = a2
t0 = [t0 + 16]
s11 = t0
t0 = s11
t0 = [t0 + 0]
s1 = t0
t0 = s9
t1 = s1
t0 = t0 < t1
s3 = t0
t0 = s3
if0 t0 goto lbl_WhileExit_417
t0 = a2
t0 = [t0 + 16]
s10 = t0
t0 = 4
s2 = t0
t0 = 5
s8 = t0
t0 = s2
t1 = s8
t0 = t0 - t1
t4 = t0
t0 = s10
t0 = [t0 + 0]
t3 = t0
t0 = t4
t1 = i_7
t0 = t0 < t1
t5 = t0
t0 = i_7
t1 = t3
t0 = t0 < t1
t2 = t0
t0 = t5
t1 = t2
t0 = t0 * t1
v430_7 = t0
t0 = v430_7
if0 t0 goto lbl_OutOfBounds_431
goto lbl_Inbound_432
lbl_OutOfBounds_431:
error("array index out of bounds")
lbl_Inbound_432:
t0 = s2
t1 = i_7
t0 = t0 * t1
v433_7 = t0
t0 = v433_7
t1 = s2
t0 = t0 + t1
v433_7 = t0
t0 = s10
t1 = v433_7
t0 = t0 + t1
v433_7 = t0
t0 = v433_7
t0 = [t0 + 0]
v434_7 = t0
t0 = a2
t0 = [t0 + 16]
v435_7 = t0
t0 = 4
v436_7 = t0
t0 = 5
v437_7 = t0
t0 = v436_7
t1 = v437_7
t0 = t0 - t1
v438_7 = t0
t0 = v435_7
t0 = [t0 + 0]
v439_7 = t0
t0 = v438_7
t1 = s9
t0 = t0 < t1
v440_7 = t0
t0 = s9
t1 = v439_7
t0 = t0 < t1
v441_7 = t0
t0 = v440_7
t1 = v441_7
t0 = t0 * t1
v442_7 = t0
t0 = v442_7
if0 t0 goto lbl_OutOfBounds_443
goto lbl_Inbound_444
lbl_OutOfBounds_443:
error("array index out of bounds")
lbl_Inbound_444:
t0 = v436_7
t1 = s9
t0 = t0 * t1
v445_7 = t0
t0 = v445_7
t1 = v436_7
t0 = t0 + t1
v445_7 = t0
t0 = v435_7
t1 = v445_7
t0 = t0 + t1
v445_7 = t0
t0 = v445_7
t0 = [t0 + 0]
v446_7 = t0
t0 = v434_7
t1 = v446_7
t0 = t0 + t1
v422_7 = t0
t0 = result_7
t1 = v422_7
t0 = t0 * t1
v421_7 = t0
t0 = v421_7
result_7 = t0
t0 = 1
v448_7 = t0
t0 = s9
t1 = v448_7
t0 = t0 + t1
v447_7 = t0
t0 = v447_7
s9 = t0
goto lbl_While_416
lbl_WhileExit_417:
t0 = 1
v450_7 = t0
t0 = i_7
t1 = v450_7
t0 = t0 + t1
v449_7 = t0
t0 = v449_7
i_7 = t0
goto lbl_While_410
lbl_WhileExit_411:
s3 = s3_stack
s4 = s4_stack
s11 = s11_stack
s5 = s5_stack
s6 = s6_stack
s10 = s10_stack
s7 = s7_stack
s8 = s8_stack
s9 = s9_stack
s1 = s1_stack
s2 = s2_stack
      return result_7


