func main()
s3_stack = s3
s4_stack = s4
s5_stack = s5
s11_stack = s11
s6_stack = s6
s10_stack = s10
s7_stack = s7
s8_stack = s8
s9_stack = s9
s1_stack = s1
s2_stack = s2
t0 = 64
s1 = t0
t0 = 20
s2 = t0
t0 = s1
t0 = alloc(t0)
s3 = t0
t0 = s2
t0 = alloc(t0)
s4 = t0
t0 = @X_compute
s5 = t0
t1 = s4
t0 = s5
[t1 + 0] = t0
t0 = @V_getArray
s6 = t0
t1 = s4
t0 = s6
[t1 + 4] = t0
t0 = @X_setDepArray
s7 = t0
t1 = s4
t0 = s7
[t1 + 16] = t0
t0 = @V_calculate
s8 = t0
t1 = s4
t0 = s8
[t1 + 8] = t0
t0 = @V_setArray
s9 = t0
t1 = s4
t0 = s9
[t1 + 12] = t0
t1 = s3
t0 = s4
[t1 + 0] = t0
t0 = s3
if0 t0 goto lbl_NullPtr_9
goto lbl_GoodPtr_10
lbl_NullPtr_9:
error("null pointer")
lbl_GoodPtr_10:
t0 = s3
s10 = t0
t0 = 56
s11 = t0
t0 = 20
s1 = t0
t0 = s11
t0 = alloc(t0)
s2 = t0
t0 = s1
t0 = alloc(t0)
s5 = t0
t0 = @Y_compute
s6 = t0
t1 = s5
t0 = s6
[t1 + 0] = t0
t0 = @V_getArray
s7 = t0
t1 = s5
t0 = s7
[t1 + 4] = t0
t0 = @Y_setDepArray
s8 = t0
t1 = s5
t0 = s8
[t1 + 16] = t0
t0 = @V_calculate
s9 = t0
t1 = s5
t0 = s9
[t1 + 8] = t0
t0 = @V_setArray
s4 = t0
t1 = s5
t0 = s4
[t1 + 12] = t0
t1 = s2
t0 = s5
[t1 + 0] = t0
t0 = s2
if0 t0 goto lbl_NullPtr_20
goto lbl_GoodPtr_21
lbl_NullPtr_20:
error("null pointer")
lbl_GoodPtr_21:
t0 = s2
s3 = t0
t0 = 48
s10 = t0
t0 = 20
s11 = t0
t0 = s10
t0 = alloc(t0)
s1 = t0
t0 = s11
t0 = alloc(t0)
s6 = t0
t0 = @Z_compute
s7 = t0
t1 = s6
t0 = s7
[t1 + 0] = t0
t0 = @V_getArray
s8 = t0
t1 = s6
t0 = s8
[t1 + 4] = t0
t0 = @Z_setDepArray
s9 = t0
t1 = s6
t0 = s9
[t1 + 16] = t0
t0 = @V_calculate
s4 = t0
t1 = s6
t0 = s4
[t1 + 8] = t0
t0 = @V_setArray
s5 = t0
t1 = s6
t0 = s5
[t1 + 12] = t0
t1 = s1
t0 = s6
[t1 + 0] = t0
t0 = s1
if0 t0 goto lbl_NullPtr_31
goto lbl_GoodPtr_32
lbl_NullPtr_31:
error("null pointer")
lbl_GoodPtr_32:
t0 = s1
s2 = t0
t0 = 40
s3 = t0
t0 = 20
s10 = t0
t0 = s3
t0 = alloc(t0)
s11 = t0
t0 = s10
t0 = alloc(t0)
s7 = t0
t0 = @W_compute
s8 = t0
t1 = s7
t0 = s8
[t1 + 0] = t0
t0 = @V_getArray
s9 = t0
t1 = s7
t0 = s9
[t1 + 4] = t0
t0 = @W_setDepArray
s4 = t0
t1 = s7
t0 = s4
[t1 + 16] = t0
t0 = @V_calculate
s5 = t0
t1 = s7
t0 = s5
[t1 + 8] = t0
t0 = @V_setArray
s6 = t0
t1 = s7
t0 = s6
[t1 + 12] = t0
t1 = s11
t0 = s7
[t1 + 0] = t0
t0 = s11
if0 t0 goto lbl_NullPtr_42
goto lbl_GoodPtr_43
lbl_NullPtr_42:
error("null pointer")
lbl_GoodPtr_43:
t0 = s11
t2 = t0
t0 = 32
s1 = t0
t0 = 16
s2 = t0
t0 = s1
t0 = alloc(t0)
s3 = t0
t0 = s2
t0 = alloc(t0)
s10 = t0
t0 = @V_compute
s8 = t0
t1 = s10
t0 = s8
[t1 + 0] = t0
t0 = @V_getArray
s9 = t0
t1 = s10
t0 = s9
[t1 + 4] = t0
t0 = @V_calculate
s4 = t0
t1 = s10
t0 = s4
[t1 + 8] = t0
t0 = @V_setArray
s5 = t0
t1 = s10
t0 = s5
[t1 + 12] = t0
t1 = s3
t0 = s10
[t1 + 0] = t0
t0 = s3
if0 t0 goto lbl_NullPtr_52
goto lbl_GoodPtr_53
lbl_NullPtr_52:
error("null pointer")
lbl_GoodPtr_53:
t0 = s3
t3 = t0
t0 = t2
if0 t0 goto lbl_NullPtr_56
t0 = t2
t0 = [t0 + 0]
t4 = t0
t0 = t4
t0 = [t0 + 0]
t4 = t0
t0 = 40
t5 = t0
a2_stack = a2
a3_stack = a3
t0 = t2
a2 = t0
t0 = t5
a3 = t0
t0 = t4
t3_stack = t3
t0 = call t0()
a2 = a2_stack
a3 = a3_stack
t3 = t3_stack
s6 = t0
goto lbl_GoodPtr_57
lbl_NullPtr_56:
error("null pointer")
lbl_GoodPtr_57:
t0 = s6
t2 = t0
t0 = t2
print(t0)
t0 = t3
if0 t0 goto lbl_NullPtr_61
t0 = t3
t0 = [t0 + 0]
t4 = t0
t0 = t4
t0 = [t0 + 0]
t4 = t0
t0 = 50
t5 = t0
a2_stack = a2
a3_stack = a3
t0 = t3
a2 = t0
t0 = t5
a3 = t0
t0 = t4
t2_stack = t2
t0 = call t0()
a2 = a2_stack
a3 = a3_stack
t2 = t2_stack
s7 = t0
goto lbl_GoodPtr_62
lbl_NullPtr_61:
error("null pointer")
lbl_GoodPtr_62:
t0 = s7
t2 = t0
t0 = t2
print(t0)
t0 = 0
s11 = t0
v64_1 = s11
      return v64_1

func V_getArray()
s1_stack = s1
t0 = a2
t0 = [t0 + 20]
s1 = t0
v65_2 = s1
s1 = s1_stack
      return v65_2

func V_setArray()
s2_stack = s2
t1 = a2
t0 = a3
[t1 + 20] = t0
t0 = 1
s2 = t0
v66_3 = s2
s2 = s2_stack
      return v66_3

func V_compute()
s3_stack = s3
s4_stack = s4
s5_stack = s5
s11_stack = s11
s6_stack = s6
s10_stack = s10
s7_stack = s7
s8_stack = s8
s9_stack = s9
s1_stack = s1
s2_stack = s2
t0 = 64
s8 = t0
t0 = 20
s9 = t0
t0 = s8
t0 = alloc(t0)
s4 = t0
t0 = s9
t0 = alloc(t0)
s5 = t0
t0 = @X_compute
s10 = t0
t1 = s5
t0 = s10
[t1 + 0] = t0
t0 = @V_getArray
s3 = t0
t1 = s5
t0 = s3
[t1 + 4] = t0
t0 = @X_setDepArray
s6 = t0
t1 = s5
t0 = s6
[t1 + 16] = t0
t0 = @V_calculate
s7 = t0
t1 = s5
t0 = s7
[t1 + 8] = t0
t0 = @V_setArray
s11 = t0
t1 = s5
t0 = s11
[t1 + 12] = t0
t1 = s4
t0 = s5
[t1 + 0] = t0
t0 = s4
if0 t0 goto lbl_NullPtr_76
goto lbl_GoodPtr_77
lbl_NullPtr_76:
error("null pointer")
lbl_GoodPtr_77:
t1 = a2
t0 = s4
[t1 + 8] = t0
t0 = a2
t0 = [t0 + 8]
t3 = t0
t0 = t3
if0 t0 goto lbl_NullPtr_81
t0 = t3
t0 = [t0 + 0]
t4 = t0
t0 = t4
t0 = [t0 + 8]
t4 = t0
a2_stack = a2
a3_stack = a3
t0 = t3
a2 = t0
t0 = a3
a3 = t0
t0 = t4
t0 = call t0()
a2 = a2_stack
a3 = a3_stack
t5 = t0
goto lbl_GoodPtr_82
lbl_NullPtr_81:
error("null pointer")
lbl_GoodPtr_82:
t0 = t5
result_4 = t0
t0 = 1
s2 = t0
t0 = 4
s8 = t0
t0 = a3
t1 = s2
t0 = t0 + t1
s9 = t0
t0 = s9
t1 = s8
t0 = t0 * t1
s9 = t0
t0 = s9
t0 = alloc(t0)
s10 = t0
t0 = s10
if0 t0 goto lbl_NullPtr_87
goto lbl_GoodPtr_88
lbl_NullPtr_87:
error("null pointer")
lbl_GoodPtr_88:
t1 = s10
t0 = a3
[t1 + 0] = t0
t1 = a2
t0 = s10
[t1 + 20] = t0
t0 = 0
s3 = t0
t0 = s3
s6 = t0
lbl_While_90:
t0 = a2
t0 = [t0 + 20]
s7 = t0
t0 = s7
t0 = [t0 + 0]
s11 = t0
t0 = s6
t1 = s11
t0 = t0 < t1
s5 = t0
t0 = s5
if0 t0 goto lbl_WhileExit_91
t0 = a2
t0 = [t0 + 20]
s4 = t0
t0 = 4
s2 = t0
t0 = 5
s8 = t0
t0 = s2
t1 = s8
t0 = t0 - t1
s9 = t0
t0 = s4
t0 = [t0 + 0]
s10 = t0
t0 = s9
t1 = s6
t0 = t0 < t1
s3 = t0
t0 = s6
t1 = s10
t0 = t0 < t1
t2 = t0
t0 = s3
t1 = t2
t0 = t0 * t1
t3 = t0
t0 = t3
if0 t0 goto lbl_OutOfBounds_103
goto lbl_Inbound_104
lbl_OutOfBounds_103:
error("array index out of bounds")
lbl_Inbound_104:
t0 = s2
t1 = s6
t0 = t0 * t1
t4 = t0
t0 = t4
t1 = s2
t0 = t0 + t1
t4 = t0
t0 = s4
t1 = t4
t0 = t0 + t1
t4 = t0
t1 = t4
t0 = result_4
[t1 + 0] = t0
t0 = 1
t5 = t0
t0 = s6
t1 = t5
t0 = t0 + t1
s1 = t0
t0 = s1
s6 = t0
goto lbl_While_90
lbl_WhileExit_91:
s3 = s3_stack
s4 = s4_stack
s5 = s5_stack
s11 = s11_stack
s6 = s6_stack
s10 = s10_stack
s7 = s7_stack
s8 = s8_stack
s9 = s9_stack
s1 = s1_stack
s2 = s2_stack
      return result_4

func V_calculate()
s6_stack = s6
s7_stack = s7
t0 = 2
s6 = t0
t0 = a3
t1 = s6
t0 = t0 * t1
s7 = t0
v108_5 = s7
s6 = s6_stack
s7 = s7_stack
      return v108_5

func W_setDepArray()
s11_stack = s11
t1 = a2
t0 = a3
[t1 + 36] = t0
t0 = 1
s11 = t0
v110_6 = s11
s11 = s11_stack
      return v110_6

func W_compute()
s3_stack = s3
s4_stack = s4
s5_stack = s5
s6_stack = s6
s10_stack = s10
s7_stack = s7
s8_stack = s8
s9_stack = s9
s1_stack = s1
s2_stack = s2
t0 = 56
s5 = t0
t0 = 20
s4 = t0
t0 = s5
t0 = alloc(t0)
s2 = t0
t0 = s4
t0 = alloc(t0)
s8 = t0
t0 = @Y_compute
s9 = t0
t1 = s8
t0 = s9
[t1 + 0] = t0
t0 = @V_getArray
s10 = t0
t1 = s8
t0 = s10
[t1 + 4] = t0
t0 = @Y_setDepArray
s3 = t0
t1 = s8
t0 = s3
[t1 + 16] = t0
t0 = @V_calculate
s1 = t0
t1 = s8
t0 = s1
[t1 + 8] = t0
t0 = @V_setArray
s6 = t0
t1 = s8
t0 = s6
[t1 + 12] = t0
t1 = s2
t0 = s8
[t1 + 0] = t0
t0 = s2
if0 t0 goto lbl_NullPtr_120
goto lbl_GoodPtr_121
lbl_NullPtr_120:
error("null pointer")
lbl_GoodPtr_121:
t1 = a2
t0 = s2
[t1 + 32] = t0
t0 = a2
t0 = [t0 + 32]
t2 = t0
t0 = t2
if0 t0 goto lbl_NullPtr_125
t0 = t2
t0 = [t0 + 0]
t3 = t0
t0 = t3
t0 = [t0 + 8]
t3 = t0
a2_stack = a2
a3_stack = a3
t0 = t2
a2 = t0
t0 = a3
a3 = t0
t0 = t3
t0 = call t0()
a2 = a2_stack
a3 = a3_stack
t4 = t0
goto lbl_GoodPtr_126
lbl_NullPtr_125:
error("null pointer")
lbl_GoodPtr_126:
t0 = t4
s7 = t0
result_7 = s7
s3 = s3_stack
s4 = s4_stack
s5 = s5_stack
s6 = s6_stack
s10 = s10_stack
s7 = s7_stack
s8 = s8_stack
s9 = s9_stack
s1 = s1_stack
s2 = s2_stack
      return result_7

func Z_setDepArray()
s11_stack = s11
t1 = a2
t0 = a3
[t1 + 44] = t0
t0 = 1
s11 = t0
v127_8 = s11
s11 = s11_stack
      return v127_8

func Z_compute()
s3_stack = s3
s4_stack = s4
s5_stack = s5
s11_stack = s11
s6_stack = s6
s10_stack = s10
s7_stack = s7
s8_stack = s8
s9_stack = s9
s1_stack = s1
s2_stack = s2
t0 = 48
s5 = t0
t0 = 20
s4 = t0
t0 = s5
t0 = alloc(t0)
s9 = t0
t0 = s4
t0 = alloc(t0)
s10 = t0
t0 = @Z_compute
s3 = t0
t1 = s10
t0 = s3
[t1 + 0] = t0
t0 = @V_getArray
s1 = t0
t1 = s10
t0 = s1
[t1 + 4] = t0
t0 = @Z_setDepArray
s6 = t0
t1 = s10
t0 = s6
[t1 + 16] = t0
t0 = @V_calculate
s8 = t0
t1 = s10
t0 = s8
[t1 + 8] = t0
t0 = @V_setArray
s2 = t0
t1 = s10
t0 = s2
[t1 + 12] = t0
t1 = s9
t0 = s10
[t1 + 0] = t0
t0 = s9
if0 t0 goto lbl_NullPtr_137
goto lbl_GoodPtr_138
lbl_NullPtr_137:
error("null pointer")
lbl_GoodPtr_138:
t1 = a2
t0 = s9
[t1 + 40] = t0
t0 = a2
t0 = [t0 + 40]
t5 = t0
t0 = t5
if0 t0 goto lbl_NullPtr_142
t0 = t5
t0 = [t0 + 0]
t2 = t0
t0 = t2
t0 = [t0 + 8]
t2 = t0
a2_stack = a2
a3_stack = a3
t0 = t5
a2 = t0
t0 = a3
a3 = t0
t0 = t2
t0 = call t0()
a2 = a2_stack
a3 = a3_stack
t3 = t0
goto lbl_GoodPtr_143
lbl_NullPtr_142:
error("null pointer")
lbl_GoodPtr_143:
t0 = t3
result_9 = t0
t0 = 1
s11 = t0
t0 = 4
s5 = t0
t0 = a3
t1 = s11
t0 = t0 + t1
s4 = t0
t0 = s4
t1 = s5
t0 = t0 * t1
s4 = t0
t0 = s4
t0 = alloc(t0)
s3 = t0
t0 = s3
if0 t0 goto lbl_NullPtr_148
goto lbl_GoodPtr_149
lbl_NullPtr_148:
error("null pointer")
lbl_GoodPtr_149:
t1 = s3
t0 = a3
[t1 + 0] = t0
t1 = a2
t0 = s3
[t1 + 20] = t0
t0 = 1
s1 = t0
t0 = 4
s6 = t0
t0 = a3
t1 = s1
t0 = t0 + t1
s8 = t0
t0 = s8
t1 = s6
t0 = t0 * t1
s8 = t0
t0 = s8
t0 = alloc(t0)
s2 = t0
t0 = s2
if0 t0 goto lbl_NullPtr_154
goto lbl_GoodPtr_155
lbl_NullPtr_154:
error("null pointer")
lbl_GoodPtr_155:
t1 = s2
t0 = a3
[t1 + 0] = t0
t1 = a2
t0 = s2
[t1 + 44] = t0
t0 = 0
s10 = t0
t0 = s10
i_9 = t0
lbl_While_157:
t0 = a2
t0 = [t0 + 20]
s11 = t0
t0 = s11
t0 = [t0 + 0]
s5 = t0
t0 = i_9
t1 = s5
t0 = t0 < t1
s4 = t0
t0 = s4
if0 t0 goto lbl_WhileExit_158
t0 = a2
t0 = [t0 + 20]
s3 = t0
t0 = 2
s1 = t0
t0 = result_9
t1 = s1
t0 = t0 * t1
s6 = t0
t0 = 4
s8 = t0
t0 = 5
s2 = t0
t0 = s8
t1 = s2
t0 = t0 - t1
s10 = t0
t0 = s3
t0 = [t0 + 0]
t4 = t0
t0 = s10
t1 = i_9
t0 = t0 < t1
t5 = t0
t0 = i_9
t1 = t4
t0 = t0 < t1
t2 = t0
t0 = t5
t1 = t2
t0 = t0 * t1
t3 = t0
t0 = t3
if0 t0 goto lbl_OutOfBounds_172
goto lbl_Inbound_173
lbl_OutOfBounds_172:
error("array index out of bounds")
lbl_Inbound_173:
t0 = s8
t1 = i_9
t0 = t0 * t1
s7 = t0
t0 = s7
t1 = s8
t0 = t0 + t1
s7 = t0
t0 = s3
t1 = s7
t0 = t0 + t1
s7 = t0
t1 = s7
t0 = s6
[t1 + 0] = t0
t0 = a2
t0 = [t0 + 44]
s9 = t0
t0 = a2
t0 = [t0 + 20]
v176_9 = t0
t0 = 4
v177_9 = t0
t0 = 5
v178_9 = t0
t0 = v177_9
t1 = v178_9
t0 = t0 - t1
v179_9 = t0
t0 = v176_9
t0 = [t0 + 0]
v180_9 = t0
t0 = v179_9
t1 = i_9
t0 = t0 < t1
v181_9 = t0
t0 = i_9
t1 = v180_9
t0 = t0 < t1
v182_9 = t0
t0 = v181_9
t1 = v182_9
t0 = t0 * t1
v183_9 = t0
t0 = v183_9
if0 t0 goto lbl_OutOfBounds_184
goto lbl_Inbound_185
lbl_OutOfBounds_184:
error("array index out of bounds")
lbl_Inbound_185:
t0 = v177_9
t1 = i_9
t0 = t0 * t1
v186_9 = t0
t0 = v186_9
t1 = v177_9
t0 = t0 + t1
v186_9 = t0
t0 = v176_9
t1 = v186_9
t0 = t0 + t1
v186_9 = t0
t0 = v186_9
t0 = [t0 + 0]
v187_9 = t0
t0 = 4
v188_9 = t0
t0 = 5
v189_9 = t0
t0 = v188_9
t1 = v189_9
t0 = t0 - t1
v190_9 = t0
t0 = s9
t0 = [t0 + 0]
v191_9 = t0
t0 = v190_9
t1 = i_9
t0 = t0 < t1
v192_9 = t0
t0 = i_9
t1 = v191_9
t0 = t0 < t1
v193_9 = t0
t0 = v192_9
t1 = v193_9
t0 = t0 * t1
v194_9 = t0
t0 = v194_9
if0 t0 goto lbl_OutOfBounds_195
goto lbl_Inbound_196
lbl_OutOfBounds_195:
error("array index out of bounds")
lbl_Inbound_196:
t0 = v188_9
t1 = i_9
t0 = t0 * t1
v197_9 = t0
t0 = v197_9
t1 = v188_9
t0 = t0 + t1
v197_9 = t0
t0 = s9
t1 = v197_9
t0 = t0 + t1
v197_9 = t0
t1 = v197_9
t0 = v187_9
[t1 + 0] = t0
t0 = 1
v199_9 = t0
t0 = i_9
t1 = v199_9
t0 = t0 + t1
v198_9 = t0
t0 = v198_9
i_9 = t0
goto lbl_While_157
lbl_WhileExit_158:
t0 = 0
s11 = t0
t0 = s11
i_9 = t0
lbl_While_201:
t0 = a2
t0 = [t0 + 20]
s5 = t0
t0 = s5
t0 = [t0 + 0]
s4 = t0
t0 = i_9
t1 = s4
t0 = t0 < t1
s3 = t0
t0 = s3
if0 t0 goto lbl_WhileExit_202
t0 = 0
s1 = t0
t0 = s1
s6 = t0
lbl_While_207:
t0 = a2
t0 = [t0 + 44]
s8 = t0
t0 = s8
t0 = [t0 + 0]
s2 = t0
t0 = s6
t1 = s2
t0 = t0 < t1
s10 = t0
t0 = s10
if0 t0 goto lbl_WhileExit_208
t0 = a2
t0 = [t0 + 20]
s7 = t0
t0 = 4
s9 = t0
t0 = 5
s11 = t0
t0 = s9
t1 = s11
t0 = t0 - t1
t4 = t0
t0 = s7
t0 = [t0 + 0]
t5 = t0
t0 = t4
t1 = i_9
t0 = t0 < t1
t2 = t0
t0 = i_9
t1 = t5
t0 = t0 < t1
t3 = t0
t0 = t2
t1 = t3
t0 = t0 * t1
v221_9 = t0
t0 = v221_9
if0 t0 goto lbl_OutOfBounds_222
goto lbl_Inbound_223
lbl_OutOfBounds_222:
error("array index out of bounds")
lbl_Inbound_223:
t0 = s9
t1 = i_9
t0 = t0 * t1
v224_9 = t0
t0 = v224_9
t1 = s9
t0 = t0 + t1
v224_9 = t0
t0 = s7
t1 = v224_9
t0 = t0 + t1
v224_9 = t0
t0 = v224_9
t0 = [t0 + 0]
v225_9 = t0
t0 = a2
t0 = [t0 + 44]
v226_9 = t0
t0 = 4
v227_9 = t0
t0 = 5
v228_9 = t0
t0 = v227_9
t1 = v228_9
t0 = t0 - t1
v229_9 = t0
t0 = v226_9
t0 = [t0 + 0]
v230_9 = t0
t0 = v229_9
t1 = s6
t0 = t0 < t1
v231_9 = t0
t0 = s6
t1 = v230_9
t0 = t0 < t1
v232_9 = t0
t0 = v231_9
t1 = v232_9
t0 = t0 * t1
v233_9 = t0
t0 = v233_9
if0 t0 goto lbl_OutOfBounds_234
goto lbl_Inbound_235
lbl_OutOfBounds_234:
error("array index out of bounds")
lbl_Inbound_235:
t0 = v227_9
t1 = s6
t0 = t0 * t1
v236_9 = t0
t0 = v236_9
t1 = v227_9
t0 = t0 + t1
v236_9 = t0
t0 = v226_9
t1 = v236_9
t0 = t0 + t1
v236_9 = t0
t0 = v236_9
t0 = [t0 + 0]
v237_9 = t0
t0 = v225_9
t1 = v237_9
t0 = t0 + t1
v213_9 = t0
t0 = result_9
t1 = v213_9
t0 = t0 + t1
v212_9 = t0
t0 = v212_9
result_9 = t0
t0 = 1
v239_9 = t0
t0 = s6
t1 = v239_9
t0 = t0 + t1
v238_9 = t0
t0 = v238_9
s6 = t0
goto lbl_While_207
lbl_WhileExit_208:
t0 = 1
v241_9 = t0
t0 = i_9
t1 = v241_9
t0 = t0 + t1
v240_9 = t0
t0 = v240_9
i_9 = t0
goto lbl_While_201
lbl_WhileExit_202:
s3 = s3_stack
s4 = s4_stack
s5 = s5_stack
s11 = s11_stack
s6 = s6_stack
s10 = s10_stack
s7 = s7_stack
s8 = s8_stack
s9 = s9_stack
s1 = s1_stack
s2 = s2_stack
      return result_9

func Y_setDepArray()
s5_stack = s5
t1 = a2
t0 = a3
[t1 + 52] = t0
t0 = 1
s5 = t0
v242_10 = s5
s5 = s5_stack
      return v242_10

func Y_compute()
s3_stack = s3
s4_stack = s4
s5_stack = s5
s11_stack = s11
s10_stack = s10
s6_stack = s6
s7_stack = s7
s8_stack = s8
s9_stack = s9
s1_stack = s1
s2_stack = s2
t0 = 32
s4 = t0
t0 = 16
s3 = t0
t0 = s4
t0 = alloc(t0)
s1 = t0
t0 = s3
t0 = alloc(t0)
s6 = t0
t0 = @V_compute
s8 = t0
t1 = s6
t0 = s8
[t1 + 0] = t0
t0 = @V_getArray
s2 = t0
t1 = s6
t0 = s2
[t1 + 4] = t0
t0 = @V_calculate
s10 = t0
t1 = s6
t0 = s10
[t1 + 8] = t0
t0 = @V_setArray
s7 = t0
t1 = s6
t0 = s7
[t1 + 12] = t0
t1 = s1
t0 = s6
[t1 + 0] = t0
t0 = s1
if0 t0 goto lbl_NullPtr_251
goto lbl_GoodPtr_252
lbl_NullPtr_251:
error("null pointer")
lbl_GoodPtr_252:
t1 = a2
t0 = s1
[t1 + 48] = t0
t0 = a2
t0 = [t0 + 48]
t4 = t0
t0 = t4
if0 t0 goto lbl_NullPtr_256
t0 = t4
t0 = [t0 + 0]
t5 = t0
t0 = t5
t0 = [t0 + 8]
t5 = t0
a2_stack = a2
a3_stack = a3
t0 = t4
a2 = t0
t0 = a3
a3 = t0
t0 = t5
t0 = call t0()
a2 = a2_stack
a3 = a3_stack
t2 = t0
goto lbl_GoodPtr_257
lbl_NullPtr_256:
error("null pointer")
lbl_GoodPtr_257:
t0 = t2
result_11 = t0
t0 = 1
s11 = t0
t0 = 4
s5 = t0
t0 = a3
t1 = s11
t0 = t0 + t1
s4 = t0
t0 = s4
t1 = s5
t0 = t0 * t1
s4 = t0
t0 = s4
t0 = alloc(t0)
s3 = t0
t0 = s3
if0 t0 goto lbl_NullPtr_262
goto lbl_GoodPtr_263
lbl_NullPtr_262:
error("null pointer")
lbl_GoodPtr_263:
t1 = s3
t0 = a3
[t1 + 0] = t0
t1 = a2
t0 = s3
[t1 + 20] = t0
t0 = 1
s8 = t0
t0 = 4
s2 = t0
t0 = a3
t1 = s8
t0 = t0 + t1
s10 = t0
t0 = s10
t1 = s2
t0 = t0 * t1
s10 = t0
t0 = s10
t0 = alloc(t0)
s7 = t0
t0 = s7
if0 t0 goto lbl_NullPtr_268
goto lbl_GoodPtr_269
lbl_NullPtr_268:
error("null pointer")
lbl_GoodPtr_269:
t1 = s7
t0 = a3
[t1 + 0] = t0
t1 = a2
t0 = s7
[t1 + 52] = t0
t0 = 0
s6 = t0
t0 = s6
i_11 = t0
lbl_While_271:
t0 = a2
t0 = [t0 + 20]
s11 = t0
t0 = s11
t0 = [t0 + 0]
s5 = t0
t0 = i_11
t1 = s5
t0 = t0 < t1
s4 = t0
t0 = s4
if0 t0 goto lbl_WhileExit_272
t0 = a2
t0 = [t0 + 20]
s3 = t0
t0 = 3
s8 = t0
t0 = result_11
t1 = s8
t0 = t0 * t1
s2 = t0
t0 = 4
s10 = t0
t0 = 5
s7 = t0
t0 = s10
t1 = s7
t0 = t0 - t1
s6 = t0
t0 = s3
t0 = [t0 + 0]
t3 = t0
t0 = s6
t1 = i_11
t0 = t0 < t1
t4 = t0
t0 = i_11
t1 = t3
t0 = t0 < t1
t5 = t0
t0 = t4
t1 = t5
t0 = t0 * t1
t2 = t0
t0 = t2
if0 t0 goto lbl_OutOfBounds_286
goto lbl_Inbound_287
lbl_OutOfBounds_286:
error("array index out of bounds")
lbl_Inbound_287:
t0 = s10
t1 = i_11
t0 = t0 * t1
s9 = t0
t0 = s9
t1 = s10
t0 = t0 + t1
s9 = t0
t0 = s3
t1 = s9
t0 = t0 + t1
s9 = t0
t1 = s9
t0 = s2
[t1 + 0] = t0
t0 = a2
t0 = [t0 + 52]
s1 = t0
t0 = a2
t0 = [t0 + 20]
v290_11 = t0
t0 = 4
v291_11 = t0
t0 = 5
v292_11 = t0
t0 = v291_11
t1 = v292_11
t0 = t0 - t1
v293_11 = t0
t0 = v290_11
t0 = [t0 + 0]
v294_11 = t0
t0 = v293_11
t1 = i_11
t0 = t0 < t1
v295_11 = t0
t0 = i_11
t1 = v294_11
t0 = t0 < t1
v296_11 = t0
t0 = v295_11
t1 = v296_11
t0 = t0 * t1
v297_11 = t0
t0 = v297_11
if0 t0 goto lbl_OutOfBounds_298
goto lbl_Inbound_299
lbl_OutOfBounds_298:
error("array index out of bounds")
lbl_Inbound_299:
t0 = v291_11
t1 = i_11
t0 = t0 * t1
v300_11 = t0
t0 = v300_11
t1 = v291_11
t0 = t0 + t1
v300_11 = t0
t0 = v290_11
t1 = v300_11
t0 = t0 + t1
v300_11 = t0
t0 = v300_11
t0 = [t0 + 0]
v301_11 = t0
t0 = 4
v302_11 = t0
t0 = 5
v303_11 = t0
t0 = v302_11
t1 = v303_11
t0 = t0 - t1
v304_11 = t0
t0 = s1
t0 = [t0 + 0]
v305_11 = t0
t0 = v304_11
t1 = i_11
t0 = t0 < t1
v306_11 = t0
t0 = i_11
t1 = v305_11
t0 = t0 < t1
v307_11 = t0
t0 = v306_11
t1 = v307_11
t0 = t0 * t1
v308_11 = t0
t0 = v308_11
if0 t0 goto lbl_OutOfBounds_309
goto lbl_Inbound_310
lbl_OutOfBounds_309:
error("array index out of bounds")
lbl_Inbound_310:
t0 = v302_11
t1 = i_11
t0 = t0 * t1
v311_11 = t0
t0 = v311_11
t1 = v302_11
t0 = t0 + t1
v311_11 = t0
t0 = s1
t1 = v311_11
t0 = t0 + t1
v311_11 = t0
t1 = v311_11
t0 = v301_11
[t1 + 0] = t0
t0 = 1
v313_11 = t0
t0 = i_11
t1 = v313_11
t0 = t0 + t1
v312_11 = t0
t0 = v312_11
i_11 = t0
goto lbl_While_271
lbl_WhileExit_272:
t0 = 0
s11 = t0
t0 = s11
i_11 = t0
lbl_While_315:
t0 = a2
t0 = [t0 + 20]
s5 = t0
t0 = s5
t0 = [t0 + 0]
s4 = t0
t0 = i_11
t1 = s4
t0 = t0 < t1
s3 = t0
t0 = s3
if0 t0 goto lbl_WhileExit_316
t0 = 0
s8 = t0
t0 = s8
s2 = t0
lbl_While_321:
t0 = a2
t0 = [t0 + 52]
s10 = t0
t0 = s10
t0 = [t0 + 0]
s7 = t0
t0 = s2
t1 = s7
t0 = t0 < t1
s6 = t0
t0 = s6
if0 t0 goto lbl_WhileExit_322
t0 = a2
t0 = [t0 + 20]
s9 = t0
t0 = 4
s1 = t0
t0 = 5
s11 = t0
t0 = s1
t1 = s11
t0 = t0 - t1
t3 = t0
t0 = s9
t0 = [t0 + 0]
t4 = t0
t0 = t3
t1 = i_11
t0 = t0 < t1
t5 = t0
t0 = i_11
t1 = t4
t0 = t0 < t1
t2 = t0
t0 = t5
t1 = t2
t0 = t0 * t1
v335_11 = t0
t0 = v335_11
if0 t0 goto lbl_OutOfBounds_336
goto lbl_Inbound_337
lbl_OutOfBounds_336:
error("array index out of bounds")
lbl_Inbound_337:
t0 = s1
t1 = i_11
t0 = t0 * t1
v338_11 = t0
t0 = v338_11
t1 = s1
t0 = t0 + t1
v338_11 = t0
t0 = s9
t1 = v338_11
t0 = t0 + t1
v338_11 = t0
t0 = v338_11
t0 = [t0 + 0]
v339_11 = t0
t0 = a2
t0 = [t0 + 52]
v340_11 = t0
t0 = 4
v341_11 = t0
t0 = 5
v342_11 = t0
t0 = v341_11
t1 = v342_11
t0 = t0 - t1
v343_11 = t0
t0 = v340_11
t0 = [t0 + 0]
v344_11 = t0
t0 = v343_11
t1 = s2
t0 = t0 < t1
v345_11 = t0
t0 = s2
t1 = v344_11
t0 = t0 < t1
v346_11 = t0
t0 = v345_11
t1 = v346_11
t0 = t0 * t1
v347_11 = t0
t0 = v347_11
if0 t0 goto lbl_OutOfBounds_348
goto lbl_Inbound_349
lbl_OutOfBounds_348:
error("array index out of bounds")
lbl_Inbound_349:
t0 = v341_11
t1 = s2
t0 = t0 * t1
v350_11 = t0
t0 = v350_11
t1 = v341_11
t0 = t0 + t1
v350_11 = t0
t0 = v340_11
t1 = v350_11
t0 = t0 + t1
v350_11 = t0
t0 = v350_11
t0 = [t0 + 0]
v351_11 = t0
t0 = v339_11
t1 = v351_11
t0 = t0 - t1
v327_11 = t0
t0 = result_11
t1 = v327_11
t0 = t0 * t1
v326_11 = t0
t0 = v326_11
result_11 = t0
t0 = 1
v353_11 = t0
t0 = s2
t1 = v353_11
t0 = t0 + t1
v352_11 = t0
t0 = v352_11
s2 = t0
goto lbl_While_321
lbl_WhileExit_322:
t0 = 1
v355_11 = t0
t0 = i_11
t1 = v355_11
t0 = t0 + t1
v354_11 = t0
t0 = v354_11
i_11 = t0
goto lbl_While_315
lbl_WhileExit_316:
s3 = s3_stack
s4 = s4_stack
s5 = s5_stack
s11 = s11_stack
s10 = s10_stack
s6 = s6_stack
s7 = s7_stack
s8 = s8_stack
s9 = s9_stack
s1 = s1_stack
s2 = s2_stack
      return result_11

func X_setDepArray()
s5_stack = s5
t1 = a2
t0 = a3
[t1 + 60] = t0
t0 = 1
s5 = t0
v356_12 = s5
s5 = s5_stack
      return v356_12

func X_compute()
s3_stack = s3
s4_stack = s4
s5_stack = s5
s11_stack = s11
s6_stack = s6
s10_stack = s10
s7_stack = s7
s8_stack = s8
s9_stack = s9
s1_stack = s1
s2_stack = s2
t0 = 40
s4 = t0
t0 = 20
s3 = t0
t0 = s4
t0 = alloc(t0)
s8 = t0
t0 = s3
t0 = alloc(t0)
s2 = t0
t0 = @W_compute
s10 = t0
t1 = s2
t0 = s10
[t1 + 0] = t0
t0 = @V_getArray
s7 = t0
t1 = s2
t0 = s7
[t1 + 4] = t0
t0 = @W_setDepArray
s6 = t0
t1 = s2
t0 = s6
[t1 + 16] = t0
t0 = @V_calculate
s9 = t0
t1 = s2
t0 = s9
[t1 + 8] = t0
t0 = @V_setArray
s1 = t0
t1 = s2
t0 = s1
[t1 + 12] = t0
t1 = s8
t0 = s2
[t1 + 0] = t0
t0 = s8
if0 t0 goto lbl_NullPtr_366
goto lbl_GoodPtr_367
lbl_NullPtr_366:
error("null pointer")
lbl_GoodPtr_367:
t1 = a2
t0 = s8
[t1 + 56] = t0
t0 = a2
t0 = [t0 + 56]
t3 = t0
t0 = t3
if0 t0 goto lbl_NullPtr_371
t0 = t3
t0 = [t0 + 0]
t4 = t0
t0 = t4
t0 = [t0 + 8]
t4 = t0
a2_stack = a2
a3_stack = a3
t0 = t3
a2 = t0
t0 = a3
a3 = t0
t0 = t4
t0 = call t0()
a2 = a2_stack
a3 = a3_stack
t5 = t0
goto lbl_GoodPtr_372
lbl_NullPtr_371:
error("null pointer")
lbl_GoodPtr_372:
t0 = t5
result_13 = t0
t0 = 0
s5 = t0
t0 = s5
result_13 = t0
t0 = 1
s4 = t0
t0 = 4
s3 = t0
t0 = a3
t1 = s4
t0 = t0 + t1
s10 = t0
t0 = s10
t1 = s3
t0 = t0 * t1
s10 = t0
t0 = s10
t0 = alloc(t0)
s7 = t0
t0 = s7
if0 t0 goto lbl_NullPtr_378
goto lbl_GoodPtr_379
lbl_NullPtr_378:
error("null pointer")
lbl_GoodPtr_379:
t1 = s7
t0 = a3
[t1 + 0] = t0
t1 = a2
t0 = s7
[t1 + 20] = t0
t0 = 1
s6 = t0
t0 = 4
s9 = t0
t0 = a3
t1 = s6
t0 = t0 + t1
s1 = t0
t0 = s1
t1 = s9
t0 = t0 * t1
s1 = t0
t0 = s1
t0 = alloc(t0)
s2 = t0
t0 = s2
if0 t0 goto lbl_NullPtr_384
goto lbl_GoodPtr_385
lbl_NullPtr_384:
error("null pointer")
lbl_GoodPtr_385:
t1 = s2
t0 = a3
[t1 + 0] = t0
t1 = a2
t0 = s2
[t1 + 60] = t0
t0 = 0
s8 = t0
t0 = s8
i_13 = t0
lbl_While_387:
t0 = a2
t0 = [t0 + 20]
s4 = t0
t0 = s4
t0 = [t0 + 0]
s3 = t0
t0 = i_13
t1 = s3
t0 = t0 < t1
s10 = t0
t0 = s10
if0 t0 goto lbl_WhileExit_388
t0 = a2
t0 = [t0 + 20]
s7 = t0
t0 = 4
s6 = t0
t0 = result_13
t1 = s6
t0 = t0 * t1
s9 = t0
t0 = 4
s1 = t0
t0 = 5
s2 = t0
t0 = s1
t1 = s2
t0 = t0 - t1
s8 = t0
t0 = s7
t0 = [t0 + 0]
t2 = t0
t0 = s8
t1 = i_13
t0 = t0 < t1
t3 = t0
t0 = i_13
t1 = t2
t0 = t0 < t1
t4 = t0
t0 = t3
t1 = t4
t0 = t0 * t1
t5 = t0
t0 = t5
if0 t0 goto lbl_OutOfBounds_402
goto lbl_Inbound_403
lbl_OutOfBounds_402:
error("array index out of bounds")
lbl_Inbound_403:
t0 = s1
t1 = i_13
t0 = t0 * t1
s11 = t0
t0 = s11
t1 = s1
t0 = t0 + t1
s11 = t0
t0 = s7
t1 = s11
t0 = t0 + t1
s11 = t0
t1 = s11
t0 = s9
[t1 + 0] = t0
t0 = a2
t0 = [t0 + 60]
s5 = t0
t0 = a2
t0 = [t0 + 20]
v406_13 = t0
t0 = 4
v407_13 = t0
t0 = 5
v408_13 = t0
t0 = v407_13
t1 = v408_13
t0 = t0 - t1
v409_13 = t0
t0 = v406_13
t0 = [t0 + 0]
v410_13 = t0
t0 = v409_13
t1 = i_13
t0 = t0 < t1
v411_13 = t0
t0 = i_13
t1 = v410_13
t0 = t0 < t1
v412_13 = t0
t0 = v411_13
t1 = v412_13
t0 = t0 * t1
v413_13 = t0
t0 = v413_13
if0 t0 goto lbl_OutOfBounds_414
goto lbl_Inbound_415
lbl_OutOfBounds_414:
error("array index out of bounds")
lbl_Inbound_415:
t0 = v407_13
t1 = i_13
t0 = t0 * t1
v416_13 = t0
t0 = v416_13
t1 = v407_13
t0 = t0 + t1
v416_13 = t0
t0 = v406_13
t1 = v416_13
t0 = t0 + t1
v416_13 = t0
t0 = v416_13
t0 = [t0 + 0]
v417_13 = t0
t0 = 4
v418_13 = t0
t0 = 5
v419_13 = t0
t0 = v418_13
t1 = v419_13
t0 = t0 - t1
v420_13 = t0
t0 = s5
t0 = [t0 + 0]
v421_13 = t0
t0 = v420_13
t1 = i_13
t0 = t0 < t1
v422_13 = t0
t0 = i_13
t1 = v421_13
t0 = t0 < t1
v423_13 = t0
t0 = v422_13
t1 = v423_13
t0 = t0 * t1
v424_13 = t0
t0 = v424_13
if0 t0 goto lbl_OutOfBounds_425
goto lbl_Inbound_426
lbl_OutOfBounds_425:
error("array index out of bounds")
lbl_Inbound_426:
t0 = v418_13
t1 = i_13
t0 = t0 * t1
v427_13 = t0
t0 = v427_13
t1 = v418_13
t0 = t0 + t1
v427_13 = t0
t0 = s5
t1 = v427_13
t0 = t0 + t1
v427_13 = t0
t1 = v427_13
t0 = v417_13
[t1 + 0] = t0
t0 = 1
v429_13 = t0
t0 = i_13
t1 = v429_13
t0 = t0 + t1
v428_13 = t0
t0 = v428_13
i_13 = t0
goto lbl_While_387
lbl_WhileExit_388:
t0 = 0
s4 = t0
t0 = s4
i_13 = t0
lbl_While_431:
t0 = a2
t0 = [t0 + 20]
s3 = t0
t0 = s3
t0 = [t0 + 0]
s10 = t0
t0 = i_13
t1 = s10
t0 = t0 < t1
s7 = t0
t0 = s7
if0 t0 goto lbl_WhileExit_432
t0 = 0
s6 = t0
t0 = s6
s9 = t0
lbl_While_437:
t0 = a2
t0 = [t0 + 60]
s1 = t0
t0 = s1
t0 = [t0 + 0]
s2 = t0
t0 = s9
t1 = s2
t0 = t0 < t1
s8 = t0
t0 = s8
if0 t0 goto lbl_WhileExit_438
t0 = a2
t0 = [t0 + 20]
s11 = t0
t0 = 4
s5 = t0
t0 = 5
s4 = t0
t0 = s5
t1 = s4
t0 = t0 - t1
t2 = t0
t0 = s11
t0 = [t0 + 0]
t3 = t0
t0 = t2
t1 = i_13
t0 = t0 < t1
t4 = t0
t0 = i_13
t1 = t3
t0 = t0 < t1
t5 = t0
t0 = t4
t1 = t5
t0 = t0 * t1
v451_13 = t0
t0 = v451_13
if0 t0 goto lbl_OutOfBounds_452
goto lbl_Inbound_453
lbl_OutOfBounds_452:
error("array index out of bounds")
lbl_Inbound_453:
t0 = s5
t1 = i_13
t0 = t0 * t1
v454_13 = t0
t0 = v454_13
t1 = s5
t0 = t0 + t1
v454_13 = t0
t0 = s11
t1 = v454_13
t0 = t0 + t1
v454_13 = t0
t0 = v454_13
t0 = [t0 + 0]
v455_13 = t0
t0 = a2
t0 = [t0 + 60]
v456_13 = t0
t0 = 4
v457_13 = t0
t0 = 5
v458_13 = t0
t0 = v457_13
t1 = v458_13
t0 = t0 - t1
v459_13 = t0
t0 = v456_13
t0 = [t0 + 0]
v460_13 = t0
t0 = v459_13
t1 = s9
t0 = t0 < t1
v461_13 = t0
t0 = s9
t1 = v460_13
t0 = t0 < t1
v462_13 = t0
t0 = v461_13
t1 = v462_13
t0 = t0 * t1
v463_13 = t0
t0 = v463_13
if0 t0 goto lbl_OutOfBounds_464
goto lbl_Inbound_465
lbl_OutOfBounds_464:
error("array index out of bounds")
lbl_Inbound_465:
t0 = v457_13
t1 = s9
t0 = t0 * t1
v466_13 = t0
t0 = v466_13
t1 = v457_13
t0 = t0 + t1
v466_13 = t0
t0 = v456_13
t1 = v466_13
t0 = t0 + t1
v466_13 = t0
t0 = v466_13
t0 = [t0 + 0]
v467_13 = t0
t0 = v455_13
t1 = v467_13
t0 = t0 * t1
v443_13 = t0
t0 = result_13
t1 = v443_13
t0 = t0 + t1
v442_13 = t0
t0 = v442_13
result_13 = t0
t0 = 1
v469_13 = t0
t0 = s9
t1 = v469_13
t0 = t0 + t1
v468_13 = t0
t0 = v468_13
s9 = t0
goto lbl_While_437
lbl_WhileExit_438:
t0 = 1
v471_13 = t0
t0 = i_13
t1 = v471_13
t0 = t0 + t1
v470_13 = t0
t0 = v470_13
i_13 = t0
goto lbl_While_431
lbl_WhileExit_432:
s3 = s3_stack
s4 = s4_stack
s5 = s5_stack
s11 = s11_stack
s6 = s6_stack
s10 = s10_stack
s7 = s7_stack
s8 = s8_stack
s9 = s9_stack
s1 = s1_stack
s2 = s2_stack
      return result_13


