func main()
t0 = 44
s1 = t0
t0 = 16
s2 = t0
t0 = s1
t0 = alloc(t0)
s3 = t0
t0 = s2
t0 = alloc(t0)
s4 = t0
t0 = @E_getArray
s5 = t0
t1 = s4
t0 = s5
[t1 + 0] = t0
t0 = @A_setDepArray
s6 = t0
t1 = s4
t0 = s6
[t1 + 12] = t0
t0 = @A_calculate
s7 = t0
t1 = s4
t0 = s7
[t1 + 4] = t0
t0 = @E_setArray
s8 = t0
t1 = s4
t0 = s8
[t1 + 8] = t0
t1 = s3
t0 = s4
[t1 + 0] = t0
t0 = s3
if0 t0 goto lbl_NullPtr_8
goto lbl_GoodPtr_9
lbl_NullPtr_8:
error("null pointer")
lbl_GoodPtr_9:
t0 = s3
t2 = t0
t0 = 40
s9 = t0
t0 = 16
s10 = t0
t0 = s9
t0 = alloc(t0)
s11 = t0
t0 = s10
t0 = alloc(t0)
s1 = t0
t0 = @E_getArray
s2 = t0
t1 = s1
t0 = s2
[t1 + 0] = t0
t0 = @B_setDepArray
s5 = t0
t1 = s1
t0 = s5
[t1 + 12] = t0
t0 = @B_calculate
s6 = t0
t1 = s1
t0 = s6
[t1 + 4] = t0
t0 = @E_setArray
s7 = t0
t1 = s1
t0 = s7
[t1 + 8] = t0
t1 = s11
t0 = s1
[t1 + 0] = t0
t0 = s11
if0 t0 goto lbl_NullPtr_18
goto lbl_GoodPtr_19
lbl_NullPtr_18:
error("null pointer")
lbl_GoodPtr_19:
t0 = s11
t3 = t0
t0 = 36
s8 = t0
t0 = 16
s4 = t0
t0 = s8
t0 = alloc(t0)
s3 = t0
t0 = s4
t0 = alloc(t0)
s9 = t0
t0 = @E_getArray
s10 = t0
t1 = s9
t0 = s10
[t1 + 0] = t0
t0 = @C_setDepArray
s2 = t0
t1 = s9
t0 = s2
[t1 + 12] = t0
t0 = @C_calculate
s5 = t0
t1 = s9
t0 = s5
[t1 + 4] = t0
t0 = @E_setArray
s6 = t0
t1 = s9
t0 = s6
[t1 + 8] = t0
t1 = s3
t0 = s9
[t1 + 0] = t0
t0 = s3
if0 t0 goto lbl_NullPtr_28
goto lbl_GoodPtr_29
lbl_NullPtr_28:
error("null pointer")
lbl_GoodPtr_29:
t0 = s3
t4 = t0
t0 = 32
s7 = t0
t0 = 16
s1 = t0
t0 = s7
t0 = alloc(t0)
s11 = t0
t0 = s1
t0 = alloc(t0)
s8 = t0
t0 = @E_getArray
s4 = t0
t1 = s8
t0 = s4
[t1 + 0] = t0
t0 = @D_setDepArray
s10 = t0
t1 = s8
t0 = s10
[t1 + 12] = t0
t0 = @D_calculate
s2 = t0
t1 = s8
t0 = s2
[t1 + 4] = t0
t0 = @E_setArray
s5 = t0
t1 = s8
t0 = s5
[t1 + 8] = t0
t1 = s11
t0 = s8
[t1 + 0] = t0
t0 = s11
if0 t0 goto lbl_NullPtr_38
goto lbl_GoodPtr_39
lbl_NullPtr_38:
error("null pointer")
lbl_GoodPtr_39:
t0 = s11
t5 = t0
t0 = 28
s6 = t0
t0 = 12
s9 = t0
t0 = s6
t0 = alloc(t0)
s3 = t0
t0 = s9
t0 = alloc(t0)
s7 = t0
t0 = @E_getArray
s1 = t0
t1 = s7
t0 = s1
[t1 + 0] = t0
t0 = @E_calculate
s4 = t0
t1 = s7
t0 = s4
[t1 + 4] = t0
t0 = @E_setArray
s10 = t0
t1 = s7
t0 = s10
[t1 + 8] = t0
t1 = s3
t0 = s7
[t1 + 0] = t0
t0 = s3
if0 t0 goto lbl_NullPtr_47
goto lbl_GoodPtr_48
lbl_NullPtr_47:
error("null pointer")
lbl_GoodPtr_48:
t0 = s3
s2 = t0
t0 = t2
if0 t0 goto lbl_NullPtr_51
t0 = t2
t0 = [t0 + 0]
s5 = t0
t0 = s5
t0 = [t0 + 4]
s5 = t0
a2_stack = a2
t0 = t2
a2 = t0
t0 = s5
t3_stack = t3
t4_stack = t4
t5_stack = t5
t0 = call t0()
a2 = a2_stack
t3 = t3_stack
t4 = t4_stack
t5 = t5_stack
s8 = t0
goto lbl_GoodPtr_52
lbl_NullPtr_51:
error("null pointer")
lbl_GoodPtr_52:
t0 = s8
t2 = t0
t0 = t2
print(t0)
t0 = t3
if0 t0 goto lbl_NullPtr_55
t0 = t3
t0 = [t0 + 0]
s11 = t0
t0 = s11
t0 = [t0 + 4]
s11 = t0
a2_stack = a2
t0 = t3
a2 = t0
t0 = s11
t4_stack = t4
t5_stack = t5
t2_stack = t2
t0 = call t0()
a2 = a2_stack
t4 = t4_stack
t5 = t5_stack
t2 = t2_stack
s6 = t0
goto lbl_GoodPtr_56
lbl_NullPtr_55:
error("null pointer")
lbl_GoodPtr_56:
t0 = s6
t2 = t0
t0 = t2
print(t0)
t0 = t4
if0 t0 goto lbl_NullPtr_59
t0 = t4
t0 = [t0 + 0]
t3 = t0
t0 = t3
t0 = [t0 + 4]
t3 = t0
a2_stack = a2
t0 = t4
a2 = t0
t0 = t3
t5_stack = t5
t2_stack = t2
t0 = call t0()
a2 = a2_stack
t5 = t5_stack
t2 = t2_stack
s9 = t0
goto lbl_GoodPtr_60
lbl_NullPtr_59:
error("null pointer")
lbl_GoodPtr_60:
t0 = s9
t2 = t0
t0 = t2
print(t0)
t0 = t5
if0 t0 goto lbl_NullPtr_63
t0 = t5
t0 = [t0 + 0]
t4 = t0
t0 = t4
t0 = [t0 + 4]
t4 = t0
a2_stack = a2
t0 = t5
a2 = t0
t0 = t4
t2_stack = t2
t0 = call t0()
a2 = a2_stack
t2 = t2_stack
t3 = t0
goto lbl_GoodPtr_64
lbl_NullPtr_63:
error("null pointer")
lbl_GoodPtr_64:
t0 = t3
t2 = t0
t0 = t2
print(t0)
t0 = s2
if0 t0 goto lbl_NullPtr_67
t0 = s2
t0 = [t0 + 0]
t5 = t0
t0 = t5
t0 = [t0 + 4]
t5 = t0
a2_stack = a2
t0 = s2
a2 = t0
t0 = t5
t2_stack = t2
t0 = call t0()
a2 = a2_stack
t2 = t2_stack
t4 = t0
goto lbl_GoodPtr_68
lbl_NullPtr_67:
error("null pointer")
lbl_GoodPtr_68:
t0 = t4
t2 = t0
t0 = t2
print(t0)
t0 = 0
s1 = t0
v69_1 = s1
      return v69_1

func E_getArray()
s4_stack = s4
t0 = a2
t0 = [t0 + 12]
s4 = t0
v70_2 = s4
s4 = s4_stack
      return v70_2

func E_setArray()
s10_stack = s10
t1 = a2
t0 = a3
[t1 + 12] = t0
t0 = 1
s10 = t0
v71_3 = s10
s10 = s10_stack
      return v71_3

func E_calculate()
s3_stack = s3
s4_stack = s4
s11_stack = s11
s5_stack = s5
s6_stack = s6
s10_stack = s10
s7_stack = s7
s8_stack = s8
s9_stack = s9
s1_stack = s1
s2_stack = s2
t0 = 0
s7 = t0
t0 = s7
result_4 = t0
t0 = 10
s5 = t0
t0 = 1
s8 = t0
t0 = 4
s11 = t0
t0 = s5
t1 = s8
t0 = t0 + t1
s6 = t0
t0 = s6
t1 = s11
t0 = t0 * t1
s6 = t0
t0 = s6
t0 = alloc(t0)
s9 = t0
t0 = s9
if0 t0 goto lbl_NullPtr_78
goto lbl_GoodPtr_79
lbl_NullPtr_78:
error("null pointer")
lbl_GoodPtr_79:
t1 = s9
t0 = s5
[t1 + 0] = t0
t1 = a2
t0 = s9
[t1 + 12] = t0
t0 = 0
s2 = t0
t0 = s2
i_4 = t0
lbl_While_81:
t0 = a2
t0 = [t0 + 12]
s4 = t0
t0 = s4
t0 = [t0 + 0]
s10 = t0
t0 = i_4
t1 = s10
t0 = t0 < t1
s7 = t0
t0 = s7
if0 t0 goto lbl_WhileExit_82
t0 = a2
t0 = [t0 + 12]
s8 = t0
t0 = 2
s11 = t0
t0 = i_4
t1 = s11
t0 = t0 * t1
s6 = t0
t0 = 4
s5 = t0
t0 = 5
s9 = t0
t0 = s5
t1 = s9
t0 = t0 - t1
s2 = t0
t0 = s8
t0 = [t0 + 0]
t3 = t0
t0 = s2
t1 = i_4
t0 = t0 < t1
t5 = t0
t0 = i_4
t1 = t3
t0 = t0 < t1
t4 = t0
t0 = t5
t1 = t4
t0 = t0 * t1
t2 = t0
t0 = t2
if0 t0 goto lbl_OutOfBounds_96
goto lbl_Inbound_97
lbl_OutOfBounds_96:
error("array index out of bounds")
lbl_Inbound_97:
t0 = s5
t1 = i_4
t0 = t0 * t1
s3 = t0
t0 = s3
t1 = s5
t0 = t0 + t1
s3 = t0
t0 = s8
t1 = s3
t0 = t0 + t1
s3 = t0
t1 = s3
t0 = s6
[t1 + 0] = t0
t0 = 1
s1 = t0
t0 = i_4
t1 = s1
t0 = t0 + t1
v99_4 = t0
t0 = v99_4
i_4 = t0
goto lbl_While_81
lbl_WhileExit_82:
t0 = 0
s4 = t0
t0 = s4
i_4 = t0
lbl_While_102:
t0 = a2
t0 = [t0 + 12]
s10 = t0
t0 = s10
t0 = [t0 + 0]
s7 = t0
t0 = i_4
t1 = s7
t0 = t0 < t1
s8 = t0
t0 = s8
if0 t0 goto lbl_WhileExit_103
t0 = a2
t0 = [t0 + 12]
s11 = t0
t0 = 4
s6 = t0
t0 = 5
s5 = t0
t0 = s6
t1 = s5
t0 = t0 - t1
s9 = t0
t0 = s11
t0 = [t0 + 0]
s2 = t0
t0 = s9
t1 = i_4
t0 = t0 < t1
s3 = t0
t0 = i_4
t1 = s2
t0 = t0 < t1
s1 = t0
t0 = s3
t1 = s1
t0 = t0 * t1
s4 = t0
t0 = s4
if0 t0 goto lbl_OutOfBounds_116
goto lbl_Inbound_117
lbl_OutOfBounds_116:
error("array index out of bounds")
lbl_Inbound_117:
t0 = s6
t1 = i_4
t0 = t0 * t1
t3 = t0
t0 = t3
t1 = s6
t0 = t0 + t1
t3 = t0
t0 = s11
t1 = t3
t0 = t0 + t1
t3 = t0
t0 = t3
t0 = [t0 + 0]
t5 = t0
t0 = result_4
t1 = t5
t0 = t0 + t1
t4 = t0
t0 = t4
result_4 = t0
t0 = 1
t2 = t0
t0 = i_4
t1 = t2
t0 = t0 + t1
v120_4 = t0
t0 = v120_4
i_4 = t0
goto lbl_While_102
lbl_WhileExit_103:
s3 = s3_stack
s4 = s4_stack
s11 = s11_stack
s5 = s5_stack
s6 = s6_stack
s10 = s10_stack
s7 = s7_stack
s8 = s8_stack
s9 = s9_stack
s1 = s1_stack
s2 = s2_stack
      return result_4

func D_setDepArray()
s10_stack = s10
t1 = a2
t0 = a3
[t1 + 28] = t0
t0 = 1
s10 = t0
v122_5 = s10
s10 = s10_stack
      return v122_5

func D_calculate()
s3_stack = s3
s4_stack = s4
s11_stack = s11
s5_stack = s5
s6_stack = s6
s10_stack = s10
s7_stack = s7
s8_stack = s8
s9_stack = s9
s1_stack = s1
s2_stack = s2
t0 = 1
s7 = t0
t0 = s7
result_6 = t0
t0 = 10
s11 = t0
t0 = 1
s6 = t0
t0 = 4
s5 = t0
t0 = s11
t1 = s6
t0 = t0 + t1
s9 = t0
t0 = s9
t1 = s5
t0 = t0 * t1
s9 = t0
t0 = s9
t0 = alloc(t0)
s2 = t0
t0 = s2
if0 t0 goto lbl_NullPtr_129
goto lbl_GoodPtr_130
lbl_NullPtr_129:
error("null pointer")
lbl_GoodPtr_130:
t1 = s2
t0 = s11
[t1 + 0] = t0
t1 = a2
t0 = s2
[t1 + 12] = t0
t0 = 10
s3 = t0
t0 = 1
s1 = t0
t0 = 4
s4 = t0
t0 = s3
t1 = s1
t0 = t0 + t1
s10 = t0
t0 = s10
t1 = s4
t0 = t0 * t1
s10 = t0
t0 = s10
t0 = alloc(t0)
s7 = t0
t0 = s7
if0 t0 goto lbl_NullPtr_136
goto lbl_GoodPtr_137
lbl_NullPtr_136:
error("null pointer")
lbl_GoodPtr_137:
t1 = s7
t0 = s3
[t1 + 0] = t0
t1 = a2
t0 = s7
[t1 + 28] = t0
t0 = 0
s6 = t0
t0 = s6
i_6 = t0
lbl_While_139:
t0 = a2
t0 = [t0 + 12]
s9 = t0
t0 = s9
t0 = [t0 + 0]
s11 = t0
t0 = i_6
t1 = s11
t0 = t0 < t1
s2 = t0
t0 = s2
if0 t0 goto lbl_WhileExit_140
t0 = a2
t0 = [t0 + 12]
s1 = t0
t0 = 3
s4 = t0
t0 = i_6
t1 = s4
t0 = t0 * t1
s10 = t0
t0 = 4
s3 = t0
t0 = 5
s7 = t0
t0 = s3
t1 = s7
t0 = t0 - t1
s6 = t0
t0 = s1
t0 = [t0 + 0]
t3 = t0
t0 = s6
t1 = i_6
t0 = t0 < t1
t5 = t0
t0 = i_6
t1 = t3
t0 = t0 < t1
t4 = t0
t0 = t5
t1 = t4
t0 = t0 * t1
t2 = t0
t0 = t2
if0 t0 goto lbl_OutOfBounds_154
goto lbl_Inbound_155
lbl_OutOfBounds_154:
error("array index out of bounds")
lbl_Inbound_155:
t0 = s3
t1 = i_6
t0 = t0 * t1
s8 = t0
t0 = s8
t1 = s3
t0 = t0 + t1
s8 = t0
t0 = s1
t1 = s8
t0 = t0 + t1
s8 = t0
t1 = s8
t0 = s10
[t1 + 0] = t0
t0 = a2
t0 = [t0 + 28]
s5 = t0
t0 = a2
t0 = [t0 + 12]
v158_6 = t0
t0 = 4
v159_6 = t0
t0 = 5
v160_6 = t0
t0 = v159_6
t1 = v160_6
t0 = t0 - t1
v161_6 = t0
t0 = v158_6
t0 = [t0 + 0]
v162_6 = t0
t0 = v161_6
t1 = i_6
t0 = t0 < t1
v163_6 = t0
t0 = i_6
t1 = v162_6
t0 = t0 < t1
v164_6 = t0
t0 = v163_6
t1 = v164_6
t0 = t0 * t1
v165_6 = t0
t0 = v165_6
if0 t0 goto lbl_OutOfBounds_166
goto lbl_Inbound_167
lbl_OutOfBounds_166:
error("array index out of bounds")
lbl_Inbound_167:
t0 = v159_6
t1 = i_6
t0 = t0 * t1
v168_6 = t0
t0 = v168_6
t1 = v159_6
t0 = t0 + t1
v168_6 = t0
t0 = v158_6
t1 = v168_6
t0 = t0 + t1
v168_6 = t0
t0 = v168_6
t0 = [t0 + 0]
v169_6 = t0
t0 = 4
v170_6 = t0
t0 = 5
v171_6 = t0
t0 = v170_6
t1 = v171_6
t0 = t0 - t1
v172_6 = t0
t0 = s5
t0 = [t0 + 0]
v173_6 = t0
t0 = v172_6
t1 = i_6
t0 = t0 < t1
v174_6 = t0
t0 = i_6
t1 = v173_6
t0 = t0 < t1
v175_6 = t0
t0 = v174_6
t1 = v175_6
t0 = t0 * t1
v176_6 = t0
t0 = v176_6
if0 t0 goto lbl_OutOfBounds_177
goto lbl_Inbound_178
lbl_OutOfBounds_177:
error("array index out of bounds")
lbl_Inbound_178:
t0 = v170_6
t1 = i_6
t0 = t0 * t1
v179_6 = t0
t0 = v179_6
t1 = v170_6
t0 = t0 + t1
v179_6 = t0
t0 = s5
t1 = v179_6
t0 = t0 + t1
v179_6 = t0
t1 = v179_6
t0 = v169_6
[t1 + 0] = t0
t0 = 1
v181_6 = t0
t0 = i_6
t1 = v181_6
t0 = t0 + t1
v180_6 = t0
t0 = v180_6
i_6 = t0
goto lbl_While_139
lbl_WhileExit_140:
t0 = 0
s9 = t0
t0 = s9
i_6 = t0
lbl_While_183:
t0 = a2
t0 = [t0 + 12]
s11 = t0
t0 = s11
t0 = [t0 + 0]
s2 = t0
t0 = i_6
t1 = s2
t0 = t0 < t1
s1 = t0
t0 = s1
if0 t0 goto lbl_WhileExit_184
t0 = a2
t0 = [t0 + 28]
s4 = t0
t0 = 4
s10 = t0
t0 = 5
s3 = t0
t0 = s10
t1 = s3
t0 = t0 - t1
s7 = t0
t0 = s4
t0 = [t0 + 0]
s6 = t0
t0 = s7
t1 = i_6
t0 = t0 < t1
s8 = t0
t0 = i_6
t1 = s6
t0 = t0 < t1
s5 = t0
t0 = s8
t1 = s5
t0 = t0 * t1
s9 = t0
t0 = s9
if0 t0 goto lbl_OutOfBounds_197
goto lbl_Inbound_198
lbl_OutOfBounds_197:
error("array index out of bounds")
lbl_Inbound_198:
t0 = s10
t1 = i_6
t0 = t0 * t1
t3 = t0
t0 = t3
t1 = s10
t0 = t0 + t1
t3 = t0
t0 = s4
t1 = t3
t0 = t0 + t1
t3 = t0
t0 = t3
t0 = [t0 + 0]
t5 = t0
t0 = result_6
t1 = t5
t0 = t0 * t1
t4 = t0
t0 = t4
result_6 = t0
t0 = 1
t2 = t0
t0 = i_6
t1 = t2
t0 = t0 + t1
v201_6 = t0
t0 = v201_6
i_6 = t0
goto lbl_While_183
lbl_WhileExit_184:
s3 = s3_stack
s4 = s4_stack
s11 = s11_stack
s5 = s5_stack
s6 = s6_stack
s10 = s10_stack
s7 = s7_stack
s8 = s8_stack
s9 = s9_stack
s1 = s1_stack
s2 = s2_stack
      return result_6

func C_setDepArray()
s11_stack = s11
t1 = a2
t0 = a3
[t1 + 32] = t0
t0 = 1
s11 = t0
v203_7 = s11
s11 = s11_stack
      return v203_7

func C_calculate()
s3_stack = s3
s4_stack = s4
s11_stack = s11
s5_stack = s5
s10_stack = s10
s6_stack = s6
s7_stack = s7
s8_stack = s8
s9_stack = s9
s1_stack = s1
s2_stack = s2
t0 = 0
s2 = t0
t0 = s2
result_8 = t0
t0 = 10
s4 = t0
t0 = 1
s10 = t0
t0 = 4
s3 = t0
t0 = s4
t1 = s10
t0 = t0 + t1
s7 = t0
t0 = s7
t1 = s3
t0 = t0 * t1
s7 = t0
t0 = s7
t0 = alloc(t0)
s6 = t0
t0 = s6
if0 t0 goto lbl_NullPtr_210
goto lbl_GoodPtr_211
lbl_NullPtr_210:
error("null pointer")
lbl_GoodPtr_211:
t1 = s6
t0 = s4
[t1 + 0] = t0
t1 = a2
t0 = s6
[t1 + 12] = t0
t0 = 10
s8 = t0
t0 = 1
s5 = t0
t0 = 4
s9 = t0
t0 = s8
t1 = s5
t0 = t0 + t1
s11 = t0
t0 = s11
t1 = s9
t0 = t0 * t1
s11 = t0
t0 = s11
t0 = alloc(t0)
s2 = t0
t0 = s2
if0 t0 goto lbl_NullPtr_217
goto lbl_GoodPtr_218
lbl_NullPtr_217:
error("null pointer")
lbl_GoodPtr_218:
t1 = s2
t0 = s8
[t1 + 0] = t0
t1 = a2
t0 = s2
[t1 + 32] = t0
t0 = 0
s10 = t0
t0 = s10
i_8 = t0
lbl_While_220:
t0 = a2
t0 = [t0 + 12]
s7 = t0
t0 = s7
t0 = [t0 + 0]
s4 = t0
t0 = i_8
t1 = s4
t0 = t0 < t1
s6 = t0
t0 = s6
if0 t0 goto lbl_WhileExit_221
t0 = a2
t0 = [t0 + 12]
s5 = t0
t0 = 4
s9 = t0
t0 = i_8
t1 = s9
t0 = t0 * t1
s11 = t0
t0 = 4
s8 = t0
t0 = 5
s2 = t0
t0 = s8
t1 = s2
t0 = t0 - t1
s10 = t0
t0 = s5
t0 = [t0 + 0]
t3 = t0
t0 = s10
t1 = i_8
t0 = t0 < t1
t5 = t0
t0 = i_8
t1 = t3
t0 = t0 < t1
t4 = t0
t0 = t5
t1 = t4
t0 = t0 * t1
t2 = t0
t0 = t2
if0 t0 goto lbl_OutOfBounds_235
goto lbl_Inbound_236
lbl_OutOfBounds_235:
error("array index out of bounds")
lbl_Inbound_236:
t0 = s8
t1 = i_8
t0 = t0 * t1
s1 = t0
t0 = s1
t1 = s8
t0 = t0 + t1
s1 = t0
t0 = s5
t1 = s1
t0 = t0 + t1
s1 = t0
t1 = s1
t0 = s11
[t1 + 0] = t0
t0 = a2
t0 = [t0 + 32]
s3 = t0
t0 = a2
t0 = [t0 + 12]
v239_8 = t0
t0 = 4
v240_8 = t0
t0 = 5
v241_8 = t0
t0 = v240_8
t1 = v241_8
t0 = t0 - t1
v242_8 = t0
t0 = v239_8
t0 = [t0 + 0]
v243_8 = t0
t0 = v242_8
t1 = i_8
t0 = t0 < t1
v244_8 = t0
t0 = i_8
t1 = v243_8
t0 = t0 < t1
v245_8 = t0
t0 = v244_8
t1 = v245_8
t0 = t0 * t1
v246_8 = t0
t0 = v246_8
if0 t0 goto lbl_OutOfBounds_247
goto lbl_Inbound_248
lbl_OutOfBounds_247:
error("array index out of bounds")
lbl_Inbound_248:
t0 = v240_8
t1 = i_8
t0 = t0 * t1
v249_8 = t0
t0 = v249_8
t1 = v240_8
t0 = t0 + t1
v249_8 = t0
t0 = v239_8
t1 = v249_8
t0 = t0 + t1
v249_8 = t0
t0 = v249_8
t0 = [t0 + 0]
v250_8 = t0
t0 = 4
v251_8 = t0
t0 = 5
v252_8 = t0
t0 = v251_8
t1 = v252_8
t0 = t0 - t1
v253_8 = t0
t0 = s3
t0 = [t0 + 0]
v254_8 = t0
t0 = v253_8
t1 = i_8
t0 = t0 < t1
v255_8 = t0
t0 = i_8
t1 = v254_8
t0 = t0 < t1
v256_8 = t0
t0 = v255_8
t1 = v256_8
t0 = t0 * t1
v257_8 = t0
t0 = v257_8
if0 t0 goto lbl_OutOfBounds_258
goto lbl_Inbound_259
lbl_OutOfBounds_258:
error("array index out of bounds")
lbl_Inbound_259:
t0 = v251_8
t1 = i_8
t0 = t0 * t1
v260_8 = t0
t0 = v260_8
t1 = v251_8
t0 = t0 + t1
v260_8 = t0
t0 = s3
t1 = v260_8
t0 = t0 + t1
v260_8 = t0
t1 = v260_8
t0 = v250_8
[t1 + 0] = t0
t0 = 1
v262_8 = t0
t0 = i_8
t1 = v262_8
t0 = t0 + t1
v261_8 = t0
t0 = v261_8
i_8 = t0
goto lbl_While_220
lbl_WhileExit_221:
t0 = 0
s7 = t0
t0 = s7
i_8 = t0
lbl_While_264:
t0 = a2
t0 = [t0 + 12]
s4 = t0
t0 = s4
t0 = [t0 + 0]
s6 = t0
t0 = i_8
t1 = s6
t0 = t0 < t1
s5 = t0
t0 = s5
if0 t0 goto lbl_WhileExit_265
t0 = 0
s9 = t0
t0 = s9
s11 = t0
lbl_While_270:
t0 = a2
t0 = [t0 + 32]
s8 = t0
t0 = s8
t0 = [t0 + 0]
s2 = t0
t0 = s11
t1 = s2
t0 = t0 < t1
s10 = t0
t0 = s10
if0 t0 goto lbl_WhileExit_271
t0 = a2
t0 = [t0 + 12]
s1 = t0
t0 = 4
s3 = t0
t0 = 5
s7 = t0
t0 = s3
t1 = s7
t0 = t0 - t1
t3 = t0
t0 = s1
t0 = [t0 + 0]
t5 = t0
t0 = t3
t1 = i_8
t0 = t0 < t1
t4 = t0
t0 = i_8
t1 = t5
t0 = t0 < t1
t2 = t0
t0 = t4
t1 = t2
t0 = t0 * t1
v284_8 = t0
t0 = v284_8
if0 t0 goto lbl_OutOfBounds_285
goto lbl_Inbound_286
lbl_OutOfBounds_285:
error("array index out of bounds")
lbl_Inbound_286:
t0 = s3
t1 = i_8
t0 = t0 * t1
v287_8 = t0
t0 = v287_8
t1 = s3
t0 = t0 + t1
v287_8 = t0
t0 = s1
t1 = v287_8
t0 = t0 + t1
v287_8 = t0
t0 = v287_8
t0 = [t0 + 0]
v288_8 = t0
t0 = a2
t0 = [t0 + 32]
v289_8 = t0
t0 = 4
v290_8 = t0
t0 = 5
v291_8 = t0
t0 = v290_8
t1 = v291_8
t0 = t0 - t1
v292_8 = t0
t0 = v289_8
t0 = [t0 + 0]
v293_8 = t0
t0 = v292_8
t1 = s11
t0 = t0 < t1
v294_8 = t0
t0 = s11
t1 = v293_8
t0 = t0 < t1
v295_8 = t0
t0 = v294_8
t1 = v295_8
t0 = t0 * t1
v296_8 = t0
t0 = v296_8
if0 t0 goto lbl_OutOfBounds_297
goto lbl_Inbound_298
lbl_OutOfBounds_297:
error("array index out of bounds")
lbl_Inbound_298:
t0 = v290_8
t1 = s11
t0 = t0 * t1
v299_8 = t0
t0 = v299_8
t1 = v290_8
t0 = t0 + t1
v299_8 = t0
t0 = v289_8
t1 = v299_8
t0 = t0 + t1
v299_8 = t0
t0 = v299_8
t0 = [t0 + 0]
v300_8 = t0
t0 = v288_8
t1 = v300_8
t0 = t0 + t1
v276_8 = t0
t0 = result_8
t1 = v276_8
t0 = t0 + t1
v275_8 = t0
t0 = v275_8
result_8 = t0
t0 = 1
v302_8 = t0
t0 = s11
t1 = v302_8
t0 = t0 + t1
v301_8 = t0
t0 = v301_8
s11 = t0
goto lbl_While_270
lbl_WhileExit_271:
t0 = 1
v304_8 = t0
t0 = i_8
t1 = v304_8
t0 = t0 + t1
v303_8 = t0
t0 = v303_8
i_8 = t0
goto lbl_While_264
lbl_WhileExit_265:
s3 = s3_stack
s4 = s4_stack
s11 = s11_stack
s5 = s5_stack
s10 = s10_stack
s6 = s6_stack
s7 = s7_stack
s8 = s8_stack
s9 = s9_stack
s1 = s1_stack
s2 = s2_stack
      return result_8

func B_setDepArray()
s4_stack = s4
t1 = a2
t0 = a3
[t1 + 36] = t0
t0 = 1
s4 = t0
v305_9 = s4
s4 = s4_stack
      return v305_9

func B_calculate()
s3_stack = s3
s4_stack = s4
s11_stack = s11
s5_stack = s5
s10_stack = s10
s6_stack = s6
s7_stack = s7
s8_stack = s8
s9_stack = s9
s1_stack = s1
s2_stack = s2
t0 = 1
s6 = t0
t0 = s6
result_10 = t0
t0 = 10
s9 = t0
t0 = 1
s11 = t0
t0 = 4
s8 = t0
t0 = s9
t1 = s11
t0 = t0 + t1
s2 = t0
t0 = s2
t1 = s8
t0 = t0 * t1
s2 = t0
t0 = s2
t0 = alloc(t0)
s10 = t0
t0 = s10
if0 t0 goto lbl_NullPtr_312
goto lbl_GoodPtr_313
lbl_NullPtr_312:
error("null pointer")
lbl_GoodPtr_313:
t1 = s10
t0 = s9
[t1 + 0] = t0
t1 = a2
t0 = s10
[t1 + 12] = t0
t0 = 10
s1 = t0
t0 = 1
s3 = t0
t0 = 4
s7 = t0
t0 = s1
t1 = s3
t0 = t0 + t1
s4 = t0
t0 = s4
t1 = s7
t0 = t0 * t1
s4 = t0
t0 = s4
t0 = alloc(t0)
s6 = t0
t0 = s6
if0 t0 goto lbl_NullPtr_319
goto lbl_GoodPtr_320
lbl_NullPtr_319:
error("null pointer")
lbl_GoodPtr_320:
t1 = s6
t0 = s1
[t1 + 0] = t0
t1 = a2
t0 = s6
[t1 + 36] = t0
t0 = 0
s11 = t0
t0 = s11
i_10 = t0
lbl_While_322:
t0 = a2
t0 = [t0 + 12]
s2 = t0
t0 = s2
t0 = [t0 + 0]
s9 = t0
t0 = i_10
t1 = s9
t0 = t0 < t1
s10 = t0
t0 = s10
if0 t0 goto lbl_WhileExit_323
t0 = a2
t0 = [t0 + 12]
s3 = t0
t0 = 5
s7 = t0
t0 = i_10
t1 = s7
t0 = t0 * t1
s4 = t0
t0 = 4
s1 = t0
t0 = 5
s6 = t0
t0 = s1
t1 = s6
t0 = t0 - t1
s11 = t0
t0 = s3
t0 = [t0 + 0]
t3 = t0
t0 = s11
t1 = i_10
t0 = t0 < t1
t5 = t0
t0 = i_10
t1 = t3
t0 = t0 < t1
t4 = t0
t0 = t5
t1 = t4
t0 = t0 * t1
t2 = t0
t0 = t2
if0 t0 goto lbl_OutOfBounds_337
goto lbl_Inbound_338
lbl_OutOfBounds_337:
error("array index out of bounds")
lbl_Inbound_338:
t0 = s1
t1 = i_10
t0 = t0 * t1
s5 = t0
t0 = s5
t1 = s1
t0 = t0 + t1
s5 = t0
t0 = s3
t1 = s5
t0 = t0 + t1
s5 = t0
t1 = s5
t0 = s4
[t1 + 0] = t0
t0 = a2
t0 = [t0 + 36]
s8 = t0
t0 = a2
t0 = [t0 + 12]
v341_10 = t0
t0 = 4
v342_10 = t0
t0 = 5
v343_10 = t0
t0 = v342_10
t1 = v343_10
t0 = t0 - t1
v344_10 = t0
t0 = v341_10
t0 = [t0 + 0]
v345_10 = t0
t0 = v344_10
t1 = i_10
t0 = t0 < t1
v346_10 = t0
t0 = i_10
t1 = v345_10
t0 = t0 < t1
v347_10 = t0
t0 = v346_10
t1 = v347_10
t0 = t0 * t1
v348_10 = t0
t0 = v348_10
if0 t0 goto lbl_OutOfBounds_349
goto lbl_Inbound_350
lbl_OutOfBounds_349:
error("array index out of bounds")
lbl_Inbound_350:
t0 = v342_10
t1 = i_10
t0 = t0 * t1
v351_10 = t0
t0 = v351_10
t1 = v342_10
t0 = t0 + t1
v351_10 = t0
t0 = v341_10
t1 = v351_10
t0 = t0 + t1
v351_10 = t0
t0 = v351_10
t0 = [t0 + 0]
v352_10 = t0
t0 = 4
v353_10 = t0
t0 = 5
v354_10 = t0
t0 = v353_10
t1 = v354_10
t0 = t0 - t1
v355_10 = t0
t0 = s8
t0 = [t0 + 0]
v356_10 = t0
t0 = v355_10
t1 = i_10
t0 = t0 < t1
v357_10 = t0
t0 = i_10
t1 = v356_10
t0 = t0 < t1
v358_10 = t0
t0 = v357_10
t1 = v358_10
t0 = t0 * t1
v359_10 = t0
t0 = v359_10
if0 t0 goto lbl_OutOfBounds_360
goto lbl_Inbound_361
lbl_OutOfBounds_360:
error("array index out of bounds")
lbl_Inbound_361:
t0 = v353_10
t1 = i_10
t0 = t0 * t1
v362_10 = t0
t0 = v362_10
t1 = v353_10
t0 = t0 + t1
v362_10 = t0
t0 = s8
t1 = v362_10
t0 = t0 + t1
v362_10 = t0
t1 = v362_10
t0 = v352_10
[t1 + 0] = t0
t0 = 1
v364_10 = t0
t0 = i_10
t1 = v364_10
t0 = t0 + t1
v363_10 = t0
t0 = v363_10
i_10 = t0
goto lbl_While_322
lbl_WhileExit_323:
t0 = 0
s2 = t0
t0 = s2
i_10 = t0
lbl_While_366:
t0 = a2
t0 = [t0 + 12]
s9 = t0
t0 = s9
t0 = [t0 + 0]
s10 = t0
t0 = i_10
t1 = s10
t0 = t0 < t1
s3 = t0
t0 = s3
if0 t0 goto lbl_WhileExit_367
t0 = 0
s7 = t0
t0 = s7
s4 = t0
lbl_While_372:
t0 = a2
t0 = [t0 + 36]
s1 = t0
t0 = s1
t0 = [t0 + 0]
s6 = t0
t0 = s4
t1 = s6
t0 = t0 < t1
s11 = t0
t0 = s11
if0 t0 goto lbl_WhileExit_373
t0 = a2
t0 = [t0 + 12]
s5 = t0
t0 = 4
s8 = t0
t0 = 5
s2 = t0
t0 = s8
t1 = s2
t0 = t0 - t1
t3 = t0
t0 = s5
t0 = [t0 + 0]
t5 = t0
t0 = t3
t1 = i_10
t0 = t0 < t1
t4 = t0
t0 = i_10
t1 = t5
t0 = t0 < t1
t2 = t0
t0 = t4
t1 = t2
t0 = t0 * t1
v386_10 = t0
t0 = v386_10
if0 t0 goto lbl_OutOfBounds_387
goto lbl_Inbound_388
lbl_OutOfBounds_387:
error("array index out of bounds")
lbl_Inbound_388:
t0 = s8
t1 = i_10
t0 = t0 * t1
v389_10 = t0
t0 = v389_10
t1 = s8
t0 = t0 + t1
v389_10 = t0
t0 = s5
t1 = v389_10
t0 = t0 + t1
v389_10 = t0
t0 = v389_10
t0 = [t0 + 0]
v390_10 = t0
t0 = a2
t0 = [t0 + 36]
v391_10 = t0
t0 = 4
v392_10 = t0
t0 = 5
v393_10 = t0
t0 = v392_10
t1 = v393_10
t0 = t0 - t1
v394_10 = t0
t0 = v391_10
t0 = [t0 + 0]
v395_10 = t0
t0 = v394_10
t1 = s4
t0 = t0 < t1
v396_10 = t0
t0 = s4
t1 = v395_10
t0 = t0 < t1
v397_10 = t0
t0 = v396_10
t1 = v397_10
t0 = t0 * t1
v398_10 = t0
t0 = v398_10
if0 t0 goto lbl_OutOfBounds_399
goto lbl_Inbound_400
lbl_OutOfBounds_399:
error("array index out of bounds")
lbl_Inbound_400:
t0 = v392_10
t1 = s4
t0 = t0 * t1
v401_10 = t0
t0 = v401_10
t1 = v392_10
t0 = t0 + t1
v401_10 = t0
t0 = v391_10
t1 = v401_10
t0 = t0 + t1
v401_10 = t0
t0 = v401_10
t0 = [t0 + 0]
v402_10 = t0
t0 = v390_10
t1 = v402_10
t0 = t0 - t1
v378_10 = t0
t0 = result_10
t1 = v378_10
t0 = t0 * t1
v377_10 = t0
t0 = v377_10
result_10 = t0
t0 = 1
v404_10 = t0
t0 = s4
t1 = v404_10
t0 = t0 + t1
v403_10 = t0
t0 = v403_10
s4 = t0
goto lbl_While_372
lbl_WhileExit_373:
t0 = 1
v406_10 = t0
t0 = i_10
t1 = v406_10
t0 = t0 + t1
v405_10 = t0
t0 = v405_10
i_10 = t0
goto lbl_While_366
lbl_WhileExit_367:
s3 = s3_stack
s4 = s4_stack
s11 = s11_stack
s5 = s5_stack
s10 = s10_stack
s6 = s6_stack
s7 = s7_stack
s8 = s8_stack
s9 = s9_stack
s1 = s1_stack
s2 = s2_stack
      return result_10

func A_setDepArray()
s9_stack = s9
t1 = a2
t0 = a3
[t1 + 40] = t0
t0 = 1
s9 = t0
v407_11 = s9
s9 = s9_stack
      return v407_11

func A_calculate()
s3_stack = s3
s4_stack = s4
s11_stack = s11
s5_stack = s5
s6_stack = s6
s10_stack = s10
s7_stack = s7
s8_stack = s8
s9_stack = s9
s1_stack = s1
s2_stack = s2
t0 = 0
s10 = t0
t0 = s10
result_12 = t0
t0 = 10
s7 = t0
t0 = 1
s4 = t0
t0 = 4
s1 = t0
t0 = s7
t1 = s4
t0 = t0 + t1
s6 = t0
t0 = s6
t1 = s1
t0 = t0 * t1
s6 = t0
t0 = s6
t0 = alloc(t0)
s11 = t0
t0 = s11
if0 t0 goto lbl_NullPtr_414
goto lbl_GoodPtr_415
lbl_NullPtr_414:
error("null pointer")
lbl_GoodPtr_415:
t1 = s11
t0 = s7
[t1 + 0] = t0
t1 = a2
t0 = s11
[t1 + 12] = t0
t0 = 10
s5 = t0
t0 = 1
s8 = t0
t0 = 4
s2 = t0
t0 = s5
t1 = s8
t0 = t0 + t1
s9 = t0
t0 = s9
t1 = s2
t0 = t0 * t1
s9 = t0
t0 = s9
t0 = alloc(t0)
s10 = t0
t0 = s10
if0 t0 goto lbl_NullPtr_421
goto lbl_GoodPtr_422
lbl_NullPtr_421:
error("null pointer")
lbl_GoodPtr_422:
t1 = s10
t0 = s5
[t1 + 0] = t0
t1 = a2
t0 = s10
[t1 + 40] = t0
t0 = 0
s4 = t0
t0 = s4
i_12 = t0
lbl_While_424:
t0 = a2
t0 = [t0 + 12]
s6 = t0
t0 = s6
t0 = [t0 + 0]
s7 = t0
t0 = i_12
t1 = s7
t0 = t0 < t1
s11 = t0
t0 = s11
if0 t0 goto lbl_WhileExit_425
t0 = a2
t0 = [t0 + 12]
s8 = t0
t0 = 6
s2 = t0
t0 = i_12
t1 = s2
t0 = t0 * t1
s9 = t0
t0 = 4
s5 = t0
t0 = 5
s10 = t0
t0 = s5
t1 = s10
t0 = t0 - t1
s4 = t0
t0 = s8
t0 = [t0 + 0]
t3 = t0
t0 = s4
t1 = i_12
t0 = t0 < t1
t5 = t0
t0 = i_12
t1 = t3
t0 = t0 < t1
t4 = t0
t0 = t5
t1 = t4
t0 = t0 * t1
t2 = t0
t0 = t2
if0 t0 goto lbl_OutOfBounds_439
goto lbl_Inbound_440
lbl_OutOfBounds_439:
error("array index out of bounds")
lbl_Inbound_440:
t0 = s5
t1 = i_12
t0 = t0 * t1
s3 = t0
t0 = s3
t1 = s5
t0 = t0 + t1
s3 = t0
t0 = s8
t1 = s3
t0 = t0 + t1
s3 = t0
t1 = s3
t0 = s9
[t1 + 0] = t0
t0 = a2
t0 = [t0 + 40]
s1 = t0
t0 = a2
t0 = [t0 + 12]
v443_12 = t0
t0 = 4
v444_12 = t0
t0 = 5
v445_12 = t0
t0 = v444_12
t1 = v445_12
t0 = t0 - t1
v446_12 = t0
t0 = v443_12
t0 = [t0 + 0]
v447_12 = t0
t0 = v446_12
t1 = i_12
t0 = t0 < t1
v448_12 = t0
t0 = i_12
t1 = v447_12
t0 = t0 < t1
v449_12 = t0
t0 = v448_12
t1 = v449_12
t0 = t0 * t1
v450_12 = t0
t0 = v450_12
if0 t0 goto lbl_OutOfBounds_451
goto lbl_Inbound_452
lbl_OutOfBounds_451:
error("array index out of bounds")
lbl_Inbound_452:
t0 = v444_12
t1 = i_12
t0 = t0 * t1
v453_12 = t0
t0 = v453_12
t1 = v444_12
t0 = t0 + t1
v453_12 = t0
t0 = v443_12
t1 = v453_12
t0 = t0 + t1
v453_12 = t0
t0 = v453_12
t0 = [t0 + 0]
v454_12 = t0
t0 = 4
v455_12 = t0
t0 = 5
v456_12 = t0
t0 = v455_12
t1 = v456_12
t0 = t0 - t1
v457_12 = t0
t0 = s1
t0 = [t0 + 0]
v458_12 = t0
t0 = v457_12
t1 = i_12
t0 = t0 < t1
v459_12 = t0
t0 = i_12
t1 = v458_12
t0 = t0 < t1
v460_12 = t0
t0 = v459_12
t1 = v460_12
t0 = t0 * t1
v461_12 = t0
t0 = v461_12
if0 t0 goto lbl_OutOfBounds_462
goto lbl_Inbound_463
lbl_OutOfBounds_462:
error("array index out of bounds")
lbl_Inbound_463:
t0 = v455_12
t1 = i_12
t0 = t0 * t1
v464_12 = t0
t0 = v464_12
t1 = v455_12
t0 = t0 + t1
v464_12 = t0
t0 = s1
t1 = v464_12
t0 = t0 + t1
v464_12 = t0
t1 = v464_12
t0 = v454_12
[t1 + 0] = t0
t0 = 1
v466_12 = t0
t0 = i_12
t1 = v466_12
t0 = t0 + t1
v465_12 = t0
t0 = v465_12
i_12 = t0
goto lbl_While_424
lbl_WhileExit_425:
t0 = 0
s6 = t0
t0 = s6
i_12 = t0
lbl_While_468:
t0 = a2
t0 = [t0 + 12]
s7 = t0
t0 = s7
t0 = [t0 + 0]
s11 = t0
t0 = i_12
t1 = s11
t0 = t0 < t1
s8 = t0
t0 = s8
if0 t0 goto lbl_WhileExit_469
t0 = 0
s2 = t0
t0 = s2
s9 = t0
lbl_While_474:
t0 = a2
t0 = [t0 + 40]
s5 = t0
t0 = s5
t0 = [t0 + 0]
s10 = t0
t0 = s9
t1 = s10
t0 = t0 < t1
s4 = t0
t0 = s4
if0 t0 goto lbl_WhileExit_475
t0 = a2
t0 = [t0 + 12]
s3 = t0
t0 = 4
s1 = t0
t0 = 5
s6 = t0
t0 = s1
t1 = s6
t0 = t0 - t1
t3 = t0
t0 = s3
t0 = [t0 + 0]
t5 = t0
t0 = t3
t1 = i_12
t0 = t0 < t1
t4 = t0
t0 = i_12
t1 = t5
t0 = t0 < t1
t2 = t0
t0 = t4
t1 = t2
t0 = t0 * t1
v488_12 = t0
t0 = v488_12
if0 t0 goto lbl_OutOfBounds_489
goto lbl_Inbound_490
lbl_OutOfBounds_489:
error("array index out of bounds")
lbl_Inbound_490:
t0 = s1
t1 = i_12
t0 = t0 * t1
v491_12 = t0
t0 = v491_12
t1 = s1
t0 = t0 + t1
v491_12 = t0
t0 = s3
t1 = v491_12
t0 = t0 + t1
v491_12 = t0
t0 = v491_12
t0 = [t0 + 0]
v492_12 = t0
t0 = a2
t0 = [t0 + 40]
v493_12 = t0
t0 = 4
v494_12 = t0
t0 = 5
v495_12 = t0
t0 = v494_12
t1 = v495_12
t0 = t0 - t1
v496_12 = t0
t0 = v493_12
t0 = [t0 + 0]
v497_12 = t0
t0 = v496_12
t1 = s9
t0 = t0 < t1
v498_12 = t0
t0 = s9
t1 = v497_12
t0 = t0 < t1
v499_12 = t0
t0 = v498_12
t1 = v499_12
t0 = t0 * t1
v500_12 = t0
t0 = v500_12
if0 t0 goto lbl_OutOfBounds_501
goto lbl_Inbound_502
lbl_OutOfBounds_501:
error("array index out of bounds")
lbl_Inbound_502:
t0 = v494_12
t1 = s9
t0 = t0 * t1
v503_12 = t0
t0 = v503_12
t1 = v494_12
t0 = t0 + t1
v503_12 = t0
t0 = v493_12
t1 = v503_12
t0 = t0 + t1
v503_12 = t0
t0 = v503_12
t0 = [t0 + 0]
v504_12 = t0
t0 = v492_12
t1 = v504_12
t0 = t0 * t1
v480_12 = t0
t0 = result_12
t1 = v480_12
t0 = t0 + t1
v479_12 = t0
t0 = v479_12
result_12 = t0
t0 = 1
v506_12 = t0
t0 = s9
t1 = v506_12
t0 = t0 + t1
v505_12 = t0
t0 = v505_12
s9 = t0
goto lbl_While_474
lbl_WhileExit_475:
t0 = 1
v508_12 = t0
t0 = i_12
t1 = v508_12
t0 = t0 + t1
v507_12 = t0
t0 = v507_12
i_12 = t0
goto lbl_While_468
lbl_WhileExit_469:
s3 = s3_stack
s4 = s4_stack
s11 = s11_stack
s5 = s5_stack
s6 = s6_stack
s10 = s10_stack
s7 = s7_stack
s8 = s8_stack
s9 = s9_stack
s1 = s1_stack
s2 = s2_stack
      return result_12


